../Drivers/STM32F3xx_HAL_Driver/Inc/stm32f3xx_ll_exti.h:1202:26:LL_EXTI_IsActiveFlag_0_31	16	static
../Drivers/STM32F3xx_HAL_Driver/Inc/stm32f3xx_ll_exti.h:1319:22:LL_EXTI_ClearFlag_0_31	16	static
../Drivers/STM32F3xx_HAL_Driver/Inc/stm32f3xx_ll_gpio.h:936:22:LL_GPIO_TogglePin	24	static
../Core/Src/stm32f3xx_it.c:70:6:NMI_Handler	4	static
../Core/Src/stm32f3xx_it.c:85:6:HardFault_Handler	4	static
../Core/Src/stm32f3xx_it.c:100:6:MemManage_Handler	4	static
../Core/Src/stm32f3xx_it.c:115:6:BusFault_Handler	4	static
../Core/Src/stm32f3xx_it.c:130:6:UsageFault_Handler	4	static
../Core/Src/stm32f3xx_it.c:145:6:SVC_Handler	4	static
../Core/Src/stm32f3xx_it.c:158:6:DebugMon_Handler	4	static
../Core/Src/stm32f3xx_it.c:171:6:PendSV_Handler	4	static
../Core/Src/stm32f3xx_it.c:184:6:SysTick_Handler	8	static
../Core/Src/stm32f3xx_it.c:205:6:EXTI3_IRQHandler	8	static
