15:33:23 **** Incremental Build of configuration Debug for project cad_mouse_vrs ****
make -j12 all 
arm-none-eabi-g++ "../Core/Drivers/tlv493/tlv493.cpp" -mcpu=cortex-m4 -std=gnu++14 -g3 -DDEBUG -DSTM32F303x8 -DUSE_FULL_LL_DRIVER -DHSE_VALUE=8000000 -DHSE_STARTUP_TIMEOUT=100 -DLSE_STARTUP_TIMEOUT=5000 -DLSE_VALUE=32768 -DEXTERNAL_CLOCK_VALUE=8000000 -DHSI_VALUE=8000000 -DLSI_VALUE=40000 -DVDD_VALUE=3300 -DPREFETCH_ENABLE=1 -c -I../Core/Inc -I../Drivers/STM32F3xx_HAL_Driver/Inc -I../Drivers/CMSIS/Device/ST/STM32F3xx/Include -I../Drivers/CMSIS/Include -O0 -ffunction-sections -fdata-sections -fno-exceptions -fno-rtti -fno-use-cxa-atexit -Wall -fstack-usage -fcyclomatic-complexity -MMD -MP -MF"Core/Drivers/tlv493/tlv493.d" -MT"Core/Drivers/tlv493/tlv493.o" --specs=nano.specs -mfpu=fpv4-sp-d16 -mfloat-abi=hard -mthumb -o "Core/Drivers/tlv493/tlv493.o"
arm-none-eabi-g++ -o "cad_mouse_vrs.elf" @"objects.list"   -mcpu=cortex-m4 -T"/home/laptop/school/VRS/cad_mouse_vrs/STM32F303K8TX_FLASH.ld" --specs=nosys.specs -Wl,-Map="cad_mouse_vrs.map" -Wl,--gc-sections -static --specs=nano.specs -mfpu=fpv4-sp-d16 -mfloat-abi=hard -mthumb -Wl,--start-group -lc -lm -lstdc++ -lsupc++ -Wl,--end-group
Finished building target: cad_mouse_vrs.elf
 
arm-none-eabi-size   cad_mouse_vrs.elf 
arm-none-eabi-objdump -h -S  cad_mouse_vrs.elf  > "cad_mouse_vrs.list"
   text	   data	    bss	    dec	    hex	filename
   7464	     12	   1564	   9040	   2350	cad_mouse_vrs.elf
Finished building: default.size.stdout
 
Finished building: cad_mouse_vrs.list
 
15:33:27 **** Incremental Build of configuration Debug for project cad_mouse_vrs ****
make -j12 all 
arm-none-eabi-size   cad_mouse_vrs.elf 
   text	   data	    bss	    dec	    hex	filename
   7464	     12	   1564	   9040	   2350	cad_mouse_vrs.elf
Finished building: default.size.stdout
 
