20:18:21 **** Build of configuration Debug for project vrs_cvicenie_4 ****
make -j12 all 
arm-none-eabi-gcc -mcpu=cortex-m4 -g3 -c -x assembler-with-cpp -MMD -MP -MF"Startup/startup_stm32f303k8tx.d" -MT"Startup/startup_stm32f303k8tx.o" --specs=nano.specs -mfpu=fpv4-sp-d16 -mfloat-abi=hard -mthumb -o "Startup/startup_stm32f303k8tx.o" "../Startup/startup_stm32f303k8tx.s"
arm-none-eabi-gcc "../Src/dma.c" -mcpu=cortex-m4 -std=gnu11 -g3 -DEXTERNAL_CLOCK_VALUE=8000000 -DHSE_VALUE=8000000 -DHSE_STARTUP_TIMEOUT=100 -DDEBUG -DLSE_STARTUP_TIMEOUT=5000 -DLSE_VALUE=32768 -DVDD_VALUE=3300 -DLSI_VALUE=40000 -DHSI_VALUE=8000000 -DSTM32F303x8 -DUSE_FULL_LL_DRIVER -DPREFETCH_ENABLE=1 -DPOLLING=1 -c -I../Inc -I../Drivers/CMSIS/Include -I../Drivers/STM32F3xx_HAL_Driver/Inc -I../Drivers/CMSIS/Device/ST/STM32F3xx/Include -O0 -ffunction-sections -fdata-sections -Wall -fstack-usage -fcyclomatic-complexity -MMD -MP -MF"Src/dma.d" -MT"Src/dma.o" --specs=nano.specs -mfpu=fpv4-sp-d16 -mfloat-abi=hard -mthumb -o "Src/dma.o"
arm-none-eabi-gcc "../Src/gpio.c" -mcpu=cortex-m4 -std=gnu11 -g3 -DEXTERNAL_CLOCK_VALUE=8000000 -DHSE_VALUE=8000000 -DHSE_STARTUP_TIMEOUT=100 -DDEBUG -DLSE_STARTUP_TIMEOUT=5000 -DLSE_VALUE=32768 -DVDD_VALUE=3300 -DLSI_VALUE=40000 -DHSI_VALUE=8000000 -DSTM32F303x8 -DUSE_FULL_LL_DRIVER -DPREFETCH_ENABLE=1 -DPOLLING=1 -c -I../Inc -I../Drivers/CMSIS/Include -I../Drivers/STM32F3xx_HAL_Driver/Inc -I../Drivers/CMSIS/Device/ST/STM32F3xx/Include -O0 -ffunction-sections -fdata-sections -Wall -fstack-usage -fcyclomatic-complexity -MMD -MP -MF"Src/gpio.d" -MT"Src/gpio.o" --specs=nano.specs -mfpu=fpv4-sp-d16 -mfloat-abi=hard -mthumb -o "Src/gpio.o"
arm-none-eabi-gcc "../Src/main.c" -mcpu=cortex-m4 -std=gnu11 -g3 -DEXTERNAL_CLOCK_VALUE=8000000 -DHSE_VALUE=8000000 -DHSE_STARTUP_TIMEOUT=100 -DDEBUG -DLSE_STARTUP_TIMEOUT=5000 -DLSE_VALUE=32768 -DVDD_VALUE=3300 -DLSI_VALUE=40000 -DHSI_VALUE=8000000 -DSTM32F303x8 -DUSE_FULL_LL_DRIVER -DPREFETCH_ENABLE=1 -DPOLLING=1 -c -I../Inc -I../Drivers/CMSIS/Include -I../Drivers/STM32F3xx_HAL_Driver/Inc -I../Drivers/CMSIS/Device/ST/STM32F3xx/Include -O0 -ffunction-sections -fdata-sections -Wall -fstack-usage -fcyclomatic-complexity -MMD -MP -MF"Src/main.d" -MT"Src/main.o" --specs=nano.specs -mfpu=fpv4-sp-d16 -mfloat-abi=hard -mthumb -o "Src/main.o"
arm-none-eabi-gcc "../Src/stm32f3xx_it.c" -mcpu=cortex-m4 -std=gnu11 -g3 -DEXTERNAL_CLOCK_VALUE=8000000 -DHSE_VALUE=8000000 -DHSE_STARTUP_TIMEOUT=100 -DDEBUG -DLSE_STARTUP_TIMEOUT=5000 -DLSE_VALUE=32768 -DVDD_VALUE=3300 -DLSI_VALUE=40000 -DHSI_VALUE=8000000 -DSTM32F303x8 -DUSE_FULL_LL_DRIVER -DPREFETCH_ENABLE=1 -DPOLLING=1 -c -I../Inc -I../Drivers/CMSIS/Include -I../Drivers/STM32F3xx_HAL_Driver/Inc -I../Drivers/CMSIS/Device/ST/STM32F3xx/Include -O0 -ffunction-sections -fdata-sections -Wall -fstack-usage -fcyclomatic-complexity -MMD -MP -MF"Src/stm32f3xx_it.d" -MT"Src/stm32f3xx_it.o" --specs=nano.specs -mfpu=fpv4-sp-d16 -mfloat-abi=hard -mthumb -o "Src/stm32f3xx_it.o"
arm-none-eabi-gcc "../Src/syscalls.c" -mcpu=cortex-m4 -std=gnu11 -g3 -DEXTERNAL_CLOCK_VALUE=8000000 -DHSE_VALUE=8000000 -DHSE_STARTUP_TIMEOUT=100 -DDEBUG -DLSE_STARTUP_TIMEOUT=5000 -DLSE_VALUE=32768 -DVDD_VALUE=3300 -DLSI_VALUE=40000 -DHSI_VALUE=8000000 -DSTM32F303x8 -DUSE_FULL_LL_DRIVER -DPREFETCH_ENABLE=1 -DPOLLING=1 -c -I../Inc -I../Drivers/CMSIS/Include -I../Drivers/STM32F3xx_HAL_Driver/Inc -I../Drivers/CMSIS/Device/ST/STM32F3xx/Include -O0 -ffunction-sections -fdata-sections -Wall -fstack-usage -fcyclomatic-complexity -MMD -MP -MF"Src/syscalls.d" -MT"Src/syscalls.o" --specs=nano.specs -mfpu=fpv4-sp-d16 -mfloat-abi=hard -mthumb -o "Src/syscalls.o"
arm-none-eabi-gcc "../Src/sysmem.c" -mcpu=cortex-m4 -std=gnu11 -g3 -DEXTERNAL_CLOCK_VALUE=8000000 -DHSE_VALUE=8000000 -DHSE_STARTUP_TIMEOUT=100 -DDEBUG -DLSE_STARTUP_TIMEOUT=5000 -DLSE_VALUE=32768 -DVDD_VALUE=3300 -DLSI_VALUE=40000 -DHSI_VALUE=8000000 -DSTM32F303x8 -DUSE_FULL_LL_DRIVER -DPREFETCH_ENABLE=1 -DPOLLING=1 -c -I../Inc -I../Drivers/CMSIS/Include -I../Drivers/STM32F3xx_HAL_Driver/Inc -I../Drivers/CMSIS/Device/ST/STM32F3xx/Include -O0 -ffunction-sections -fdata-sections -Wall -fstack-usage -fcyclomatic-complexity -MMD -MP -MF"Src/sysmem.d" -MT"Src/sysmem.o" --specs=nano.specs -mfpu=fpv4-sp-d16 -mfloat-abi=hard -mthumb -o "Src/sysmem.o"
arm-none-eabi-gcc "../Src/system_stm32f3xx.c" -mcpu=cortex-m4 -std=gnu11 -g3 -DEXTERNAL_CLOCK_VALUE=8000000 -DHSE_VALUE=8000000 -DHSE_STARTUP_TIMEOUT=100 -DDEBUG -DLSE_STARTUP_TIMEOUT=5000 -DLSE_VALUE=32768 -DVDD_VALUE=3300 -DLSI_VALUE=40000 -DHSI_VALUE=8000000 -DSTM32F303x8 -DUSE_FULL_LL_DRIVER -DPREFETCH_ENABLE=1 -DPOLLING=1 -c -I../Inc -I../Drivers/CMSIS/Include -I../Drivers/STM32F3xx_HAL_Driver/Inc -I../Drivers/CMSIS/Device/ST/STM32F3xx/Include -O0 -ffunction-sections -fdata-sections -Wall -fstack-usage -fcyclomatic-complexity -MMD -MP -MF"Src/system_stm32f3xx.d" -MT"Src/system_stm32f3xx.o" --specs=nano.specs -mfpu=fpv4-sp-d16 -mfloat-abi=hard -mthumb -o "Src/system_stm32f3xx.o"
arm-none-eabi-gcc "../Src/usart.c" -mcpu=cortex-m4 -std=gnu11 -g3 -DEXTERNAL_CLOCK_VALUE=8000000 -DHSE_VALUE=8000000 -DHSE_STARTUP_TIMEOUT=100 -DDEBUG -DLSE_STARTUP_TIMEOUT=5000 -DLSE_VALUE=32768 -DVDD_VALUE=3300 -DLSI_VALUE=40000 -DHSI_VALUE=8000000 -DSTM32F303x8 -DUSE_FULL_LL_DRIVER -DPREFETCH_ENABLE=1 -DPOLLING=1 -c -I../Inc -I../Drivers/CMSIS/Include -I../Drivers/STM32F3xx_HAL_Driver/Inc -I../Drivers/CMSIS/Device/ST/STM32F3xx/Include -O0 -ffunction-sections -fdata-sections -Wall -fstack-usage -fcyclomatic-complexity -MMD -MP -MF"Src/usart.d" -MT"Src/usart.o" --specs=nano.specs -mfpu=fpv4-sp-d16 -mfloat-abi=hard -mthumb -o "Src/usart.o"
arm-none-eabi-gcc "../Drivers/STM32F3xx_HAL_Driver/Src/stm32f3xx_ll_dma.c" -mcpu=cortex-m4 -std=gnu11 -g3 -DEXTERNAL_CLOCK_VALUE=8000000 -DHSE_VALUE=8000000 -DHSE_STARTUP_TIMEOUT=100 -DDEBUG -DLSE_STARTUP_TIMEOUT=5000 -DLSE_VALUE=32768 -DVDD_VALUE=3300 -DLSI_VALUE=40000 -DHSI_VALUE=8000000 -DSTM32F303x8 -DUSE_FULL_LL_DRIVER -DPREFETCH_ENABLE=1 -DPOLLING=1 -c -I../Inc -I../Drivers/CMSIS/Include -I../Drivers/STM32F3xx_HAL_Driver/Inc -I../Drivers/CMSIS/Device/ST/STM32F3xx/Include -O0 -ffunction-sections -fdata-sections -Wall -fstack-usage -fcyclomatic-complexity -MMD -MP -MF"Drivers/STM32F3xx_HAL_Driver/Src/stm32f3xx_ll_dma.d" -MT"Drivers/STM32F3xx_HAL_Driver/Src/stm32f3xx_ll_dma.o" --specs=nano.specs -mfpu=fpv4-sp-d16 -mfloat-abi=hard -mthumb -o "Drivers/STM32F3xx_HAL_Driver/Src/stm32f3xx_ll_dma.o"
arm-none-eabi-gcc "../Drivers/STM32F3xx_HAL_Driver/Src/stm32f3xx_ll_exti.c" -mcpu=cortex-m4 -std=gnu11 -g3 -DEXTERNAL_CLOCK_VALUE=8000000 -DHSE_VALUE=8000000 -DHSE_STARTUP_TIMEOUT=100 -DDEBUG -DLSE_STARTUP_TIMEOUT=5000 -DLSE_VALUE=32768 -DVDD_VALUE=3300 -DLSI_VALUE=40000 -DHSI_VALUE=8000000 -DSTM32F303x8 -DUSE_FULL_LL_DRIVER -DPREFETCH_ENABLE=1 -DPOLLING=1 -c -I../Inc -I../Drivers/CMSIS/Include -I../Drivers/STM32F3xx_HAL_Driver/Inc -I../Drivers/CMSIS/Device/ST/STM32F3xx/Include -O0 -ffunction-sections -fdata-sections -Wall -fstack-usage -fcyclomatic-complexity -MMD -MP -MF"Drivers/STM32F3xx_HAL_Driver/Src/stm32f3xx_ll_exti.d" -MT"Drivers/STM32F3xx_HAL_Driver/Src/stm32f3xx_ll_exti.o" --specs=nano.specs -mfpu=fpv4-sp-d16 -mfloat-abi=hard -mthumb -o "Drivers/STM32F3xx_HAL_Driver/Src/stm32f3xx_ll_exti.o"
arm-none-eabi-gcc "../Drivers/STM32F3xx_HAL_Driver/Src/stm32f3xx_ll_gpio.c" -mcpu=cortex-m4 -std=gnu11 -g3 -DEXTERNAL_CLOCK_VALUE=8000000 -DHSE_VALUE=8000000 -DHSE_STARTUP_TIMEOUT=100 -DDEBUG -DLSE_STARTUP_TIMEOUT=5000 -DLSE_VALUE=32768 -DVDD_VALUE=3300 -DLSI_VALUE=40000 -DHSI_VALUE=8000000 -DSTM32F303x8 -DUSE_FULL_LL_DRIVER -DPREFETCH_ENABLE=1 -DPOLLING=1 -c -I../Inc -I../Drivers/CMSIS/Include -I../Drivers/STM32F3xx_HAL_Driver/Inc -I../Drivers/CMSIS/Device/ST/STM32F3xx/Include -O0 -ffunction-sections -fdata-sections -Wall -fstack-usage -fcyclomatic-complexity -MMD -MP -MF"Drivers/STM32F3xx_HAL_Driver/Src/stm32f3xx_ll_gpio.d" -MT"Drivers/STM32F3xx_HAL_Driver/Src/stm32f3xx_ll_gpio.o" --specs=nano.specs -mfpu=fpv4-sp-d16 -mfloat-abi=hard -mthumb -o "Drivers/STM32F3xx_HAL_Driver/Src/stm32f3xx_ll_gpio.o"
../Src/sysmem.c:63:1: error: unknown type name 'caddr_t'
arm-none-eabi-gcc "../Drivers/STM32F3xx_HAL_Driver/Src/stm32f3xx_ll_rcc.c" -mcpu=cortex-m4 -std=gnu11 -g3 -DEXTERNAL_CLOCK_VALUE=8000000 -DHSE_VALUE=8000000 -DHSE_STARTUP_TIMEOUT=100 -DDEBUG -DLSE_STARTUP_TIMEOUT=5000 -DLSE_VALUE=32768 -DVDD_VALUE=3300 -DLSI_VALUE=40000 -DHSI_VALUE=8000000 -DSTM32F303x8 -DUSE_FULL_LL_DRIVER -DPREFETCH_ENABLE=1 -DPOLLING=1 -c -I../Inc -I../Drivers/CMSIS/Include -I../Drivers/STM32F3xx_HAL_Driver/Inc -I../Drivers/CMSIS/Device/ST/STM32F3xx/Include -O0 -ffunction-sections -fdata-sections -Wall -fstack-usage -fcyclomatic-complexity -MMD -MP -MF"Drivers/STM32F3xx_HAL_Driver/Src/stm32f3xx_ll_rcc.d" -MT"Drivers/STM32F3xx_HAL_Driver/Src/stm32f3xx_ll_rcc.o" --specs=nano.specs -mfpu=fpv4-sp-d16 -mfloat-abi=hard -mthumb -o "Drivers/STM32F3xx_HAL_Driver/Src/stm32f3xx_ll_rcc.o"
   63 | caddr_t _sbrk(int incr)
      | ^~~~~~~
../Src/sysmem.c: In function '_sbrk':
../Src/sysmem.c:76:25: error: 'caddr_t' undeclared (first use in this function)
   76 |                 return (caddr_t) -1;
      |                         ^~~~~~~
../Src/sysmem.c:76:25: note: each undeclared identifier is reported only once for each function it appears in
../Src/sysmem.c:81:25: error: expected ';' before 'prev_heap_end'
   81 |         return (caddr_t) prev_heap_end;
      |                         ^~~~~~~~~~~~~~
      |                         ;
../Src/sysmem.c:67:15: warning: variable 'prev_heap_end' set but not used [-Wunused-but-set-variable]
   67 |         char *prev_heap_end;
      |               ^~~~~~~~~~~~~
../Src/sysmem.c:82:1: warning: control reaches end of non-void function [-Wreturn-type]
   82 | }
      | ^
make: *** [Src/subdir.mk:40: Src/sysmem.o] Error 1
make: *** Waiting for unfinished jobs....
"make -j12 all" terminated with exit code 2. Build might be incomplete.
20:18:47 **** Incremental Build of configuration Debug for project vrs_cvicenie_4 ****
make -j12 all 
arm-none-eabi-gcc "../Src/sysmem.c" -mcpu=cortex-m4 -std=gnu11 -g3 -DEXTERNAL_CLOCK_VALUE=8000000 -DHSE_VALUE=8000000 -DHSE_STARTUP_TIMEOUT=100 -DDEBUG -DLSE_STARTUP_TIMEOUT=5000 -DLSE_VALUE=32768 -DVDD_VALUE=3300 -DLSI_VALUE=40000 -DHSI_VALUE=8000000 -DSTM32F303x8 -DUSE_FULL_LL_DRIVER -DPREFETCH_ENABLE=1 -DPOLLING=1 -c -I../Inc -I../Drivers/CMSIS/Include -I../Drivers/STM32F3xx_HAL_Driver/Inc -I../Drivers/CMSIS/Device/ST/STM32F3xx/Include -O0 -ffunction-sections -fdata-sections -Wall -fstack-usage -fcyclomatic-complexity -MMD -MP -MF"Src/sysmem.d" -MT"Src/sysmem.o" --specs=nano.specs -mfpu=fpv4-sp-d16 -mfloat-abi=hard -mthumb -o "Src/sysmem.o"
arm-none-eabi-gcc "../Drivers/STM32F3xx_HAL_Driver/Src/stm32f3xx_ll_usart.c" -mcpu=cortex-m4 -std=gnu11 -g3 -DEXTERNAL_CLOCK_VALUE=8000000 -DHSE_VALUE=8000000 -DHSE_STARTUP_TIMEOUT=100 -DDEBUG -DLSE_STARTUP_TIMEOUT=5000 -DLSE_VALUE=32768 -DVDD_VALUE=3300 -DLSI_VALUE=40000 -DHSI_VALUE=8000000 -DSTM32F303x8 -DUSE_FULL_LL_DRIVER -DPREFETCH_ENABLE=1 -DPOLLING=1 -c -I../Inc -I../Drivers/CMSIS/Include -I../Drivers/STM32F3xx_HAL_Driver/Inc -I../Drivers/CMSIS/Device/ST/STM32F3xx/Include -O0 -ffunction-sections -fdata-sections -Wall -fstack-usage -fcyclomatic-complexity -MMD -MP -MF"Drivers/STM32F3xx_HAL_Driver/Src/stm32f3xx_ll_usart.d" -MT"Drivers/STM32F3xx_HAL_Driver/Src/stm32f3xx_ll_usart.o" --specs=nano.specs -mfpu=fpv4-sp-d16 -mfloat-abi=hard -mthumb -o "Drivers/STM32F3xx_HAL_Driver/Src/stm32f3xx_ll_usart.o"
arm-none-eabi-gcc "../Drivers/STM32F3xx_HAL_Driver/Src/stm32f3xx_ll_utils.c" -mcpu=cortex-m4 -std=gnu11 -g3 -DEXTERNAL_CLOCK_VALUE=8000000 -DHSE_VALUE=8000000 -DHSE_STARTUP_TIMEOUT=100 -DDEBUG -DLSE_STARTUP_TIMEOUT=5000 -DLSE_VALUE=32768 -DVDD_VALUE=3300 -DLSI_VALUE=40000 -DHSI_VALUE=8000000 -DSTM32F303x8 -DUSE_FULL_LL_DRIVER -DPREFETCH_ENABLE=1 -DPOLLING=1 -c -I../Inc -I../Drivers/CMSIS/Include -I../Drivers/STM32F3xx_HAL_Driver/Inc -I../Drivers/CMSIS/Device/ST/STM32F3xx/Include -O0 -ffunction-sections -fdata-sections -Wall -fstack-usage -fcyclomatic-complexity -MMD -MP -MF"Drivers/STM32F3xx_HAL_Driver/Src/stm32f3xx_ll_utils.d" -MT"Drivers/STM32F3xx_HAL_Driver/Src/stm32f3xx_ll_utils.o" --specs=nano.specs -mfpu=fpv4-sp-d16 -mfloat-abi=hard -mthumb -o "Drivers/STM32F3xx_HAL_Driver/Src/stm32f3xx_ll_utils.o"
arm-none-eabi-gcc -o "vrs_cvicenie_4.elf" @"objects.list"   -mcpu=cortex-m4 -T"/home/laptop/school/VRS/vrs_cvicenie_4/STM32F303K8TX_FLASH.ld" --specs=nosys.specs -Wl,-Map="vrs_cvicenie_4.map" -Wl,--gc-sections -static --specs=nano.specs -mfpu=fpv4-sp-d16 -mfloat-abi=hard -mthumb -Wl,--start-group -lc -lm -Wl,--end-group
Finished building target: vrs_cvicenie_4.elf
 
arm-none-eabi-size   vrs_cvicenie_4.elf 
arm-none-eabi-objdump -h -S  vrs_cvicenie_4.elf  > "vrs_cvicenie_4.list"
   text	   data	    bss	    dec	    hex	filename
   6504	     12	   1820	   8336	   2090	vrs_cvicenie_4.elf
Finished building: default.size.stdout
 
Finished building: vrs_cvicenie_4.list
 
