13:29:31 **** Incremental Build of configuration Debug for project kokot ****
make -j12 all 
arm-none-eabi-gcc "../Core/Src/main.c" -mcpu=cortex-m4 -std=gnu11 -g3 -DDEBUG -DSTM32F303x8 -DUSE_FULL_LL_DRIVER -DHSE_VALUE=8000000 -DHSE_STARTUP_TIMEOUT=100 -DLSE_STARTUP_TIMEOUT=5000 -DLSE_VALUE=32768 -DEXTERNAL_CLOCK_VALUE=8000000 -DHSI_VALUE=8000000 -DLSI_VALUE=40000 -DVDD_VALUE=3300 -DPREFETCH_ENABLE=1 -c -I../Core/Inc -I../Drivers/STM32F3xx_HAL_Driver/Inc -I../Drivers/CMSIS/Device/ST/STM32F3xx/Include -I../Drivers/CMSIS/Include -O0 -ffunction-sections -fdata-sections -Wall -fstack-usage -fcyclomatic-complexity -MMD -MP -MF"Core/Src/main.d" -MT"Core/Src/main.o" --specs=nano.specs -mfpu=fpv4-sp-d16 -mfloat-abi=hard -mthumb -o "Core/Src/main.o"
arm-none-eabi-gcc "../Core/Drivers/HTS221/hts221.c" -mcpu=cortex-m4 -std=gnu11 -g3 -DDEBUG -DSTM32F303x8 -DUSE_FULL_LL_DRIVER -DHSE_VALUE=8000000 -DHSE_STARTUP_TIMEOUT=100 -DLSE_STARTUP_TIMEOUT=5000 -DLSE_VALUE=32768 -DEXTERNAL_CLOCK_VALUE=8000000 -DHSI_VALUE=8000000 -DLSI_VALUE=40000 -DVDD_VALUE=3300 -DPREFETCH_ENABLE=1 -c -I../Core/Inc -I../Drivers/STM32F3xx_HAL_Driver/Inc -I../Drivers/CMSIS/Device/ST/STM32F3xx/Include -I../Drivers/CMSIS/Include -O0 -ffunction-sections -fdata-sections -Wall -fstack-usage -fcyclomatic-complexity -MMD -MP -MF"Core/Drivers/HTS221/hts221.d" -MT"Core/Drivers/HTS221/hts221.o" --specs=nano.specs -mfpu=fpv4-sp-d16 -mfloat-abi=hard -mthumb -o "Core/Drivers/HTS221/hts221.o"
../Core/Drivers/HTS221/hts221.c: In function 'hts221_init':
../Core/Drivers/HTS221/hts221.c:30:48: warning: passing argument 2 of 'hts221_read_bytes' from incompatible pointer type [-Wincompatible-pointer-types]
   30 |         hts221_read_bytes(HTS221_REG_H0_rH_x2, &data, 1);
      |                                                ^~~~~
      |                                                |
      |                                                uint8_t (*)[2] {aka unsigned char (*)[2]}
../Core/Drivers/HTS221/hts221.c:18:54: note: expected 'uint8_t *' {aka 'unsigned char *'} but argument is of type 'uint8_t (*)[2]' {aka 'unsigned char (*)[2]'}
   18 | void hts221_read_bytes(uint8_t reg_address, uint8_t *data,uint8_t len){
      |                                             ~~~~~~~~~^~~~
../Core/Drivers/HTS221/hts221.c:32:48: warning: passing argument 2 of 'hts221_read_bytes' from incompatible pointer type [-Wincompatible-pointer-types]
   32 |         hts221_read_bytes(HTS221_REG_H1_rH_x2, &data, 1);
      |                                                ^~~~~
      |                                                |
      |                                                uint8_t (*)[2] {aka unsigned char (*)[2]}
../Core/Drivers/HTS221/hts221.c:18:54: note: expected 'uint8_t *' {aka 'unsigned char *'} but argument is of type 'uint8_t (*)[2]' {aka 'unsigned char (*)[2]'}
   18 | void hts221_read_bytes(uint8_t reg_address, uint8_t *data,uint8_t len){
      |                                             ~~~~~~~~~^~~~
../Core/Drivers/HTS221/hts221.c:35:51: warning: passing argument 2 of 'hts221_read_bytes' from incompatible pointer type [-Wincompatible-pointer-types]
   35 |         hts221_read_bytes(HTS221_REG_H0_T0_OUT_L, &data, 2);
      |                                                   ^~~~~
      |                                                   |
      |                                                   uint8_t (*)[2] {aka unsigned char (*)[2]}
../Core/Drivers/HTS221/hts221.c:18:54: note: expected 'uint8_t *' {aka 'unsigned char *'} but argument is of type 'uint8_t (*)[2]' {aka 'unsigned char (*)[2]'}
   18 | void hts221_read_bytes(uint8_t reg_address, uint8_t *data,uint8_t len){
      |                                             ~~~~~~~~~^~~~
../Core/Drivers/HTS221/hts221.c:37:51: warning: passing argument 2 of 'hts221_read_bytes' from incompatible pointer type [-Wincompatible-pointer-types]
   37 |         hts221_read_bytes(HTS221_REG_H1_T0_OUT_L, &data, 2);
      |                                                   ^~~~~
      |                                                   |
      |                                                   uint8_t (*)[2] {aka unsigned char (*)[2]}
../Core/Drivers/HTS221/hts221.c:18:54: note: expected 'uint8_t *' {aka 'unsigned char *'} but argument is of type 'uint8_t (*)[2]' {aka 'unsigned char (*)[2]'}
   18 | void hts221_read_bytes(uint8_t reg_address, uint8_t *data,uint8_t len){
      |                                             ~~~~~~~~~^~~~
../Core/Drivers/HTS221/hts221.c:40:50: warning: passing argument 2 of 'hts221_read_bytes' from incompatible pointer type [-Wincompatible-pointer-types]
   40 |         hts221_read_bytes(HTS221_REG_T0_degC_x8, &data, 1);
      |                                                  ^~~~~
      |                                                  |
      |                                                  uint8_t (*)[2] {aka unsigned char (*)[2]}
../Core/Drivers/HTS221/hts221.c:18:54: note: expected 'uint8_t *' {aka 'unsigned char *'} but argument is of type 'uint8_t (*)[2]' {aka 'unsigned char (*)[2]'}
   18 | void hts221_read_bytes(uint8_t reg_address, uint8_t *data,uint8_t len){
      |                                             ~~~~~~~~~^~~~
../Core/Drivers/HTS221/hts221.c:42:50: warning: passing argument 2 of 'hts221_read_bytes' from incompatible pointer type [-Wincompatible-pointer-types]
   42 |         hts221_read_bytes(HTS221_REG_T1_degC_x8, &data, 1);
      |                                                  ^~~~~
      |                                                  |
      |                                                  uint8_t (*)[2] {aka unsigned char (*)[2]}
../Core/Drivers/HTS221/hts221.c:18:54: note: expected 'uint8_t *' {aka 'unsigned char *'} but argument is of type 'uint8_t (*)[2]' {aka 'unsigned char (*)[2]'}
   18 | void hts221_read_bytes(uint8_t reg_address, uint8_t *data,uint8_t len){
      |                                             ~~~~~~~~~^~~~
../Core/Drivers/HTS221/hts221.c:45:48: warning: passing argument 2 of 'hts221_read_bytes' from incompatible pointer type [-Wincompatible-pointer-types]
   45 |         hts221_read_bytes(HTS221_REG_T0_OUT_L, &data, 2);
      |                                                ^~~~~
      |                                                |
      |                                                uint8_t (*)[2] {aka unsigned char (*)[2]}
../Core/Drivers/HTS221/hts221.c:18:54: note: expected 'uint8_t *' {aka 'unsigned char *'} but argument is of type 'uint8_t (*)[2]' {aka 'unsigned char (*)[2]'}
   18 | void hts221_read_bytes(uint8_t reg_address, uint8_t *data,uint8_t len){
      |                                             ~~~~~~~~~^~~~
../Core/Drivers/HTS221/hts221.c:47:48: warning: passing argument 2 of 'hts221_read_bytes' from incompatible pointer type [-Wincompatible-pointer-types]
   47 |         hts221_read_bytes(HTS221_REG_T1_OUT_L, &data, 2);
      |                                                ^~~~~
      |                                                |
      |                                                uint8_t (*)[2] {aka unsigned char (*)[2]}
../Core/Drivers/HTS221/hts221.c:18:54: note: expected 'uint8_t *' {aka 'unsigned char *'} but argument is of type 'uint8_t (*)[2]' {aka 'unsigned char (*)[2]'}
   18 | void hts221_read_bytes(uint8_t reg_address, uint8_t *data,uint8_t len){
      |                                             ~~~~~~~~~^~~~
../Core/Drivers/HTS221/hts221.c: In function 'hts221_get_temperature':
../Core/Drivers/HTS221/hts221.c:54:50: warning: passing argument 2 of 'hts221_read_bytes' from incompatible pointer type [-Wincompatible-pointer-types]
   54 |         hts221_read_bytes(HTS221_REG_TEMP_OUT_L, &data, 2);
      |                                                  ^~~~~
      |                                                  |
      |                                                  uint8_t (*)[2] {aka unsigned char (*)[2]}
../Core/Drivers/HTS221/hts221.c:18:54: note: expected 'uint8_t *' {aka 'unsigned char *'} but argument is of type 'uint8_t (*)[2]' {aka 'unsigned char (*)[2]'}
   18 | void hts221_read_bytes(uint8_t reg_address, uint8_t *data,uint8_t len){
      |                                             ~~~~~~~~~^~~~
../Core/Drivers/HTS221/hts221.c: In function 'hts221_get_humidity':
../Core/Drivers/HTS221/hts221.c:62:54: warning: passing argument 2 of 'hts221_read_bytes' from incompatible pointer type [-Wincompatible-pointer-types]
   62 |         hts221_read_bytes(HTS221_REG_HUMIDITY_OUT_L, &data, 2);
      |                                                      ^~~~~
      |                                                      |
      |                                                      uint8_t (*)[2] {aka unsigned char (*)[2]}
../Core/Drivers/HTS221/hts221.c:18:54: note: expected 'uint8_t *' {aka 'unsigned char *'} but argument is of type 'uint8_t (*)[2]' {aka 'unsigned char (*)[2]'}
   18 | void hts221_read_bytes(uint8_t reg_address, uint8_t *data,uint8_t len){
      |                                             ~~~~~~~~~^~~~
../Core/Src/main.c: In function 'main':
../Core/Src/main.c:115:20: warning: implicit declaration of function 'malloc' [-Wimplicit-function-declaration]
  115 |           buffer = malloc(32*sizeof(uint8_t));
      |                    ^~~~~~
../Core/Src/main.c:27:1: note: include '<stdlib.h>' or provide a declaration of 'malloc'
   26 | #include "../Drivers/HTS221/hts221.h"
  +++ |+#include <stdlib.h>
   27 | /* Private includes ----------------------------------------------------------*/
../Core/Src/main.c:115:20: warning: incompatible implicit declaration of built-in function 'malloc' [-Wbuiltin-declaration-mismatch]
  115 |           buffer = malloc(32*sizeof(uint8_t));
      |                    ^~~~~~
../Core/Src/main.c:115:20: note: include '<stdlib.h>' or provide a declaration of 'malloc'
../Core/Src/main.c:116:17: warning: implicit declaration of function 'sprintf' [-Wimplicit-function-declaration]
  116 |           len = sprintf(buffer, "%f,%f\n",temp,hum);
      |                 ^~~~~~~
../Core/Src/main.c:27:1: note: include '<stdio.h>' or provide a declaration of 'sprintf'
   26 | #include "../Drivers/HTS221/hts221.h"
  +++ |+#include <stdio.h>
   27 | /* Private includes ----------------------------------------------------------*/
../Core/Src/main.c:116:17: warning: incompatible implicit declaration of built-in function 'sprintf' [-Wbuiltin-declaration-mismatch]
  116 |           len = sprintf(buffer, "%f,%f\n",temp,hum);
      |                 ^~~~~~~
../Core/Src/main.c:116:17: note: include '<stdio.h>' or provide a declaration of 'sprintf'
../Core/Src/main.c:116:25: warning: pointer targets in passing argument 1 of 'sprintf' differ in signedness [-Wpointer-sign]
  116 |           len = sprintf(buffer, "%f,%f\n",temp,hum);
      |                         ^~~~~~
      |                         |
      |                         uint8_t * {aka unsigned char *}
../Core/Src/main.c:116:25: note: expected 'char *' but argument is of type 'uint8_t *' {aka 'unsigned char *'}
../Core/Src/main.c:118:11: warning: implicit declaration of function 'free' [-Wimplicit-function-declaration]
  118 |           free(buffer);
      |           ^~~~
../Core/Src/main.c:118:11: note: include '<stdlib.h>' or provide a declaration of 'free'
../Core/Src/main.c:118:11: warning: incompatible implicit declaration of built-in function 'free' [-Wbuiltin-declaration-mismatch]
../Core/Src/main.c:118:11: note: include '<stdlib.h>' or provide a declaration of 'free'
arm-none-eabi-gcc -o "kokot.elf" @"objects.list"   -mcpu=cortex-m4 -T"/home/laptop/school/VRS/kokot/STM32F303K8TX_FLASH.ld" --specs=nosys.specs -Wl,-Map="kokot.map" -Wl,--gc-sections -static --specs=nano.specs -mfpu=fpv4-sp-d16 -mfloat-abi=hard -mthumb -Wl,--start-group -lc -lm -Wl,--end-group
Finished building target: kokot.elf
 
arm-none-eabi-size   kokot.elf 
arm-none-eabi-objdump -h -S  kokot.elf  > "kokot.list"
   text	   data	    bss	    dec	    hex	filename
  14336	     96	   2072	  16504	   4078	kokot.elf
Finished building: default.size.stdout
 
Finished building: kokot.list
 
13:31:35 **** Incremental Build of configuration Debug for project kokot ****
make -j12 all 
arm-none-eabi-gcc "../Core/Src/main.c" -mcpu=cortex-m4 -std=gnu11 -g3 -DDEBUG -DSTM32F303x8 -DUSE_FULL_LL_DRIVER -DHSE_VALUE=8000000 -DHSE_STARTUP_TIMEOUT=100 -DLSE_STARTUP_TIMEOUT=5000 -DLSE_VALUE=32768 -DEXTERNAL_CLOCK_VALUE=8000000 -DHSI_VALUE=8000000 -DLSI_VALUE=40000 -DVDD_VALUE=3300 -DPREFETCH_ENABLE=1 -c -I../Core/Inc -I../Drivers/STM32F3xx_HAL_Driver/Inc -I../Drivers/CMSIS/Device/ST/STM32F3xx/Include -I../Drivers/CMSIS/Include -O0 -ffunction-sections -fdata-sections -Wall -fstack-usage -fcyclomatic-complexity -MMD -MP -MF"Core/Src/main.d" -MT"Core/Src/main.o" --specs=nano.specs -mfpu=fpv4-sp-d16 -mfloat-abi=hard -mthumb -o "Core/Src/main.o"
../Core/Src/main.c: In function 'main':
../Core/Src/main.c:118:20: warning: implicit declaration of function 'malloc' [-Wimplicit-function-declaration]
  118 |           buffer = malloc(32*sizeof(uint8_t));
      |                    ^~~~~~
../Core/Src/main.c:27:1: note: include '<stdlib.h>' or provide a declaration of 'malloc'
   26 | #include "../Drivers/HTS221/hts221.h"
  +++ |+#include <stdlib.h>
   27 | /* Private includes ----------------------------------------------------------*/
../Core/Src/main.c:118:20: warning: incompatible implicit declaration of built-in function 'malloc' [-Wbuiltin-declaration-mismatch]
  118 |           buffer = malloc(32*sizeof(uint8_t));
      |                    ^~~~~~
../Core/Src/main.c:118:20: note: include '<stdlib.h>' or provide a declaration of 'malloc'
../Core/Src/main.c:119:17: warning: implicit declaration of function 'sprintf' [-Wimplicit-function-declaration]
  119 |           len = sprintf(buffer, "%f,%f\n",temp,hum);
      |                 ^~~~~~~
../Core/Src/main.c:27:1: note: include '<stdio.h>' or provide a declaration of 'sprintf'
   26 | #include "../Drivers/HTS221/hts221.h"
  +++ |+#include <stdio.h>
   27 | /* Private includes ----------------------------------------------------------*/
../Core/Src/main.c:119:17: warning: incompatible implicit declaration of built-in function 'sprintf' [-Wbuiltin-declaration-mismatch]
  119 |           len = sprintf(buffer, "%f,%f\n",temp,hum);
      |                 ^~~~~~~
../Core/Src/main.c:119:17: note: include '<stdio.h>' or provide a declaration of 'sprintf'
../Core/Src/main.c:119:25: warning: pointer targets in passing argument 1 of 'sprintf' differ in signedness [-Wpointer-sign]
  119 |           len = sprintf(buffer, "%f,%f\n",temp,hum);
      |                         ^~~~~~
      |                         |
      |                         uint8_t * {aka unsigned char *}
../Core/Src/main.c:119:25: note: expected 'char *' but argument is of type 'uint8_t *' {aka 'unsigned char *'}
../Core/Src/main.c:121:11: warning: implicit declaration of function 'free' [-Wimplicit-function-declaration]
  121 |           free(buffer);
      |           ^~~~
../Core/Src/main.c:121:11: note: include '<stdlib.h>' or provide a declaration of 'free'
../Core/Src/main.c:121:11: warning: incompatible implicit declaration of built-in function 'free' [-Wbuiltin-declaration-mismatch]
../Core/Src/main.c:121:11: note: include '<stdlib.h>' or provide a declaration of 'free'
arm-none-eabi-gcc -o "kokot.elf" @"objects.list"   -mcpu=cortex-m4 -T"/home/laptop/school/VRS/kokot/STM32F303K8TX_FLASH.ld" --specs=nosys.specs -Wl,-Map="kokot.map" -Wl,--gc-sections -static --specs=nano.specs -mfpu=fpv4-sp-d16 -mfloat-abi=hard -mthumb -u _printf_float -Wl,--start-group -lc -lm -Wl,--end-group
Finished building target: kokot.elf
 
arm-none-eabi-size   kokot.elf 
arm-none-eabi-objdump -h -S  kokot.elf  > "kokot.list"
   text	   data	    bss	    dec	    hex	filename
  26100	    472	   2080	  28652	   6fec	kokot.elf
Finished building: default.size.stdout
 
Finished building: kokot.list
 
13:31:56 **** Incremental Build of configuration Debug for project kokot ****
make -j12 all 
arm-none-eabi-size   kokot.elf 
   text	   data	    bss	    dec	    hex	filename
  26100	    472	   2080	  28652	   6fec	kokot.elf
Finished building: default.size.stdout
 
13:48:55 **** Incremental Build of configuration Debug for project kokot ****
make -j12 all 
arm-none-eabi-gcc "../Core/Src/i2c.c" -mcpu=cortex-m4 -std=gnu11 -g3 -DDEBUG -DSTM32F303x8 -DUSE_FULL_LL_DRIVER -DHSE_VALUE=8000000 -DHSE_STARTUP_TIMEOUT=100 -DLSE_STARTUP_TIMEOUT=5000 -DLSE_VALUE=32768 -DEXTERNAL_CLOCK_VALUE=8000000 -DHSI_VALUE=8000000 -DLSI_VALUE=40000 -DVDD_VALUE=3300 -DPREFETCH_ENABLE=1 -c -I../Core/Inc -I../Drivers/STM32F3xx_HAL_Driver/Inc -I../Drivers/CMSIS/Device/ST/STM32F3xx/Include -I../Drivers/CMSIS/Include -O0 -ffunction-sections -fdata-sections -Wall -fstack-usage -fcyclomatic-complexity -MMD -MP -MF"Core/Src/i2c.d" -MT"Core/Src/i2c.o" --specs=nano.specs -mfpu=fpv4-sp-d16 -mfloat-abi=hard -mthumb -o "Core/Src/i2c.o"
arm-none-eabi-gcc -o "kokot.elf" @"objects.list"   -mcpu=cortex-m4 -T"/home/laptop/school/VRS/kokot/STM32F303K8TX_FLASH.ld" --specs=nosys.specs -Wl,-Map="kokot.map" -Wl,--gc-sections -static --specs=nano.specs -mfpu=fpv4-sp-d16 -mfloat-abi=hard -mthumb -u _printf_float -Wl,--start-group -lc -lm -Wl,--end-group
Finished building target: kokot.elf
 
arm-none-eabi-size   kokot.elf 
arm-none-eabi-objdump -h -S  kokot.elf  > "kokot.list"
   text	   data	    bss	    dec	    hex	filename
  26108	    472	   2080	  28660	   6ff4	kokot.elf
Finished building: default.size.stdout
 
Finished building: kokot.list
 
13:59:17 **** Build of configuration Debug for project i2c_comm ****
make -j12 all 
arm-none-eabi-gcc -mcpu=cortex-m4 -g3 -c -x assembler-with-cpp -MMD -MP -MF"Startup/startup_stm32f303k8tx.d" -MT"Startup/startup_stm32f303k8tx.o" --specs=nano.specs -mfpu=fpv4-sp-d16 -mfloat-abi=hard -mthumb -o "Startup/startup_stm32f303k8tx.o" "../Startup/startup_stm32f303k8tx.s"
arm-none-eabi-gcc "../Src/gpio.c" -mcpu=cortex-m4 -std=gnu11 -g3 -DEXTERNAL_CLOCK_VALUE=8000000 -DHSE_VALUE=8000000 -DHSE_STARTUP_TIMEOUT=100 -DDEBUG -DLSE_STARTUP_TIMEOUT=5000 -DLSE_VALUE=32768 -DVDD_VALUE=3300 -DLSI_VALUE=40000 -DHSI_VALUE=8000000 -DSTM32F303x8 -DUSE_FULL_LL_DRIVER -DPREFETCH_ENABLE=1 -c -I../Inc -I../Drivers/CMSIS/Include -I../Drivers/STM32F3xx_HAL_Driver/Inc -I../Drivers/CMSIS/Device/ST/STM32F3xx/Include -O0 -ffunction-sections -fdata-sections -Wall -fstack-usage -fcyclomatic-complexity -MMD -MP -MF"Src/gpio.d" -MT"Src/gpio.o" --specs=nano.specs -mfpu=fpv4-sp-d16 -mfloat-abi=hard -mthumb -o "Src/gpio.o"
arm-none-eabi-gcc "../Src/i2c.c" -mcpu=cortex-m4 -std=gnu11 -g3 -DEXTERNAL_CLOCK_VALUE=8000000 -DHSE_VALUE=8000000 -DHSE_STARTUP_TIMEOUT=100 -DDEBUG -DLSE_STARTUP_TIMEOUT=5000 -DLSE_VALUE=32768 -DVDD_VALUE=3300 -DLSI_VALUE=40000 -DHSI_VALUE=8000000 -DSTM32F303x8 -DUSE_FULL_LL_DRIVER -DPREFETCH_ENABLE=1 -c -I../Inc -I../Drivers/CMSIS/Include -I../Drivers/STM32F3xx_HAL_Driver/Inc -I../Drivers/CMSIS/Device/ST/STM32F3xx/Include -O0 -ffunction-sections -fdata-sections -Wall -fstack-usage -fcyclomatic-complexity -MMD -MP -MF"Src/i2c.d" -MT"Src/i2c.o" --specs=nano.specs -mfpu=fpv4-sp-d16 -mfloat-abi=hard -mthumb -o "Src/i2c.o"
arm-none-eabi-gcc "../Src/main.c" -mcpu=cortex-m4 -std=gnu11 -g3 -DEXTERNAL_CLOCK_VALUE=8000000 -DHSE_VALUE=8000000 -DHSE_STARTUP_TIMEOUT=100 -DDEBUG -DLSE_STARTUP_TIMEOUT=5000 -DLSE_VALUE=32768 -DVDD_VALUE=3300 -DLSI_VALUE=40000 -DHSI_VALUE=8000000 -DSTM32F303x8 -DUSE_FULL_LL_DRIVER -DPREFETCH_ENABLE=1 -c -I../Inc -I../Drivers/CMSIS/Include -I../Drivers/STM32F3xx_HAL_Driver/Inc -I../Drivers/CMSIS/Device/ST/STM32F3xx/Include -O0 -ffunction-sections -fdata-sections -Wall -fstack-usage -fcyclomatic-complexity -MMD -MP -MF"Src/main.d" -MT"Src/main.o" --specs=nano.specs -mfpu=fpv4-sp-d16 -mfloat-abi=hard -mthumb -o "Src/main.o"
arm-none-eabi-gcc "../Src/stm32f3xx_hal_msp.c" -mcpu=cortex-m4 -std=gnu11 -g3 -DEXTERNAL_CLOCK_VALUE=8000000 -DHSE_VALUE=8000000 -DHSE_STARTUP_TIMEOUT=100 -DDEBUG -DLSE_STARTUP_TIMEOUT=5000 -DLSE_VALUE=32768 -DVDD_VALUE=3300 -DLSI_VALUE=40000 -DHSI_VALUE=8000000 -DSTM32F303x8 -DUSE_FULL_LL_DRIVER -DPREFETCH_ENABLE=1 -c -I../Inc -I../Drivers/CMSIS/Include -I../Drivers/STM32F3xx_HAL_Driver/Inc -I../Drivers/CMSIS/Device/ST/STM32F3xx/Include -O0 -ffunction-sections -fdata-sections -Wall -fstack-usage -fcyclomatic-complexity -MMD -MP -MF"Src/stm32f3xx_hal_msp.d" -MT"Src/stm32f3xx_hal_msp.o" --specs=nano.specs -mfpu=fpv4-sp-d16 -mfloat-abi=hard -mthumb -o "Src/stm32f3xx_hal_msp.o"
arm-none-eabi-gcc "../Src/stm32f3xx_it.c" -mcpu=cortex-m4 -std=gnu11 -g3 -DEXTERNAL_CLOCK_VALUE=8000000 -DHSE_VALUE=8000000 -DHSE_STARTUP_TIMEOUT=100 -DDEBUG -DLSE_STARTUP_TIMEOUT=5000 -DLSE_VALUE=32768 -DVDD_VALUE=3300 -DLSI_VALUE=40000 -DHSI_VALUE=8000000 -DSTM32F303x8 -DUSE_FULL_LL_DRIVER -DPREFETCH_ENABLE=1 -c -I../Inc -I../Drivers/CMSIS/Include -I../Drivers/STM32F3xx_HAL_Driver/Inc -I../Drivers/CMSIS/Device/ST/STM32F3xx/Include -O0 -ffunction-sections -fdata-sections -Wall -fstack-usage -fcyclomatic-complexity -MMD -MP -MF"Src/stm32f3xx_it.d" -MT"Src/stm32f3xx_it.o" --specs=nano.specs -mfpu=fpv4-sp-d16 -mfloat-abi=hard -mthumb -o "Src/stm32f3xx_it.o"
arm-none-eabi-gcc "../Src/syscalls.c" -mcpu=cortex-m4 -std=gnu11 -g3 -DEXTERNAL_CLOCK_VALUE=8000000 -DHSE_VALUE=8000000 -DHSE_STARTUP_TIMEOUT=100 -DDEBUG -DLSE_STARTUP_TIMEOUT=5000 -DLSE_VALUE=32768 -DVDD_VALUE=3300 -DLSI_VALUE=40000 -DHSI_VALUE=8000000 -DSTM32F303x8 -DUSE_FULL_LL_DRIVER -DPREFETCH_ENABLE=1 -c -I../Inc -I../Drivers/CMSIS/Include -I../Drivers/STM32F3xx_HAL_Driver/Inc -I../Drivers/CMSIS/Device/ST/STM32F3xx/Include -O0 -ffunction-sections -fdata-sections -Wall -fstack-usage -fcyclomatic-complexity -MMD -MP -MF"Src/syscalls.d" -MT"Src/syscalls.o" --specs=nano.specs -mfpu=fpv4-sp-d16 -mfloat-abi=hard -mthumb -o "Src/syscalls.o"
arm-none-eabi-gcc "../Src/sysmem.c" -mcpu=cortex-m4 -std=gnu11 -g3 -DEXTERNAL_CLOCK_VALUE=8000000 -DHSE_VALUE=8000000 -DHSE_STARTUP_TIMEOUT=100 -DDEBUG -DLSE_STARTUP_TIMEOUT=5000 -DLSE_VALUE=32768 -DVDD_VALUE=3300 -DLSI_VALUE=40000 -DHSI_VALUE=8000000 -DSTM32F303x8 -DUSE_FULL_LL_DRIVER -DPREFETCH_ENABLE=1 -c -I../Inc -I../Drivers/CMSIS/Include -I../Drivers/STM32F3xx_HAL_Driver/Inc -I../Drivers/CMSIS/Device/ST/STM32F3xx/Include -O0 -ffunction-sections -fdata-sections -Wall -fstack-usage -fcyclomatic-complexity -MMD -MP -MF"Src/sysmem.d" -MT"Src/sysmem.o" --specs=nano.specs -mfpu=fpv4-sp-d16 -mfloat-abi=hard -mthumb -o "Src/sysmem.o"
arm-none-eabi-gcc "../Src/system_stm32f3xx.c" -mcpu=cortex-m4 -std=gnu11 -g3 -DEXTERNAL_CLOCK_VALUE=8000000 -DHSE_VALUE=8000000 -DHSE_STARTUP_TIMEOUT=100 -DDEBUG -DLSE_STARTUP_TIMEOUT=5000 -DLSE_VALUE=32768 -DVDD_VALUE=3300 -DLSI_VALUE=40000 -DHSI_VALUE=8000000 -DSTM32F303x8 -DUSE_FULL_LL_DRIVER -DPREFETCH_ENABLE=1 -c -I../Inc -I../Drivers/CMSIS/Include -I../Drivers/STM32F3xx_HAL_Driver/Inc -I../Drivers/CMSIS/Device/ST/STM32F3xx/Include -O0 -ffunction-sections -fdata-sections -Wall -fstack-usage -fcyclomatic-complexity -MMD -MP -MF"Src/system_stm32f3xx.d" -MT"Src/system_stm32f3xx.o" --specs=nano.specs -mfpu=fpv4-sp-d16 -mfloat-abi=hard -mthumb -o "Src/system_stm32f3xx.o"
arm-none-eabi-gcc "../Drivers/STM32F3xx_HAL_Driver/Src/stm32f3xx_hal.c" -mcpu=cortex-m4 -std=gnu11 -g3 -DEXTERNAL_CLOCK_VALUE=8000000 -DHSE_VALUE=8000000 -DHSE_STARTUP_TIMEOUT=100 -DDEBUG -DLSE_STARTUP_TIMEOUT=5000 -DLSE_VALUE=32768 -DVDD_VALUE=3300 -DLSI_VALUE=40000 -DHSI_VALUE=8000000 -DSTM32F303x8 -DUSE_FULL_LL_DRIVER -DPREFETCH_ENABLE=1 -c -I../Inc -I../Drivers/CMSIS/Include -I../Drivers/STM32F3xx_HAL_Driver/Inc -I../Drivers/CMSIS/Device/ST/STM32F3xx/Include -O0 -ffunction-sections -fdata-sections -Wall -fstack-usage -fcyclomatic-complexity -MMD -MP -MF"Drivers/STM32F3xx_HAL_Driver/Src/stm32f3xx_hal.d" -MT"Drivers/STM32F3xx_HAL_Driver/Src/stm32f3xx_hal.o" --specs=nano.specs -mfpu=fpv4-sp-d16 -mfloat-abi=hard -mthumb -o "Drivers/STM32F3xx_HAL_Driver/Src/stm32f3xx_hal.o"
arm-none-eabi-gcc "../Drivers/STM32F3xx_HAL_Driver/Src/stm32f3xx_hal_cortex.c" -mcpu=cortex-m4 -std=gnu11 -g3 -DEXTERNAL_CLOCK_VALUE=8000000 -DHSE_VALUE=8000000 -DHSE_STARTUP_TIMEOUT=100 -DDEBUG -DLSE_STARTUP_TIMEOUT=5000 -DLSE_VALUE=32768 -DVDD_VALUE=3300 -DLSI_VALUE=40000 -DHSI_VALUE=8000000 -DSTM32F303x8 -DUSE_FULL_LL_DRIVER -DPREFETCH_ENABLE=1 -c -I../Inc -I../Drivers/CMSIS/Include -I../Drivers/STM32F3xx_HAL_Driver/Inc -I../Drivers/CMSIS/Device/ST/STM32F3xx/Include -O0 -ffunction-sections -fdata-sections -Wall -fstack-usage -fcyclomatic-complexity -MMD -MP -MF"Drivers/STM32F3xx_HAL_Driver/Src/stm32f3xx_hal_cortex.d" -MT"Drivers/STM32F3xx_HAL_Driver/Src/stm32f3xx_hal_cortex.o" --specs=nano.specs -mfpu=fpv4-sp-d16 -mfloat-abi=hard -mthumb -o "Drivers/STM32F3xx_HAL_Driver/Src/stm32f3xx_hal_cortex.o"
arm-none-eabi-gcc "../Drivers/STM32F3xx_HAL_Driver/Src/stm32f3xx_hal_dma.c" -mcpu=cortex-m4 -std=gnu11 -g3 -DEXTERNAL_CLOCK_VALUE=8000000 -DHSE_VALUE=8000000 -DHSE_STARTUP_TIMEOUT=100 -DDEBUG -DLSE_STARTUP_TIMEOUT=5000 -DLSE_VALUE=32768 -DVDD_VALUE=3300 -DLSI_VALUE=40000 -DHSI_VALUE=8000000 -DSTM32F303x8 -DUSE_FULL_LL_DRIVER -DPREFETCH_ENABLE=1 -c -I../Inc -I../Drivers/CMSIS/Include -I../Drivers/STM32F3xx_HAL_Driver/Inc -I../Drivers/CMSIS/Device/ST/STM32F3xx/Include -O0 -ffunction-sections -fdata-sections -Wall -fstack-usage -fcyclomatic-complexity -MMD -MP -MF"Drivers/STM32F3xx_HAL_Driver/Src/stm32f3xx_hal_dma.d" -MT"Drivers/STM32F3xx_HAL_Driver/Src/stm32f3xx_hal_dma.o" --specs=nano.specs -mfpu=fpv4-sp-d16 -mfloat-abi=hard -mthumb -o "Drivers/STM32F3xx_HAL_Driver/Src/stm32f3xx_hal_dma.o"
arm-none-eabi-gcc "../Drivers/STM32F3xx_HAL_Driver/Src/stm32f3xx_hal_flash.c" -mcpu=cortex-m4 -std=gnu11 -g3 -DEXTERNAL_CLOCK_VALUE=8000000 -DHSE_VALUE=8000000 -DHSE_STARTUP_TIMEOUT=100 -DDEBUG -DLSE_STARTUP_TIMEOUT=5000 -DLSE_VALUE=32768 -DVDD_VALUE=3300 -DLSI_VALUE=40000 -DHSI_VALUE=8000000 -DSTM32F303x8 -DUSE_FULL_LL_DRIVER -DPREFETCH_ENABLE=1 -c -I../Inc -I../Drivers/CMSIS/Include -I../Drivers/STM32F3xx_HAL_Driver/Inc -I../Drivers/CMSIS/Device/ST/STM32F3xx/Include -O0 -ffunction-sections -fdata-sections -Wall -fstack-usage -fcyclomatic-complexity -MMD -MP -MF"Drivers/STM32F3xx_HAL_Driver/Src/stm32f3xx_hal_flash.d" -MT"Drivers/STM32F3xx_HAL_Driver/Src/stm32f3xx_hal_flash.o" --specs=nano.specs -mfpu=fpv4-sp-d16 -mfloat-abi=hard -mthumb -o "Drivers/STM32F3xx_HAL_Driver/Src/stm32f3xx_hal_flash.o"
In file included from ../Drivers/STM32F3xx_HAL_Driver/Inc/stm32f3xx_hal.h:46,
                 from ../Drivers/STM32F3xx_HAL_Driver/Src/stm32f3xx_hal.c:52:
../Inc/stm32f3xx_hal_conf.h:167: warning: "VDD_VALUE" redefined
  167 | #define  VDD_VALUE                   ((uint32_t)3300) /*!< Value of VDD in mv */
      | 
<command-line>: note: this is the location of the previous definition
In file included from ../Drivers/STM32F3xx_HAL_Driver/Inc/stm32f3xx_hal.h:46,
                 from ../Drivers/STM32F3xx_HAL_Driver/Src/stm32f3xx_hal_dma.c:94:
../Inc/stm32f3xx_hal_conf.h:167: warning: "VDD_VALUE" redefined
  167 | #define  VDD_VALUE                   ((uint32_t)3300) /*!< Value of VDD in mv */
      | 
<command-line>: note: this is the location of the previous definition
In file included from ../Drivers/STM32F3xx_HAL_Driver/Inc/stm32f3xx_hal.h:46,
                 from ../Drivers/STM32F3xx_HAL_Driver/Src/stm32f3xx_hal_cortex.c:125:
../Inc/stm32f3xx_hal_conf.h:167: warning: "VDD_VALUE" redefined
  167 | #define  VDD_VALUE                   ((uint32_t)3300) /*!< Value of VDD in mv */
      | 
<command-line>: note: this is the location of the previous definition
arm-none-eabi-gcc "../Drivers/STM32F3xx_HAL_Driver/Src/stm32f3xx_hal_flash_ex.c" -mcpu=cortex-m4 -std=gnu11 -g3 -DEXTERNAL_CLOCK_VALUE=8000000 -DHSE_VALUE=8000000 -DHSE_STARTUP_TIMEOUT=100 -DDEBUG -DLSE_STARTUP_TIMEOUT=5000 -DLSE_VALUE=32768 -DVDD_VALUE=3300 -DLSI_VALUE=40000 -DHSI_VALUE=8000000 -DSTM32F303x8 -DUSE_FULL_LL_DRIVER -DPREFETCH_ENABLE=1 -c -I../Inc -I../Drivers/CMSIS/Include -I../Drivers/STM32F3xx_HAL_Driver/Inc -I../Drivers/CMSIS/Device/ST/STM32F3xx/Include -O0 -ffunction-sections -fdata-sections -Wall -fstack-usage -fcyclomatic-complexity -MMD -MP -MF"Drivers/STM32F3xx_HAL_Driver/Src/stm32f3xx_hal_flash_ex.d" -MT"Drivers/STM32F3xx_HAL_Driver/Src/stm32f3xx_hal_flash_ex.o" --specs=nano.specs -mfpu=fpv4-sp-d16 -mfloat-abi=hard -mthumb -o "Drivers/STM32F3xx_HAL_Driver/Src/stm32f3xx_hal_flash_ex.o"
In file included from ../Drivers/STM32F3xx_HAL_Driver/Inc/stm32f3xx_hal.h:46,
                 from ../Drivers/STM32F3xx_HAL_Driver/Src/stm32f3xx_hal_flash.c:101:
../Inc/stm32f3xx_hal_conf.h:167: warning: "VDD_VALUE" redefined
  167 | #define  VDD_VALUE                   ((uint32_t)3300) /*!< Value of VDD in mv */
      | 
<command-line>: note: this is the location of the previous definition
arm-none-eabi-gcc "../Drivers/STM32F3xx_HAL_Driver/Src/stm32f3xx_hal_gpio.c" -mcpu=cortex-m4 -std=gnu11 -g3 -DEXTERNAL_CLOCK_VALUE=8000000 -DHSE_VALUE=8000000 -DHSE_STARTUP_TIMEOUT=100 -DDEBUG -DLSE_STARTUP_TIMEOUT=5000 -DLSE_VALUE=32768 -DVDD_VALUE=3300 -DLSI_VALUE=40000 -DHSI_VALUE=8000000 -DSTM32F303x8 -DUSE_FULL_LL_DRIVER -DPREFETCH_ENABLE=1 -c -I../Inc -I../Drivers/CMSIS/Include -I../Drivers/STM32F3xx_HAL_Driver/Inc -I../Drivers/CMSIS/Device/ST/STM32F3xx/Include -O0 -ffunction-sections -fdata-sections -Wall -fstack-usage -fcyclomatic-complexity -MMD -MP -MF"Drivers/STM32F3xx_HAL_Driver/Src/stm32f3xx_hal_gpio.d" -MT"Drivers/STM32F3xx_HAL_Driver/Src/stm32f3xx_hal_gpio.o" --specs=nano.specs -mfpu=fpv4-sp-d16 -mfloat-abi=hard -mthumb -o "Drivers/STM32F3xx_HAL_Driver/Src/stm32f3xx_hal_gpio.o"
In file included from ../Drivers/STM32F3xx_HAL_Driver/Inc/stm32f3xx_hal.h:46,
                 from ../Drivers/STM32F3xx_HAL_Driver/Src/stm32f3xx_hal_gpio.c:122:
../Inc/stm32f3xx_hal_conf.h:167: warning: "VDD_VALUE" redefined
  167 | #define  VDD_VALUE                   ((uint32_t)3300) /*!< Value of VDD in mv */
      | 
<command-line>: note: this is the location of the previous definition
In file included from ../Drivers/STM32F3xx_HAL_Driver/Inc/stm32f3xx_hal.h:46,
                 from ../Drivers/STM32F3xx_HAL_Driver/Src/stm32f3xx_hal_flash_ex.c:59:
../Inc/stm32f3xx_hal_conf.h:167: warning: "VDD_VALUE" redefined
  167 | #define  VDD_VALUE                   ((uint32_t)3300) /*!< Value of VDD in mv */
      | 
<command-line>: note: this is the location of the previous definition
arm-none-eabi-gcc "../Drivers/STM32F3xx_HAL_Driver/Src/stm32f3xx_hal_i2c.c" -mcpu=cortex-m4 -std=gnu11 -g3 -DEXTERNAL_CLOCK_VALUE=8000000 -DHSE_VALUE=8000000 -DHSE_STARTUP_TIMEOUT=100 -DDEBUG -DLSE_STARTUP_TIMEOUT=5000 -DLSE_VALUE=32768 -DVDD_VALUE=3300 -DLSI_VALUE=40000 -DHSI_VALUE=8000000 -DSTM32F303x8 -DUSE_FULL_LL_DRIVER -DPREFETCH_ENABLE=1 -c -I../Inc -I../Drivers/CMSIS/Include -I../Drivers/STM32F3xx_HAL_Driver/Inc -I../Drivers/CMSIS/Device/ST/STM32F3xx/Include -O0 -ffunction-sections -fdata-sections -Wall -fstack-usage -fcyclomatic-complexity -MMD -MP -MF"Drivers/STM32F3xx_HAL_Driver/Src/stm32f3xx_hal_i2c.d" -MT"Drivers/STM32F3xx_HAL_Driver/Src/stm32f3xx_hal_i2c.o" --specs=nano.specs -mfpu=fpv4-sp-d16 -mfloat-abi=hard -mthumb -o "Drivers/STM32F3xx_HAL_Driver/Src/stm32f3xx_hal_i2c.o"
../Src/stm32f3xx_hal_msp.c: In function 'HAL_MspInit':
../Src/stm32f3xx_hal_msp.c:70:3: warning: implicit declaration of function '__HAL_RCC_SYSCFG_CLK_ENABLE' [-Wimplicit-function-declaration]
   70 |   __HAL_RCC_SYSCFG_CLK_ENABLE();
      |   ^~~~~~~~~~~~~~~~~~~~~~~~~~~
arm-none-eabi-gcc "../Drivers/STM32F3xx_HAL_Driver/Src/stm32f3xx_hal_i2c_ex.c" -mcpu=cortex-m4 -std=gnu11 -g3 -DEXTERNAL_CLOCK_VALUE=8000000 -DHSE_VALUE=8000000 -DHSE_STARTUP_TIMEOUT=100 -DDEBUG -DLSE_STARTUP_TIMEOUT=5000 -DLSE_VALUE=32768 -DVDD_VALUE=3300 -DLSI_VALUE=40000 -DHSI_VALUE=8000000 -DSTM32F303x8 -DUSE_FULL_LL_DRIVER -DPREFETCH_ENABLE=1 -c -I../Inc -I../Drivers/CMSIS/Include -I../Drivers/STM32F3xx_HAL_Driver/Inc -I../Drivers/CMSIS/Device/ST/STM32F3xx/Include -O0 -ffunction-sections -fdata-sections -Wall -fstack-usage -fcyclomatic-complexity -MMD -MP -MF"Drivers/STM32F3xx_HAL_Driver/Src/stm32f3xx_hal_i2c_ex.d" -MT"Drivers/STM32F3xx_HAL_Driver/Src/stm32f3xx_hal_i2c_ex.o" --specs=nano.specs -mfpu=fpv4-sp-d16 -mfloat-abi=hard -mthumb -o "Drivers/STM32F3xx_HAL_Driver/Src/stm32f3xx_hal_i2c_ex.o"
arm-none-eabi-gcc "../Drivers/STM32F3xx_HAL_Driver/Src/stm32f3xx_hal_pwr.c" -mcpu=cortex-m4 -std=gnu11 -g3 -DEXTERNAL_CLOCK_VALUE=8000000 -DHSE_VALUE=8000000 -DHSE_STARTUP_TIMEOUT=100 -DDEBUG -DLSE_STARTUP_TIMEOUT=5000 -DLSE_VALUE=32768 -DVDD_VALUE=3300 -DLSI_VALUE=40000 -DHSI_VALUE=8000000 -DSTM32F303x8 -DUSE_FULL_LL_DRIVER -DPREFETCH_ENABLE=1 -c -I../Inc -I../Drivers/CMSIS/Include -I../Drivers/STM32F3xx_HAL_Driver/Inc -I../Drivers/CMSIS/Device/ST/STM32F3xx/Include -O0 -ffunction-sections -fdata-sections -Wall -fstack-usage -fcyclomatic-complexity -MMD -MP -MF"Drivers/STM32F3xx_HAL_Driver/Src/stm32f3xx_hal_pwr.d" -MT"Drivers/STM32F3xx_HAL_Driver/Src/stm32f3xx_hal_pwr.o" --specs=nano.specs -mfpu=fpv4-sp-d16 -mfloat-abi=hard -mthumb -o "Drivers/STM32F3xx_HAL_Driver/Src/stm32f3xx_hal_pwr.o"
In file included from ../Drivers/STM32F3xx_HAL_Driver/Inc/stm32f3xx_hal.h:46,
                 from ../Drivers/STM32F3xx_HAL_Driver/Src/stm32f3xx_hal_i2c.c:248:
../Inc/stm32f3xx_hal_conf.h:167: warning: "VDD_VALUE" redefined
  167 | #define  VDD_VALUE                   ((uint32_t)3300) /*!< Value of VDD in mv */
      | 
arm-none-eabi-gcc "../Drivers/STM32F3xx_HAL_Driver/Src/stm32f3xx_hal_pwr_ex.c" -mcpu=cortex-m4 -std=gnu11 -g3 -DEXTERNAL_CLOCK_VALUE=8000000 -DHSE_VALUE=8000000 -DHSE_STARTUP_TIMEOUT=100 -DDEBUG -DLSE_STARTUP_TIMEOUT=5000 -DLSE_VALUE=32768 -DVDD_VALUE=3300 -DLSI_VALUE=40000 -DHSI_VALUE=8000000 -DSTM32F303x8 -DUSE_FULL_LL_DRIVER -DPREFETCH_ENABLE=1 -c -I../Inc -I../Drivers/CMSIS/Include -I../Drivers/STM32F3xx_HAL_Driver/Inc -I../Drivers/CMSIS/Device/ST/STM32F3xx/Include -O0 -ffunction-sections -fdata-sections -Wall -fstack-usage -fcyclomatic-complexity -MMD -MP -MF"Drivers/STM32F3xx_HAL_Driver/Src/stm32f3xx_hal_pwr_ex.d" -MT"Drivers/STM32F3xx_HAL_Driver/Src/stm32f3xx_hal_pwr_ex.o" --specs=nano.specs -mfpu=fpv4-sp-d16 -mfloat-abi=hard -mthumb -o "Drivers/STM32F3xx_HAL_Driver/Src/stm32f3xx_hal_pwr_ex.o"
<command-line>: note: this is the location of the previous definition
arm-none-eabi-gcc "../Drivers/STM32F3xx_HAL_Driver/Src/stm32f3xx_hal_rcc.c" -mcpu=cortex-m4 -std=gnu11 -g3 -DEXTERNAL_CLOCK_VALUE=8000000 -DHSE_VALUE=8000000 -DHSE_STARTUP_TIMEOUT=100 -DDEBUG -DLSE_STARTUP_TIMEOUT=5000 -DLSE_VALUE=32768 -DVDD_VALUE=3300 -DLSI_VALUE=40000 -DHSI_VALUE=8000000 -DSTM32F303x8 -DUSE_FULL_LL_DRIVER -DPREFETCH_ENABLE=1 -c -I../Inc -I../Drivers/CMSIS/Include -I../Drivers/STM32F3xx_HAL_Driver/Inc -I../Drivers/CMSIS/Device/ST/STM32F3xx/Include -O0 -ffunction-sections -fdata-sections -Wall -fstack-usage -fcyclomatic-complexity -MMD -MP -MF"Drivers/STM32F3xx_HAL_Driver/Src/stm32f3xx_hal_rcc.d" -MT"Drivers/STM32F3xx_HAL_Driver/Src/stm32f3xx_hal_rcc.o" --specs=nano.specs -mfpu=fpv4-sp-d16 -mfloat-abi=hard -mthumb -o "Drivers/STM32F3xx_HAL_Driver/Src/stm32f3xx_hal_rcc.o"
../Src/stm32f3xx_hal_msp.c:71:3: warning: implicit declaration of function '__HAL_RCC_PWR_CLK_ENABLE' [-Wimplicit-function-declaration]
   71 |   __HAL_RCC_PWR_CLK_ENABLE();
      |   ^~~~~~~~~~~~~~~~~~~~~~~~
In file included from ../Drivers/STM32F3xx_HAL_Driver/Inc/stm32f3xx_hal.h:46,
                 from ../Drivers/STM32F3xx_HAL_Driver/Src/stm32f3xx_hal_i2c_ex.c:66:
../Inc/stm32f3xx_hal_conf.h:167: warning: "VDD_VALUE" redefined
  167 | #define  VDD_VALUE                   ((uint32_t)3300) /*!< Value of VDD in mv */
      | 
<command-line>: note: this is the location of the previous definition
arm-none-eabi-gcc "../Drivers/STM32F3xx_HAL_Driver/Src/stm32f3xx_hal_rcc_ex.c" -mcpu=cortex-m4 -std=gnu11 -g3 -DEXTERNAL_CLOCK_VALUE=8000000 -DHSE_VALUE=8000000 -DHSE_STARTUP_TIMEOUT=100 -DDEBUG -DLSE_STARTUP_TIMEOUT=5000 -DLSE_VALUE=32768 -DVDD_VALUE=3300 -DLSI_VALUE=40000 -DHSI_VALUE=8000000 -DSTM32F303x8 -DUSE_FULL_LL_DRIVER -DPREFETCH_ENABLE=1 -c -I../Inc -I../Drivers/CMSIS/Include -I../Drivers/STM32F3xx_HAL_Driver/Inc -I../Drivers/CMSIS/Device/ST/STM32F3xx/Include -O0 -ffunction-sections -fdata-sections -Wall -fstack-usage -fcyclomatic-complexity -MMD -MP -MF"Drivers/STM32F3xx_HAL_Driver/Src/stm32f3xx_hal_rcc_ex.d" -MT"Drivers/STM32F3xx_HAL_Driver/Src/stm32f3xx_hal_rcc_ex.o" --specs=nano.specs -mfpu=fpv4-sp-d16 -mfloat-abi=hard -mthumb -o "Drivers/STM32F3xx_HAL_Driver/Src/stm32f3xx_hal_rcc_ex.o"
arm-none-eabi-gcc "../Drivers/STM32F3xx_HAL_Driver/Src/stm32f3xx_hal_tim.c" -mcpu=cortex-m4 -std=gnu11 -g3 -DEXTERNAL_CLOCK_VALUE=8000000 -DHSE_VALUE=8000000 -DHSE_STARTUP_TIMEOUT=100 -DDEBUG -DLSE_STARTUP_TIMEOUT=5000 -DLSE_VALUE=32768 -DVDD_VALUE=3300 -DLSI_VALUE=40000 -DHSI_VALUE=8000000 -DSTM32F303x8 -DUSE_FULL_LL_DRIVER -DPREFETCH_ENABLE=1 -c -I../Inc -I../Drivers/CMSIS/Include -I../Drivers/STM32F3xx_HAL_Driver/Inc -I../Drivers/CMSIS/Device/ST/STM32F3xx/Include -O0 -ffunction-sections -fdata-sections -Wall -fstack-usage -fcyclomatic-complexity -MMD -MP -MF"Drivers/STM32F3xx_HAL_Driver/Src/stm32f3xx_hal_tim.d" -MT"Drivers/STM32F3xx_HAL_Driver/Src/stm32f3xx_hal_tim.o" --specs=nano.specs -mfpu=fpv4-sp-d16 -mfloat-abi=hard -mthumb -o "Drivers/STM32F3xx_HAL_Driver/Src/stm32f3xx_hal_tim.o"
In file included from ../Drivers/STM32F3xx_HAL_Driver/Inc/stm32f3xx_hal.h:46,
                 from ../Drivers/STM32F3xx_HAL_Driver/Src/stm32f3xx_hal_pwr.c:43:
../Inc/stm32f3xx_hal_conf.h:167: warning: "VDD_VALUE" redefined
  167 | #define  VDD_VALUE                   ((uint32_t)3300) /*!< Value of VDD in mv */
      | 
<command-line>: note: this is the location of the previous definition
In file included from ../Drivers/STM32F3xx_HAL_Driver/Inc/stm32f3xx_hal.h:46,
                 from ../Drivers/STM32F3xx_HAL_Driver/Src/stm32f3xx_hal_pwr_ex.c:42:
../Inc/stm32f3xx_hal_conf.h:167: warning: "VDD_VALUE" redefined
  167 | #define  VDD_VALUE                   ((uint32_t)3300) /*!< Value of VDD in mv */
      | 
<command-line>: note: this is the location of the previous definition
In file included from ../Drivers/STM32F3xx_HAL_Driver/Inc/stm32f3xx_hal.h:46,
                 from ../Drivers/STM32F3xx_HAL_Driver/Src/stm32f3xx_hal_rcc.c:79:
../Inc/stm32f3xx_hal_conf.h:167: warning: "VDD_VALUE" redefined
  167 | #define  VDD_VALUE                   ((uint32_t)3300) /*!< Value of VDD in mv */
      | 
<command-line>: note: this is the location of the previous definition
arm-none-eabi-gcc "../Drivers/STM32F3xx_HAL_Driver/Src/stm32f3xx_hal_tim_ex.c" -mcpu=cortex-m4 -std=gnu11 -g3 -DEXTERNAL_CLOCK_VALUE=8000000 -DHSE_VALUE=8000000 -DHSE_STARTUP_TIMEOUT=100 -DDEBUG -DLSE_STARTUP_TIMEOUT=5000 -DLSE_VALUE=32768 -DVDD_VALUE=3300 -DLSI_VALUE=40000 -DHSI_VALUE=8000000 -DSTM32F303x8 -DUSE_FULL_LL_DRIVER -DPREFETCH_ENABLE=1 -c -I../Inc -I../Drivers/CMSIS/Include -I../Drivers/STM32F3xx_HAL_Driver/Inc -I../Drivers/CMSIS/Device/ST/STM32F3xx/Include -O0 -ffunction-sections -fdata-sections -Wall -fstack-usage -fcyclomatic-complexity -MMD -MP -MF"Drivers/STM32F3xx_HAL_Driver/Src/stm32f3xx_hal_tim_ex.d" -MT"Drivers/STM32F3xx_HAL_Driver/Src/stm32f3xx_hal_tim_ex.o" --specs=nano.specs -mfpu=fpv4-sp-d16 -mfloat-abi=hard -mthumb -o "Drivers/STM32F3xx_HAL_Driver/Src/stm32f3xx_hal_tim_ex.o"
In file included from ../Drivers/STM32F3xx_HAL_Driver/Inc/stm32f3xx_hal.h:46,
                 from ../Drivers/STM32F3xx_HAL_Driver/Src/stm32f3xx_hal_tim.c:127:
../Inc/stm32f3xx_hal_conf.h:167: warning: "VDD_VALUE" redefined
  167 | #define  VDD_VALUE                   ((uint32_t)3300) /*!< Value of VDD in mv */
      | 
<command-line>: note: this is the location of the previous definition
arm-none-eabi-gcc "../Drivers/STM32F3xx_HAL_Driver/Src/stm32f3xx_hal_uart.c" -mcpu=cortex-m4 -std=gnu11 -g3 -DEXTERNAL_CLOCK_VALUE=8000000 -DHSE_VALUE=8000000 -DHSE_STARTUP_TIMEOUT=100 -DDEBUG -DLSE_STARTUP_TIMEOUT=5000 -DLSE_VALUE=32768 -DVDD_VALUE=3300 -DLSI_VALUE=40000 -DHSI_VALUE=8000000 -DSTM32F303x8 -DUSE_FULL_LL_DRIVER -DPREFETCH_ENABLE=1 -c -I../Inc -I../Drivers/CMSIS/Include -I../Drivers/STM32F3xx_HAL_Driver/Inc -I../Drivers/CMSIS/Device/ST/STM32F3xx/Include -O0 -ffunction-sections -fdata-sections -Wall -fstack-usage -fcyclomatic-complexity -MMD -MP -MF"Drivers/STM32F3xx_HAL_Driver/Src/stm32f3xx_hal_uart.d" -MT"Drivers/STM32F3xx_HAL_Driver/Src/stm32f3xx_hal_uart.o" --specs=nano.specs -mfpu=fpv4-sp-d16 -mfloat-abi=hard -mthumb -o "Drivers/STM32F3xx_HAL_Driver/Src/stm32f3xx_hal_uart.o"
In file included from ../Drivers/STM32F3xx_HAL_Driver/Inc/stm32f3xx_hal.h:46,
                 from ../Drivers/STM32F3xx_HAL_Driver/Src/stm32f3xx_hal_rcc_ex.c:41:
../Inc/stm32f3xx_hal_conf.h:167: warning: "VDD_VALUE" redefined
  167 | #define  VDD_VALUE                   ((uint32_t)3300) /*!< Value of VDD in mv */
      | 
<command-line>: note: this is the location of the previous definition
In file included from ../Drivers/STM32F3xx_HAL_Driver/Inc/stm32f3xx_hal.h:46,
                 from ../Drivers/STM32F3xx_HAL_Driver/Src/stm32f3xx_hal_tim_ex.c:100:
../Inc/stm32f3xx_hal_conf.h:167: warning: "VDD_VALUE" redefined
  167 | #define  VDD_VALUE                   ((uint32_t)3300) /*!< Value of VDD in mv */
      | 
<command-line>: note: this is the location of the previous definition
arm-none-eabi-gcc "../Drivers/STM32F3xx_HAL_Driver/Src/stm32f3xx_hal_uart_ex.c" -mcpu=cortex-m4 -std=gnu11 -g3 -DEXTERNAL_CLOCK_VALUE=8000000 -DHSE_VALUE=8000000 -DHSE_STARTUP_TIMEOUT=100 -DDEBUG -DLSE_STARTUP_TIMEOUT=5000 -DLSE_VALUE=32768 -DVDD_VALUE=3300 -DLSI_VALUE=40000 -DHSI_VALUE=8000000 -DSTM32F303x8 -DUSE_FULL_LL_DRIVER -DPREFETCH_ENABLE=1 -c -I../Inc -I../Drivers/CMSIS/Include -I../Drivers/STM32F3xx_HAL_Driver/Inc -I../Drivers/CMSIS/Device/ST/STM32F3xx/Include -O0 -ffunction-sections -fdata-sections -Wall -fstack-usage -fcyclomatic-complexity -MMD -MP -MF"Drivers/STM32F3xx_HAL_Driver/Src/stm32f3xx_hal_uart_ex.d" -MT"Drivers/STM32F3xx_HAL_Driver/Src/stm32f3xx_hal_uart_ex.o" --specs=nano.specs -mfpu=fpv4-sp-d16 -mfloat-abi=hard -mthumb -o "Drivers/STM32F3xx_HAL_Driver/Src/stm32f3xx_hal_uart_ex.o"
arm-none-eabi-gcc "../Drivers/STM32F3xx_HAL_Driver/Src/stm32f3xx_ll_dma.c" -mcpu=cortex-m4 -std=gnu11 -g3 -DEXTERNAL_CLOCK_VALUE=8000000 -DHSE_VALUE=8000000 -DHSE_STARTUP_TIMEOUT=100 -DDEBUG -DLSE_STARTUP_TIMEOUT=5000 -DLSE_VALUE=32768 -DVDD_VALUE=3300 -DLSI_VALUE=40000 -DHSI_VALUE=8000000 -DSTM32F303x8 -DUSE_FULL_LL_DRIVER -DPREFETCH_ENABLE=1 -c -I../Inc -I../Drivers/CMSIS/Include -I../Drivers/STM32F3xx_HAL_Driver/Inc -I../Drivers/CMSIS/Device/ST/STM32F3xx/Include -O0 -ffunction-sections -fdata-sections -Wall -fstack-usage -fcyclomatic-complexity -MMD -MP -MF"Drivers/STM32F3xx_HAL_Driver/Src/stm32f3xx_ll_dma.d" -MT"Drivers/STM32F3xx_HAL_Driver/Src/stm32f3xx_ll_dma.o" --specs=nano.specs -mfpu=fpv4-sp-d16 -mfloat-abi=hard -mthumb -o "Drivers/STM32F3xx_HAL_Driver/Src/stm32f3xx_ll_dma.o"
In file included from ../Drivers/STM32F3xx_HAL_Driver/Inc/stm32f3xx_hal.h:46,
                 from ../Drivers/STM32F3xx_HAL_Driver/Src/stm32f3xx_hal_uart.c:160:
../Inc/stm32f3xx_hal_conf.h:167: warning: "VDD_VALUE" redefined
  167 | #define  VDD_VALUE                   ((uint32_t)3300) /*!< Value of VDD in mv */
      | 
<command-line>: note: this is the location of the previous definition
arm-none-eabi-gcc "../Drivers/STM32F3xx_HAL_Driver/Src/stm32f3xx_ll_exti.c" -mcpu=cortex-m4 -std=gnu11 -g3 -DEXTERNAL_CLOCK_VALUE=8000000 -DHSE_VALUE=8000000 -DHSE_STARTUP_TIMEOUT=100 -DDEBUG -DLSE_STARTUP_TIMEOUT=5000 -DLSE_VALUE=32768 -DVDD_VALUE=3300 -DLSI_VALUE=40000 -DHSI_VALUE=8000000 -DSTM32F303x8 -DUSE_FULL_LL_DRIVER -DPREFETCH_ENABLE=1 -c -I../Inc -I../Drivers/CMSIS/Include -I../Drivers/STM32F3xx_HAL_Driver/Inc -I../Drivers/CMSIS/Device/ST/STM32F3xx/Include -O0 -ffunction-sections -fdata-sections -Wall -fstack-usage -fcyclomatic-complexity -MMD -MP -MF"Drivers/STM32F3xx_HAL_Driver/Src/stm32f3xx_ll_exti.d" -MT"Drivers/STM32F3xx_HAL_Driver/Src/stm32f3xx_ll_exti.o" --specs=nano.specs -mfpu=fpv4-sp-d16 -mfloat-abi=hard -mthumb -o "Drivers/STM32F3xx_HAL_Driver/Src/stm32f3xx_ll_exti.o"
In file included from ../Drivers/STM32F3xx_HAL_Driver/Inc/stm32f3xx_hal.h:46,
                 from ../Drivers/STM32F3xx_HAL_Driver/Src/stm32f3xx_hal_uart_ex.c:55:
../Inc/stm32f3xx_hal_conf.h:167: warning: "VDD_VALUE" redefined
  167 | #define  VDD_VALUE                   ((uint32_t)3300) /*!< Value of VDD in mv */
      | 
<command-line>: note: this is the location of the previous definition
arm-none-eabi-gcc "../Drivers/STM32F3xx_HAL_Driver/Src/stm32f3xx_ll_gpio.c" -mcpu=cortex-m4 -std=gnu11 -g3 -DEXTERNAL_CLOCK_VALUE=8000000 -DHSE_VALUE=8000000 -DHSE_STARTUP_TIMEOUT=100 -DDEBUG -DLSE_STARTUP_TIMEOUT=5000 -DLSE_VALUE=32768 -DVDD_VALUE=3300 -DLSI_VALUE=40000 -DHSI_VALUE=8000000 -DSTM32F303x8 -DUSE_FULL_LL_DRIVER -DPREFETCH_ENABLE=1 -c -I../Inc -I../Drivers/CMSIS/Include -I../Drivers/STM32F3xx_HAL_Driver/Inc -I../Drivers/CMSIS/Device/ST/STM32F3xx/Include -O0 -ffunction-sections -fdata-sections -Wall -fstack-usage -fcyclomatic-complexity -MMD -MP -MF"Drivers/STM32F3xx_HAL_Driver/Src/stm32f3xx_ll_gpio.d" -MT"Drivers/STM32F3xx_HAL_Driver/Src/stm32f3xx_ll_gpio.o" --specs=nano.specs -mfpu=fpv4-sp-d16 -mfloat-abi=hard -mthumb -o "Drivers/STM32F3xx_HAL_Driver/Src/stm32f3xx_ll_gpio.o"
arm-none-eabi-gcc "../Drivers/STM32F3xx_HAL_Driver/Src/stm32f3xx_ll_i2c.c" -mcpu=cortex-m4 -std=gnu11 -g3 -DEXTERNAL_CLOCK_VALUE=8000000 -DHSE_VALUE=8000000 -DHSE_STARTUP_TIMEOUT=100 -DDEBUG -DLSE_STARTUP_TIMEOUT=5000 -DLSE_VALUE=32768 -DVDD_VALUE=3300 -DLSI_VALUE=40000 -DHSI_VALUE=8000000 -DSTM32F303x8 -DUSE_FULL_LL_DRIVER -DPREFETCH_ENABLE=1 -c -I../Inc -I../Drivers/CMSIS/Include -I../Drivers/STM32F3xx_HAL_Driver/Inc -I../Drivers/CMSIS/Device/ST/STM32F3xx/Include -O0 -ffunction-sections -fdata-sections -Wall -fstack-usage -fcyclomatic-complexity -MMD -MP -MF"Drivers/STM32F3xx_HAL_Driver/Src/stm32f3xx_ll_i2c.d" -MT"Drivers/STM32F3xx_HAL_Driver/Src/stm32f3xx_ll_i2c.o" --specs=nano.specs -mfpu=fpv4-sp-d16 -mfloat-abi=hard -mthumb -o "Drivers/STM32F3xx_HAL_Driver/Src/stm32f3xx_ll_i2c.o"
arm-none-eabi-gcc "../Drivers/STM32F3xx_HAL_Driver/Src/stm32f3xx_ll_rcc.c" -mcpu=cortex-m4 -std=gnu11 -g3 -DEXTERNAL_CLOCK_VALUE=8000000 -DHSE_VALUE=8000000 -DHSE_STARTUP_TIMEOUT=100 -DDEBUG -DLSE_STARTUP_TIMEOUT=5000 -DLSE_VALUE=32768 -DVDD_VALUE=3300 -DLSI_VALUE=40000 -DHSI_VALUE=8000000 -DSTM32F303x8 -DUSE_FULL_LL_DRIVER -DPREFETCH_ENABLE=1 -c -I../Inc -I../Drivers/CMSIS/Include -I../Drivers/STM32F3xx_HAL_Driver/Inc -I../Drivers/CMSIS/Device/ST/STM32F3xx/Include -O0 -ffunction-sections -fdata-sections -Wall -fstack-usage -fcyclomatic-complexity -MMD -MP -MF"Drivers/STM32F3xx_HAL_Driver/Src/stm32f3xx_ll_rcc.d" -MT"Drivers/STM32F3xx_HAL_Driver/Src/stm32f3xx_ll_rcc.o" --specs=nano.specs -mfpu=fpv4-sp-d16 -mfloat-abi=hard -mthumb -o "Drivers/STM32F3xx_HAL_Driver/Src/stm32f3xx_ll_rcc.o"
arm-none-eabi-gcc "../Drivers/STM32F3xx_HAL_Driver/Src/stm32f3xx_ll_usart.c" -mcpu=cortex-m4 -std=gnu11 -g3 -DEXTERNAL_CLOCK_VALUE=8000000 -DHSE_VALUE=8000000 -DHSE_STARTUP_TIMEOUT=100 -DDEBUG -DLSE_STARTUP_TIMEOUT=5000 -DLSE_VALUE=32768 -DVDD_VALUE=3300 -DLSI_VALUE=40000 -DHSI_VALUE=8000000 -DSTM32F303x8 -DUSE_FULL_LL_DRIVER -DPREFETCH_ENABLE=1 -c -I../Inc -I../Drivers/CMSIS/Include -I../Drivers/STM32F3xx_HAL_Driver/Inc -I../Drivers/CMSIS/Device/ST/STM32F3xx/Include -O0 -ffunction-sections -fdata-sections -Wall -fstack-usage -fcyclomatic-complexity -MMD -MP -MF"Drivers/STM32F3xx_HAL_Driver/Src/stm32f3xx_ll_usart.d" -MT"Drivers/STM32F3xx_HAL_Driver/Src/stm32f3xx_ll_usart.o" --specs=nano.specs -mfpu=fpv4-sp-d16 -mfloat-abi=hard -mthumb -o "Drivers/STM32F3xx_HAL_Driver/Src/stm32f3xx_ll_usart.o"
arm-none-eabi-gcc "../Drivers/STM32F3xx_HAL_Driver/Src/stm32f3xx_ll_utils.c" -mcpu=cortex-m4 -std=gnu11 -g3 -DEXTERNAL_CLOCK_VALUE=8000000 -DHSE_VALUE=8000000 -DHSE_STARTUP_TIMEOUT=100 -DDEBUG -DLSE_STARTUP_TIMEOUT=5000 -DLSE_VALUE=32768 -DVDD_VALUE=3300 -DLSI_VALUE=40000 -DHSI_VALUE=8000000 -DSTM32F303x8 -DUSE_FULL_LL_DRIVER -DPREFETCH_ENABLE=1 -c -I../Inc -I../Drivers/CMSIS/Include -I../Drivers/STM32F3xx_HAL_Driver/Inc -I../Drivers/CMSIS/Device/ST/STM32F3xx/Include -O0 -ffunction-sections -fdata-sections -Wall -fstack-usage -fcyclomatic-complexity -MMD -MP -MF"Drivers/STM32F3xx_HAL_Driver/Src/stm32f3xx_ll_utils.d" -MT"Drivers/STM32F3xx_HAL_Driver/Src/stm32f3xx_ll_utils.o" --specs=nano.specs -mfpu=fpv4-sp-d16 -mfloat-abi=hard -mthumb -o "Drivers/STM32F3xx_HAL_Driver/Src/stm32f3xx_ll_utils.o"
arm-none-eabi-gcc -o "i2c_comm.elf" @"objects.list"   -mcpu=cortex-m4 -T"/home/laptop/Downloads/vrs_cvicenie_6/STM32F303K8TX_FLASH.ld" --specs=nosys.specs -Wl,-Map="i2c_comm.map" -Wl,--gc-sections -static --specs=nano.specs -mfpu=fpv4-sp-d16 -mfloat-abi=hard -mthumb -u _printf_float -Wl,--start-group -lc -lm -Wl,--end-group
Finished building target: i2c_comm.elf
 
arm-none-eabi-size   i2c_comm.elf 
arm-none-eabi-objdump -h -S  i2c_comm.elf  > "i2c_comm.list"
   text	   data	    bss	    dec	    hex	filename
  19300	    468	   1908	  21676	   54ac	i2c_comm.elf
Finished building: default.size.stdout
 
Finished building: i2c_comm.list
 
13:59:32 **** Incremental Build of configuration Debug for project i2c_comm ****
make -j12 all 
arm-none-eabi-size   i2c_comm.elf 
   text	   data	    bss	    dec	    hex	filename
  19300	    468	   1908	  21676	   54ac	i2c_comm.elf
Finished building: default.size.stdout
 
14:00:16 **** Incremental Build of configuration Debug for project i2c_comm ****
make -j12 all 
arm-none-eabi-size   i2c_comm.elf 
   text	   data	    bss	    dec	    hex	filename
  19300	    468	   1908	  21676	   54ac	i2c_comm.elf
Finished building: default.size.stdout
 
14:01:01 **** Incremental Build of configuration Debug for project i2c_comm ****
make -j12 all 
arm-none-eabi-gcc "../Src/main.c" -mcpu=cortex-m4 -std=gnu11 -g3 -DEXTERNAL_CLOCK_VALUE=8000000 -DHSE_VALUE=8000000 -DHSE_STARTUP_TIMEOUT=100 -DDEBUG -DLSE_STARTUP_TIMEOUT=5000 -DLSE_VALUE=32768 -DVDD_VALUE=3300 -DLSI_VALUE=40000 -DHSI_VALUE=8000000 -DSTM32F303x8 -DUSE_FULL_LL_DRIVER -DPREFETCH_ENABLE=1 -c -I../Inc -I../Drivers/CMSIS/Include -I../Drivers/STM32F3xx_HAL_Driver/Inc -I../Drivers/CMSIS/Device/ST/STM32F3xx/Include -O0 -ffunction-sections -fdata-sections -Wall -fstack-usage -fcyclomatic-complexity -MMD -MP -MF"Src/main.d" -MT"Src/main.o" --specs=nano.specs -mfpu=fpv4-sp-d16 -mfloat-abi=hard -mthumb -o "Src/main.o"
arm-none-eabi-gcc -o "i2c_comm.elf" @"objects.list"   -mcpu=cortex-m4 -T"/home/laptop/Downloads/vrs_cvicenie_6/STM32F303K8TX_FLASH.ld" --specs=nosys.specs -Wl,-Map="i2c_comm.map" -Wl,--gc-sections -static --specs=nano.specs -mfpu=fpv4-sp-d16 -mfloat-abi=hard -mthumb -u _printf_float -Wl,--start-group -lc -lm -Wl,--end-group
Finished building target: i2c_comm.elf
 
arm-none-eabi-size   i2c_comm.elf 
arm-none-eabi-objdump -h -S  i2c_comm.elf  > "i2c_comm.list"
   text	   data	    bss	    dec	    hex	filename
  19300	    468	   1908	  21676	   54ac	i2c_comm.elf
Finished building: default.size.stdout
 
Finished building: i2c_comm.list
 
14:01:46 **** Incremental Build of configuration Debug for project i2c_comm ****
make -j12 all 
arm-none-eabi-gcc "../Src/main.c" -mcpu=cortex-m4 -std=gnu11 -g3 -DEXTERNAL_CLOCK_VALUE=8000000 -DHSE_VALUE=8000000 -DHSE_STARTUP_TIMEOUT=100 -DDEBUG -DLSE_STARTUP_TIMEOUT=5000 -DLSE_VALUE=32768 -DVDD_VALUE=3300 -DLSI_VALUE=40000 -DHSI_VALUE=8000000 -DSTM32F303x8 -DUSE_FULL_LL_DRIVER -DPREFETCH_ENABLE=1 -c -I../Inc -I../Drivers/CMSIS/Include -I../Drivers/STM32F3xx_HAL_Driver/Inc -I../Drivers/CMSIS/Device/ST/STM32F3xx/Include -O0 -ffunction-sections -fdata-sections -Wall -fstack-usage -fcyclomatic-complexity -MMD -MP -MF"Src/main.d" -MT"Src/main.o" --specs=nano.specs -mfpu=fpv4-sp-d16 -mfloat-abi=hard -mthumb -o "Src/main.o"
arm-none-eabi-gcc -o "i2c_comm.elf" @"objects.list"   -mcpu=cortex-m4 -T"/home/laptop/Downloads/vrs_cvicenie_6/STM32F303K8TX_FLASH.ld" --specs=nosys.specs -Wl,-Map="i2c_comm.map" -Wl,--gc-sections -static --specs=nano.specs -mfpu=fpv4-sp-d16 -mfloat-abi=hard -mthumb -u _printf_float -Wl,--start-group -lc -lm -Wl,--end-group
Finished building target: i2c_comm.elf
 
arm-none-eabi-size   i2c_comm.elf 
arm-none-eabi-objdump -h -S  i2c_comm.elf  > "i2c_comm.list"
   text	   data	    bss	    dec	    hex	filename
  19300	    468	   1908	  21676	   54ac	i2c_comm.elf
Finished building: default.size.stdout
 
Finished building: i2c_comm.list
 
14:02:31 **** Incremental Build of configuration Debug for project i2c_comm ****
make -j12 all 
arm-none-eabi-gcc "../Src/main.c" -mcpu=cortex-m4 -std=gnu11 -g3 -DEXTERNAL_CLOCK_VALUE=8000000 -DHSE_VALUE=8000000 -DHSE_STARTUP_TIMEOUT=100 -DDEBUG -DLSE_STARTUP_TIMEOUT=5000 -DLSE_VALUE=32768 -DVDD_VALUE=3300 -DLSI_VALUE=40000 -DHSI_VALUE=8000000 -DSTM32F303x8 -DUSE_FULL_LL_DRIVER -DPREFETCH_ENABLE=1 -c -I../Inc -I../Drivers/CMSIS/Include -I../Drivers/STM32F3xx_HAL_Driver/Inc -I../Drivers/CMSIS/Device/ST/STM32F3xx/Include -O0 -ffunction-sections -fdata-sections -Wall -fstack-usage -fcyclomatic-complexity -MMD -MP -MF"Src/main.d" -MT"Src/main.o" --specs=nano.specs -mfpu=fpv4-sp-d16 -mfloat-abi=hard -mthumb -o "Src/main.o"
arm-none-eabi-gcc -o "i2c_comm.elf" @"objects.list"   -mcpu=cortex-m4 -T"/home/laptop/Downloads/vrs_cvicenie_6/STM32F303K8TX_FLASH.ld" --specs=nosys.specs -Wl,-Map="i2c_comm.map" -Wl,--gc-sections -static --specs=nano.specs -mfpu=fpv4-sp-d16 -mfloat-abi=hard -mthumb -u _printf_float -Wl,--start-group -lc -lm -Wl,--end-group
Finished building target: i2c_comm.elf
 
arm-none-eabi-size   i2c_comm.elf 
arm-none-eabi-objdump -h -S  i2c_comm.elf  > "i2c_comm.list"
   text	   data	    bss	    dec	    hex	filename
  19300	    468	   1908	  21676	   54ac	i2c_comm.elf
Finished building: default.size.stdout
 
Finished building: i2c_comm.list
 
14:03:45 **** Incremental Build of configuration Debug for project i2c_comm ****
make -j12 all 
arm-none-eabi-gcc "../Src/main.c" -mcpu=cortex-m4 -std=gnu11 -g3 -DEXTERNAL_CLOCK_VALUE=8000000 -DHSE_VALUE=8000000 -DHSE_STARTUP_TIMEOUT=100 -DDEBUG -DLSE_STARTUP_TIMEOUT=5000 -DLSE_VALUE=32768 -DVDD_VALUE=3300 -DLSI_VALUE=40000 -DHSI_VALUE=8000000 -DSTM32F303x8 -DUSE_FULL_LL_DRIVER -DPREFETCH_ENABLE=1 -c -I../Inc -I../Drivers/CMSIS/Include -I../Drivers/STM32F3xx_HAL_Driver/Inc -I../Drivers/CMSIS/Device/ST/STM32F3xx/Include -O0 -ffunction-sections -fdata-sections -Wall -fstack-usage -fcyclomatic-complexity -MMD -MP -MF"Src/main.d" -MT"Src/main.o" --specs=nano.specs -mfpu=fpv4-sp-d16 -mfloat-abi=hard -mthumb -o "Src/main.o"
arm-none-eabi-gcc -o "i2c_comm.elf" @"objects.list"   -mcpu=cortex-m4 -T"/home/laptop/Downloads/vrs_cvicenie_6/STM32F303K8TX_FLASH.ld" --specs=nosys.specs -Wl,-Map="i2c_comm.map" -Wl,--gc-sections -static --specs=nano.specs -mfpu=fpv4-sp-d16 -mfloat-abi=hard -mthumb -u _printf_float -Wl,--start-group -lc -lm -Wl,--end-group
Finished building target: i2c_comm.elf
 
arm-none-eabi-size   i2c_comm.elf 
arm-none-eabi-objdump -h -S  i2c_comm.elf  > "i2c_comm.list"
   text	   data	    bss	    dec	    hex	filename
  19300	    468	   1908	  21676	   54ac	i2c_comm.elf
Finished building: default.size.stdout
 
Finished building: i2c_comm.list
 
