14:20:31 **** Incremental Build of configuration Debug for project vrs_cvicenie_4 ****
make -j12 all 
arm-none-eabi-gcc "../Src/main.c" -mcpu=cortex-m4 -std=gnu11 -g3 -DEXTERNAL_CLOCK_VALUE=8000000 -DHSE_VALUE=8000000 -DHSE_STARTUP_TIMEOUT=100 -DDEBUG -DLSE_STARTUP_TIMEOUT=5000 -DLSE_VALUE=32768 -DVDD_VALUE=3300 -DLSI_VALUE=40000 -DHSI_VALUE=8000000 -DSTM32F303x8 -DUSE_FULL_LL_DRIVER -DPREFETCH_ENABLE=1 -DPOLLING=1 -c -I../Inc -I../Drivers/CMSIS/Include -I../Drivers/STM32F3xx_HAL_Driver/Inc -I../Drivers/CMSIS/Device/ST/STM32F3xx/Include -O0 -ffunction-sections -fdata-sections -Wall -fstack-usage -fcyclomatic-complexity -MMD -MP -MF"Src/main.d" -MT"Src/main.o" --specs=nano.specs -mfpu=fpv4-sp-d16 -mfloat-abi=hard -mthumb -o "Src/main.o"
arm-none-eabi-gcc -o "vrs_cvicenie_4.elf" @"objects.list"   -mcpu=cortex-m4 -T"/home/laptop/school/VRS/vrs_cvicenie_4/STM32F303K8TX_FLASH.ld" --specs=nosys.specs -Wl,-Map="vrs_cvicenie_4.map" -Wl,--gc-sections -static --specs=nano.specs -mfpu=fpv4-sp-d16 -mfloat-abi=hard -mthumb -Wl,--start-group -lc -lm -Wl,--end-group
Finished building target: vrs_cvicenie_4.elf
 
arm-none-eabi-size   vrs_cvicenie_4.elf 
arm-none-eabi-objdump -h -S  vrs_cvicenie_4.elf  > "vrs_cvicenie_4.list"
   text	   data	    bss	    dec	    hex	filename
  10460	     92	   2076	  12628	   3154	vrs_cvicenie_4.elf
Finished building: default.size.stdout
 
Finished building: vrs_cvicenie_4.list
 
14:20:33 **** Incremental Build of configuration Debug for project vrs_cvicenie_4 ****
make -j12 all 
arm-none-eabi-size   vrs_cvicenie_4.elf 
   text	   data	    bss	    dec	    hex	filename
  10460	     92	   2076	  12628	   3154	vrs_cvicenie_4.elf
Finished building: default.size.stdout
 
14:20:51 **** Incremental Build of configuration Debug for project vrs_cvicenie_4 ****
make -j12 all 
arm-none-eabi-gcc "../Src/main.c" -mcpu=cortex-m4 -std=gnu11 -g3 -DEXTERNAL_CLOCK_VALUE=8000000 -DHSE_VALUE=8000000 -DHSE_STARTUP_TIMEOUT=100 -DDEBUG -DLSE_STARTUP_TIMEOUT=5000 -DLSE_VALUE=32768 -DVDD_VALUE=3300 -DLSI_VALUE=40000 -DHSI_VALUE=8000000 -DSTM32F303x8 -DUSE_FULL_LL_DRIVER -DPREFETCH_ENABLE=1 -DPOLLING=1 -c -I../Inc -I../Drivers/CMSIS/Include -I../Drivers/STM32F3xx_HAL_Driver/Inc -I../Drivers/CMSIS/Device/ST/STM32F3xx/Include -O0 -ffunction-sections -fdata-sections -Wall -fstack-usage -fcyclomatic-complexity -MMD -MP -MF"Src/main.d" -MT"Src/main.o" --specs=nano.specs -mfpu=fpv4-sp-d16 -mfloat-abi=hard -mthumb -o "Src/main.o"
arm-none-eabi-gcc -o "vrs_cvicenie_4.elf" @"objects.list"   -mcpu=cortex-m4 -T"/home/laptop/school/VRS/vrs_cvicenie_4/STM32F303K8TX_FLASH.ld" --specs=nosys.specs -Wl,-Map="vrs_cvicenie_4.map" -Wl,--gc-sections -static --specs=nano.specs -mfpu=fpv4-sp-d16 -mfloat-abi=hard -mthumb -Wl,--start-group -lc -lm -Wl,--end-group
Finished building target: vrs_cvicenie_4.elf
 
arm-none-eabi-size   vrs_cvicenie_4.elf 
arm-none-eabi-objdump -h -S  vrs_cvicenie_4.elf  > "vrs_cvicenie_4.list"
   text	   data	    bss	    dec	    hex	filename
  10460	     92	   2076	  12628	   3154	vrs_cvicenie_4.elf
Finished building: default.size.stdout
 
Finished building: vrs_cvicenie_4.list
 
14:24:05 **** Incremental Build of configuration Debug for project vrs_cvicenie_4 ****
make -j12 all 
arm-none-eabi-gcc "../Src/main.c" -mcpu=cortex-m4 -std=gnu11 -g3 -DEXTERNAL_CLOCK_VALUE=8000000 -DHSE_VALUE=8000000 -DHSE_STARTUP_TIMEOUT=100 -DDEBUG -DLSE_STARTUP_TIMEOUT=5000 -DLSE_VALUE=32768 -DVDD_VALUE=3300 -DLSI_VALUE=40000 -DHSI_VALUE=8000000 -DSTM32F303x8 -DUSE_FULL_LL_DRIVER -DPREFETCH_ENABLE=1 -DPOLLING=1 -c -I../Inc -I../Drivers/CMSIS/Include -I../Drivers/STM32F3xx_HAL_Driver/Inc -I../Drivers/CMSIS/Device/ST/STM32F3xx/Include -O0 -ffunction-sections -fdata-sections -Wall -fstack-usage -fcyclomatic-complexity -MMD -MP -MF"Src/main.d" -MT"Src/main.o" --specs=nano.specs -mfpu=fpv4-sp-d16 -mfloat-abi=hard -mthumb -o "Src/main.o"
../Src/main.c: In function 'proccesDmaData':
../Src/main.c:168:41: error: 'tx_buffer' undeclared (first use in this function); did you mean 'buffer'?
  168 |                 uint16_t  len = sprintf(tx_buffer, "Valid string: %s, lower-case: %d, upper-case: %d\r\n",buffer,lettercount.small_letter,lettercount.capital_letter);
      |                                         ^~~~~~~~~
      |                                         buffer
../Src/main.c:168:41: note: each undeclared identifier is reported only once for each function it appears in
make: *** [Src/subdir.mk:40: Src/main.o] Error 1
"make -j12 all" terminated with exit code 2. Build might be incomplete.
14:24:23 **** Incremental Build of configuration Debug for project vrs_cvicenie_4 ****
make -j12 all 
arm-none-eabi-gcc "../Src/main.c" -mcpu=cortex-m4 -std=gnu11 -g3 -DEXTERNAL_CLOCK_VALUE=8000000 -DHSE_VALUE=8000000 -DHSE_STARTUP_TIMEOUT=100 -DDEBUG -DLSE_STARTUP_TIMEOUT=5000 -DLSE_VALUE=32768 -DVDD_VALUE=3300 -DLSI_VALUE=40000 -DHSI_VALUE=8000000 -DSTM32F303x8 -DUSE_FULL_LL_DRIVER -DPREFETCH_ENABLE=1 -DPOLLING=1 -c -I../Inc -I../Drivers/CMSIS/Include -I../Drivers/STM32F3xx_HAL_Driver/Inc -I../Drivers/CMSIS/Device/ST/STM32F3xx/Include -O0 -ffunction-sections -fdata-sections -Wall -fstack-usage -fcyclomatic-complexity -MMD -MP -MF"Src/main.d" -MT"Src/main.o" --specs=nano.specs -mfpu=fpv4-sp-d16 -mfloat-abi=hard -mthumb -o "Src/main.o"
arm-none-eabi-gcc -o "vrs_cvicenie_4.elf" @"objects.list"   -mcpu=cortex-m4 -T"/home/laptop/school/VRS/vrs_cvicenie_4/STM32F303K8TX_FLASH.ld" --specs=nosys.specs -Wl,-Map="vrs_cvicenie_4.map" -Wl,--gc-sections -static --specs=nano.specs -mfpu=fpv4-sp-d16 -mfloat-abi=hard -mthumb -Wl,--start-group -lc -lm -Wl,--end-group
Finished building target: vrs_cvicenie_4.elf
 
arm-none-eabi-size   vrs_cvicenie_4.elf 
arm-none-eabi-objdump -h -S  vrs_cvicenie_4.elf  > "vrs_cvicenie_4.list"
   text	   data	    bss	    dec	    hex	filename
  10516	     92	   2076	  12684	   318c	vrs_cvicenie_4.elf
Finished building: default.size.stdout
 
Finished building: vrs_cvicenie_4.list
 
14:24:50 **** Incremental Build of configuration Debug for project vrs_cvicenie_4 ****
make -j12 all 
arm-none-eabi-gcc "../Src/main.c" -mcpu=cortex-m4 -std=gnu11 -g3 -DEXTERNAL_CLOCK_VALUE=8000000 -DHSE_VALUE=8000000 -DHSE_STARTUP_TIMEOUT=100 -DDEBUG -DLSE_STARTUP_TIMEOUT=5000 -DLSE_VALUE=32768 -DVDD_VALUE=3300 -DLSI_VALUE=40000 -DHSI_VALUE=8000000 -DSTM32F303x8 -DUSE_FULL_LL_DRIVER -DPREFETCH_ENABLE=1 -DPOLLING=1 -c -I../Inc -I../Drivers/CMSIS/Include -I../Drivers/STM32F3xx_HAL_Driver/Inc -I../Drivers/CMSIS/Device/ST/STM32F3xx/Include -O0 -ffunction-sections -fdata-sections -Wall -fstack-usage -fcyclomatic-complexity -MMD -MP -MF"Src/main.d" -MT"Src/main.o" --specs=nano.specs -mfpu=fpv4-sp-d16 -mfloat-abi=hard -mthumb -o "Src/main.o"
arm-none-eabi-gcc -o "vrs_cvicenie_4.elf" @"objects.list"   -mcpu=cortex-m4 -T"/home/laptop/school/VRS/vrs_cvicenie_4/STM32F303K8TX_FLASH.ld" --specs=nosys.specs -Wl,-Map="vrs_cvicenie_4.map" -Wl,--gc-sections -static --specs=nano.specs -mfpu=fpv4-sp-d16 -mfloat-abi=hard -mthumb -Wl,--start-group -lc -lm -Wl,--end-group
Finished building target: vrs_cvicenie_4.elf
 
arm-none-eabi-size   vrs_cvicenie_4.elf 
arm-none-eabi-objdump -h -S  vrs_cvicenie_4.elf  > "vrs_cvicenie_4.list"
   text	   data	    bss	    dec	    hex	filename
  10520	     92	   2076	  12688	   3190	vrs_cvicenie_4.elf
Finished building: default.size.stdout
 
Finished building: vrs_cvicenie_4.list
 
14:25:42 **** Incremental Build of configuration Debug for project vrs_cvicenie_4 ****
make -j12 all 
arm-none-eabi-gcc "../Src/main.c" -mcpu=cortex-m4 -std=gnu11 -g3 -DEXTERNAL_CLOCK_VALUE=8000000 -DHSE_VALUE=8000000 -DHSE_STARTUP_TIMEOUT=100 -DDEBUG -DLSE_STARTUP_TIMEOUT=5000 -DLSE_VALUE=32768 -DVDD_VALUE=3300 -DLSI_VALUE=40000 -DHSI_VALUE=8000000 -DSTM32F303x8 -DUSE_FULL_LL_DRIVER -DPREFETCH_ENABLE=1 -DPOLLING=1 -c -I../Inc -I../Drivers/CMSIS/Include -I../Drivers/STM32F3xx_HAL_Driver/Inc -I../Drivers/CMSIS/Device/ST/STM32F3xx/Include -O0 -ffunction-sections -fdata-sections -Wall -fstack-usage -fcyclomatic-complexity -MMD -MP -MF"Src/main.d" -MT"Src/main.o" --specs=nano.specs -mfpu=fpv4-sp-d16 -mfloat-abi=hard -mthumb -o "Src/main.o"
arm-none-eabi-gcc -o "vrs_cvicenie_4.elf" @"objects.list"   -mcpu=cortex-m4 -T"/home/laptop/school/VRS/vrs_cvicenie_4/STM32F303K8TX_FLASH.ld" --specs=nosys.specs -Wl,-Map="vrs_cvicenie_4.map" -Wl,--gc-sections -static --specs=nano.specs -mfpu=fpv4-sp-d16 -mfloat-abi=hard -mthumb -Wl,--start-group -lc -lm -Wl,--end-group
Finished building target: vrs_cvicenie_4.elf
 
arm-none-eabi-size   vrs_cvicenie_4.elf 
arm-none-eabi-objdump -h -S  vrs_cvicenie_4.elf  > "vrs_cvicenie_4.list"
   text	   data	    bss	    dec	    hex	filename
  10472	     92	   2076	  12640	   3160	vrs_cvicenie_4.elf
Finished building: default.size.stdout
 
Finished building: vrs_cvicenie_4.list
 
14:27:49 **** Incremental Build of configuration Debug for project vrs_cvicenie_4 ****
make -j12 all 
arm-none-eabi-gcc "../Src/main.c" -mcpu=cortex-m4 -std=gnu11 -g3 -DEXTERNAL_CLOCK_VALUE=8000000 -DHSE_VALUE=8000000 -DHSE_STARTUP_TIMEOUT=100 -DDEBUG -DLSE_STARTUP_TIMEOUT=5000 -DLSE_VALUE=32768 -DVDD_VALUE=3300 -DLSI_VALUE=40000 -DHSI_VALUE=8000000 -DSTM32F303x8 -DUSE_FULL_LL_DRIVER -DPREFETCH_ENABLE=1 -DPOLLING=1 -c -I../Inc -I../Drivers/CMSIS/Include -I../Drivers/STM32F3xx_HAL_Driver/Inc -I../Drivers/CMSIS/Device/ST/STM32F3xx/Include -O0 -ffunction-sections -fdata-sections -Wall -fstack-usage -fcyclomatic-complexity -MMD -MP -MF"Src/main.d" -MT"Src/main.o" --specs=nano.specs -mfpu=fpv4-sp-d16 -mfloat-abi=hard -mthumb -o "Src/main.o"
arm-none-eabi-gcc -o "vrs_cvicenie_4.elf" @"objects.list"   -mcpu=cortex-m4 -T"/home/laptop/school/VRS/vrs_cvicenie_4/STM32F303K8TX_FLASH.ld" --specs=nosys.specs -Wl,-Map="vrs_cvicenie_4.map" -Wl,--gc-sections -static --specs=nano.specs -mfpu=fpv4-sp-d16 -mfloat-abi=hard -mthumb -Wl,--start-group -lc -lm -Wl,--end-group
Finished building target: vrs_cvicenie_4.elf
 
arm-none-eabi-size   vrs_cvicenie_4.elf 
arm-none-eabi-objdump -h -S  vrs_cvicenie_4.elf  > "vrs_cvicenie_4.list"
   text	   data	    bss	    dec	    hex	filename
  10516	     92	   2076	  12684	   318c	vrs_cvicenie_4.elf
Finished building: default.size.stdout
 
Finished building: vrs_cvicenie_4.list
 
14:28:52 **** Incremental Build of configuration Debug for project vrs_cvicenie_4 ****
make -j12 all 
arm-none-eabi-gcc "../Src/main.c" -mcpu=cortex-m4 -std=gnu11 -g3 -DEXTERNAL_CLOCK_VALUE=8000000 -DHSE_VALUE=8000000 -DHSE_STARTUP_TIMEOUT=100 -DDEBUG -DLSE_STARTUP_TIMEOUT=5000 -DLSE_VALUE=32768 -DVDD_VALUE=3300 -DLSI_VALUE=40000 -DHSI_VALUE=8000000 -DSTM32F303x8 -DUSE_FULL_LL_DRIVER -DPREFETCH_ENABLE=1 -DPOLLING=1 -c -I../Inc -I../Drivers/CMSIS/Include -I../Drivers/STM32F3xx_HAL_Driver/Inc -I../Drivers/CMSIS/Device/ST/STM32F3xx/Include -O0 -ffunction-sections -fdata-sections -Wall -fstack-usage -fcyclomatic-complexity -MMD -MP -MF"Src/main.d" -MT"Src/main.o" --specs=nano.specs -mfpu=fpv4-sp-d16 -mfloat-abi=hard -mthumb -o "Src/main.o"
arm-none-eabi-gcc -o "vrs_cvicenie_4.elf" @"objects.list"   -mcpu=cortex-m4 -T"/home/laptop/school/VRS/vrs_cvicenie_4/STM32F303K8TX_FLASH.ld" --specs=nosys.specs -Wl,-Map="vrs_cvicenie_4.map" -Wl,--gc-sections -static --specs=nano.specs -mfpu=fpv4-sp-d16 -mfloat-abi=hard -mthumb -Wl,--start-group -lc -lm -Wl,--end-group
Finished building target: vrs_cvicenie_4.elf
 
arm-none-eabi-size   vrs_cvicenie_4.elf 
arm-none-eabi-objdump -h -S  vrs_cvicenie_4.elf  > "vrs_cvicenie_4.list"
   text	   data	    bss	    dec	    hex	filename
  10528	     92	   2076	  12696	   3198	vrs_cvicenie_4.elf
Finished building: default.size.stdout
 
Finished building: vrs_cvicenie_4.list
 
14:30:53 **** Incremental Build of configuration Debug for project vrs_cvicenie_4 ****
make -j12 all 
arm-none-eabi-gcc "../Src/main.c" -mcpu=cortex-m4 -std=gnu11 -g3 -DEXTERNAL_CLOCK_VALUE=8000000 -DHSE_VALUE=8000000 -DHSE_STARTUP_TIMEOUT=100 -DDEBUG -DLSE_STARTUP_TIMEOUT=5000 -DLSE_VALUE=32768 -DVDD_VALUE=3300 -DLSI_VALUE=40000 -DHSI_VALUE=8000000 -DSTM32F303x8 -DUSE_FULL_LL_DRIVER -DPREFETCH_ENABLE=1 -DPOLLING=1 -c -I../Inc -I../Drivers/CMSIS/Include -I../Drivers/STM32F3xx_HAL_Driver/Inc -I../Drivers/CMSIS/Device/ST/STM32F3xx/Include -O0 -ffunction-sections -fdata-sections -Wall -fstack-usage -fcyclomatic-complexity -MMD -MP -MF"Src/main.d" -MT"Src/main.o" --specs=nano.specs -mfpu=fpv4-sp-d16 -mfloat-abi=hard -mthumb -o "Src/main.o"
arm-none-eabi-gcc -o "vrs_cvicenie_4.elf" @"objects.list"   -mcpu=cortex-m4 -T"/home/laptop/school/VRS/vrs_cvicenie_4/STM32F303K8TX_FLASH.ld" --specs=nosys.specs -Wl,-Map="vrs_cvicenie_4.map" -Wl,--gc-sections -static --specs=nano.specs -mfpu=fpv4-sp-d16 -mfloat-abi=hard -mthumb -Wl,--start-group -lc -lm -Wl,--end-group
Finished building target: vrs_cvicenie_4.elf
 
arm-none-eabi-size   vrs_cvicenie_4.elf 
arm-none-eabi-objdump -h -S  vrs_cvicenie_4.elf  > "vrs_cvicenie_4.list"
   text	   data	    bss	    dec	    hex	filename
  10528	     92	   2076	  12696	   3198	vrs_cvicenie_4.elf
Finished building: default.size.stdout
 
Finished building: vrs_cvicenie_4.list
 
14:31:27 **** Incremental Build of configuration Debug for project vrs_cvicenie_4 ****
make -j12 all 
arm-none-eabi-gcc "../Src/main.c" -mcpu=cortex-m4 -std=gnu11 -g3 -DEXTERNAL_CLOCK_VALUE=8000000 -DHSE_VALUE=8000000 -DHSE_STARTUP_TIMEOUT=100 -DDEBUG -DLSE_STARTUP_TIMEOUT=5000 -DLSE_VALUE=32768 -DVDD_VALUE=3300 -DLSI_VALUE=40000 -DHSI_VALUE=8000000 -DSTM32F303x8 -DUSE_FULL_LL_DRIVER -DPREFETCH_ENABLE=1 -DPOLLING=1 -c -I../Inc -I../Drivers/CMSIS/Include -I../Drivers/STM32F3xx_HAL_Driver/Inc -I../Drivers/CMSIS/Device/ST/STM32F3xx/Include -O0 -ffunction-sections -fdata-sections -Wall -fstack-usage -fcyclomatic-complexity -MMD -MP -MF"Src/main.d" -MT"Src/main.o" --specs=nano.specs -mfpu=fpv4-sp-d16 -mfloat-abi=hard -mthumb -o "Src/main.o"
arm-none-eabi-gcc -o "vrs_cvicenie_4.elf" @"objects.list"   -mcpu=cortex-m4 -T"/home/laptop/school/VRS/vrs_cvicenie_4/STM32F303K8TX_FLASH.ld" --specs=nosys.specs -Wl,-Map="vrs_cvicenie_4.map" -Wl,--gc-sections -static --specs=nano.specs -mfpu=fpv4-sp-d16 -mfloat-abi=hard -mthumb -Wl,--start-group -lc -lm -Wl,--end-group
Finished building target: vrs_cvicenie_4.elf
 
arm-none-eabi-size   vrs_cvicenie_4.elf 
arm-none-eabi-objdump -h -S  vrs_cvicenie_4.elf  > "vrs_cvicenie_4.list"
   text	   data	    bss	    dec	    hex	filename
  10512	     92	   2076	  12680	   3188	vrs_cvicenie_4.elf
Finished building: default.size.stdout
 
Finished building: vrs_cvicenie_4.list
 
14:32:39 **** Incremental Build of configuration Debug for project vrs_cvicenie_4 ****
make -j12 all 
arm-none-eabi-gcc "../Src/main.c" -mcpu=cortex-m4 -std=gnu11 -g3 -DEXTERNAL_CLOCK_VALUE=8000000 -DHSE_VALUE=8000000 -DHSE_STARTUP_TIMEOUT=100 -DDEBUG -DLSE_STARTUP_TIMEOUT=5000 -DLSE_VALUE=32768 -DVDD_VALUE=3300 -DLSI_VALUE=40000 -DHSI_VALUE=8000000 -DSTM32F303x8 -DUSE_FULL_LL_DRIVER -DPREFETCH_ENABLE=1 -DPOLLING=1 -c -I../Inc -I../Drivers/CMSIS/Include -I../Drivers/STM32F3xx_HAL_Driver/Inc -I../Drivers/CMSIS/Device/ST/STM32F3xx/Include -O0 -ffunction-sections -fdata-sections -Wall -fstack-usage -fcyclomatic-complexity -MMD -MP -MF"Src/main.d" -MT"Src/main.o" --specs=nano.specs -mfpu=fpv4-sp-d16 -mfloat-abi=hard -mthumb -o "Src/main.o"
arm-none-eabi-gcc -o "vrs_cvicenie_4.elf" @"objects.list"   -mcpu=cortex-m4 -T"/home/laptop/school/VRS/vrs_cvicenie_4/STM32F303K8TX_FLASH.ld" --specs=nosys.specs -Wl,-Map="vrs_cvicenie_4.map" -Wl,--gc-sections -static --specs=nano.specs -mfpu=fpv4-sp-d16 -mfloat-abi=hard -mthumb -Wl,--start-group -lc -lm -Wl,--end-group
Finished building target: vrs_cvicenie_4.elf
 
arm-none-eabi-size   vrs_cvicenie_4.elf 
arm-none-eabi-objdump -h -S  vrs_cvicenie_4.elf  > "vrs_cvicenie_4.list"
   text	   data	    bss	    dec	    hex	filename
  10664	     92	   2076	  12832	   3220	vrs_cvicenie_4.elf
Finished building: default.size.stdout
 
Finished building: vrs_cvicenie_4.list
 
14:33:39 **** Incremental Build of configuration Debug for project vrs_cvicenie_4 ****
make -j12 all 
arm-none-eabi-gcc "../Src/main.c" -mcpu=cortex-m4 -std=gnu11 -g3 -DEXTERNAL_CLOCK_VALUE=8000000 -DHSE_VALUE=8000000 -DHSE_STARTUP_TIMEOUT=100 -DDEBUG -DLSE_STARTUP_TIMEOUT=5000 -DLSE_VALUE=32768 -DVDD_VALUE=3300 -DLSI_VALUE=40000 -DHSI_VALUE=8000000 -DSTM32F303x8 -DUSE_FULL_LL_DRIVER -DPREFETCH_ENABLE=1 -DPOLLING=1 -c -I../Inc -I../Drivers/CMSIS/Include -I../Drivers/STM32F3xx_HAL_Driver/Inc -I../Drivers/CMSIS/Device/ST/STM32F3xx/Include -O0 -ffunction-sections -fdata-sections -Wall -fstack-usage -fcyclomatic-complexity -MMD -MP -MF"Src/main.d" -MT"Src/main.o" --specs=nano.specs -mfpu=fpv4-sp-d16 -mfloat-abi=hard -mthumb -o "Src/main.o"
arm-none-eabi-gcc -o "vrs_cvicenie_4.elf" @"objects.list"   -mcpu=cortex-m4 -T"/home/laptop/school/VRS/vrs_cvicenie_4/STM32F303K8TX_FLASH.ld" --specs=nosys.specs -Wl,-Map="vrs_cvicenie_4.map" -Wl,--gc-sections -static --specs=nano.specs -mfpu=fpv4-sp-d16 -mfloat-abi=hard -mthumb -Wl,--start-group -lc -lm -Wl,--end-group
Finished building target: vrs_cvicenie_4.elf
 
arm-none-eabi-size   vrs_cvicenie_4.elf 
arm-none-eabi-objdump -h -S  vrs_cvicenie_4.elf  > "vrs_cvicenie_4.list"
   text	   data	    bss	    dec	    hex	filename
  10672	     92	   2076	  12840	   3228	vrs_cvicenie_4.elf
Finished building: default.size.stdout
 
Finished building: vrs_cvicenie_4.list
 
14:34:56 **** Incremental Build of configuration Debug for project vrs_cvicenie_4 ****
make -j12 all 
arm-none-eabi-gcc "../Src/main.c" -mcpu=cortex-m4 -std=gnu11 -g3 -DEXTERNAL_CLOCK_VALUE=8000000 -DHSE_VALUE=8000000 -DHSE_STARTUP_TIMEOUT=100 -DDEBUG -DLSE_STARTUP_TIMEOUT=5000 -DLSE_VALUE=32768 -DVDD_VALUE=3300 -DLSI_VALUE=40000 -DHSI_VALUE=8000000 -DSTM32F303x8 -DUSE_FULL_LL_DRIVER -DPREFETCH_ENABLE=1 -DPOLLING=1 -c -I../Inc -I../Drivers/CMSIS/Include -I../Drivers/STM32F3xx_HAL_Driver/Inc -I../Drivers/CMSIS/Device/ST/STM32F3xx/Include -O0 -ffunction-sections -fdata-sections -Wall -fstack-usage -fcyclomatic-complexity -MMD -MP -MF"Src/main.d" -MT"Src/main.o" --specs=nano.specs -mfpu=fpv4-sp-d16 -mfloat-abi=hard -mthumb -o "Src/main.o"
arm-none-eabi-gcc -o "vrs_cvicenie_4.elf" @"objects.list"   -mcpu=cortex-m4 -T"/home/laptop/school/VRS/vrs_cvicenie_4/STM32F303K8TX_FLASH.ld" --specs=nosys.specs -Wl,-Map="vrs_cvicenie_4.map" -Wl,--gc-sections -static --specs=nano.specs -mfpu=fpv4-sp-d16 -mfloat-abi=hard -mthumb -Wl,--start-group -lc -lm -Wl,--end-group
Finished building target: vrs_cvicenie_4.elf
 
arm-none-eabi-size   vrs_cvicenie_4.elf 
arm-none-eabi-objdump -h -S  vrs_cvicenie_4.elf  > "vrs_cvicenie_4.list"
   text	   data	    bss	    dec	    hex	filename
  10684	     92	   2076	  12852	   3234	vrs_cvicenie_4.elf
Finished building: default.size.stdout
 
Finished building: vrs_cvicenie_4.list
 
14:35:45 **** Incremental Build of configuration Debug for project vrs_cvicenie_4 ****
make -j12 all 
arm-none-eabi-gcc "../Src/main.c" -mcpu=cortex-m4 -std=gnu11 -g3 -DEXTERNAL_CLOCK_VALUE=8000000 -DHSE_VALUE=8000000 -DHSE_STARTUP_TIMEOUT=100 -DDEBUG -DLSE_STARTUP_TIMEOUT=5000 -DLSE_VALUE=32768 -DVDD_VALUE=3300 -DLSI_VALUE=40000 -DHSI_VALUE=8000000 -DSTM32F303x8 -DUSE_FULL_LL_DRIVER -DPREFETCH_ENABLE=1 -DPOLLING=1 -c -I../Inc -I../Drivers/CMSIS/Include -I../Drivers/STM32F3xx_HAL_Driver/Inc -I../Drivers/CMSIS/Device/ST/STM32F3xx/Include -O0 -ffunction-sections -fdata-sections -Wall -fstack-usage -fcyclomatic-complexity -MMD -MP -MF"Src/main.d" -MT"Src/main.o" --specs=nano.specs -mfpu=fpv4-sp-d16 -mfloat-abi=hard -mthumb -o "Src/main.o"
arm-none-eabi-gcc -o "vrs_cvicenie_4.elf" @"objects.list"   -mcpu=cortex-m4 -T"/home/laptop/school/VRS/vrs_cvicenie_4/STM32F303K8TX_FLASH.ld" --specs=nosys.specs -Wl,-Map="vrs_cvicenie_4.map" -Wl,--gc-sections -static --specs=nano.specs -mfpu=fpv4-sp-d16 -mfloat-abi=hard -mthumb -Wl,--start-group -lc -lm -Wl,--end-group
Finished building target: vrs_cvicenie_4.elf
 
arm-none-eabi-size   vrs_cvicenie_4.elf 
arm-none-eabi-objdump -h -S  vrs_cvicenie_4.elf  > "vrs_cvicenie_4.list"
   text	   data	    bss	    dec	    hex	filename
  10684	     92	   2076	  12852	   3234	vrs_cvicenie_4.elf
Finished building: default.size.stdout
 
Finished building: vrs_cvicenie_4.list
 
