17:32:42 **** Incremental Build of configuration Debug for project kokot ****
make -j12 all 
arm-none-eabi-gcc "../Core/Src/main.c" -mcpu=cortex-m4 -std=gnu11 -g3 -DDEBUG -DSTM32F303x8 -DUSE_FULL_LL_DRIVER -DHSE_VALUE=8000000 -DHSE_STARTUP_TIMEOUT=100 -DLSE_STARTUP_TIMEOUT=5000 -DLSE_VALUE=32768 -DEXTERNAL_CLOCK_VALUE=8000000 -DHSI_VALUE=8000000 -DLSI_VALUE=40000 -DVDD_VALUE=3300 -DPREFETCH_ENABLE=1 -c -I../Core/Inc -I../Drivers/STM32F3xx_HAL_Driver/Inc -I../Drivers/CMSIS/Device/ST/STM32F3xx/Include -I../Drivers/CMSIS/Include -O0 -ffunction-sections -fdata-sections -Wall -fstack-usage -fcyclomatic-complexity -MMD -MP -MF"Core/Src/main.d" -MT"Core/Src/main.o" --specs=nano.specs -mfpu=fpv4-sp-d16 -mfloat-abi=hard -mthumb -o "Core/Src/main.o"
../Core/Src/main.c: In function 'main':
../Core/Src/main.c:132:17: warning: implicit declaration of function 'sprintf' [-Wimplicit-function-declaration]
  132 |           len = sprintf(buffer, "%2.1f,%2.0f,%4.2f,%3.2f\n",temp,hum,press,alt);
      |                 ^~~~~~~
../Core/Src/main.c:29:1: note: include '<stdio.h>' or provide a declaration of 'sprintf'
   28 | #include "../Drivers/LPS22HB/lps22hb.h"
  +++ |+#include <stdio.h>
   29 | 
../Core/Src/main.c:132:17: warning: incompatible implicit declaration of built-in function 'sprintf' [-Wbuiltin-declaration-mismatch]
  132 |           len = sprintf(buffer, "%2.1f,%2.0f,%4.2f,%3.2f\n",temp,hum,press,alt);
      |                 ^~~~~~~
../Core/Src/main.c:132:17: note: include '<stdio.h>' or provide a declaration of 'sprintf'
../Core/Src/main.c:132:25: warning: pointer targets in passing argument 1 of 'sprintf' differ in signedness [-Wpointer-sign]
  132 |           len = sprintf(buffer, "%2.1f,%2.0f,%4.2f,%3.2f\n",temp,hum,press,alt);
      |                         ^~~~~~
      |                         |
      |                         uint8_t * {aka unsigned char *}
../Core/Src/main.c:132:25: note: expected 'char *' but argument is of type 'uint8_t *' {aka 'unsigned char *'}
arm-none-eabi-gcc -o "kokot.elf" @"objects.list"   -mcpu=cortex-m4 -T"/home/laptop/school/VRS/kokot/STM32F303K8TX_FLASH.ld" --specs=nosys.specs -Wl,-Map="kokot.map" -Wl,--gc-sections -static --specs=nano.specs -mfpu=fpv4-sp-d16 -mfloat-abi=hard -mthumb -u _printf_float -Wl,--start-group -lc -lm -Wl,--end-group
Finished building target: kokot.elf
 
arm-none-eabi-size   kokot.elf 
arm-none-eabi-objdump -h -S  kokot.elf  > "kokot.list"
   text	   data	    bss	    dec	    hex	filename
  29512	    488	   1944	  31944	   7cc8	kokot.elf
Finished building: default.size.stdout
 
Finished building: kokot.list
 
17:33:09 **** Incremental Build of configuration Debug for project kokot ****
make -j12 all 
arm-none-eabi-gcc "../Core/Src/main.c" -mcpu=cortex-m4 -std=gnu11 -g3 -DDEBUG -DSTM32F303x8 -DUSE_FULL_LL_DRIVER -DHSE_VALUE=8000000 -DHSE_STARTUP_TIMEOUT=100 -DLSE_STARTUP_TIMEOUT=5000 -DLSE_VALUE=32768 -DEXTERNAL_CLOCK_VALUE=8000000 -DHSI_VALUE=8000000 -DLSI_VALUE=40000 -DVDD_VALUE=3300 -DPREFETCH_ENABLE=1 -c -I../Core/Inc -I../Drivers/STM32F3xx_HAL_Driver/Inc -I../Drivers/CMSIS/Device/ST/STM32F3xx/Include -I../Drivers/CMSIS/Include -O0 -ffunction-sections -fdata-sections -Wall -fstack-usage -fcyclomatic-complexity -MMD -MP -MF"Core/Src/main.d" -MT"Core/Src/main.o" --specs=nano.specs -mfpu=fpv4-sp-d16 -mfloat-abi=hard -mthumb -o "Core/Src/main.o"
../Core/Src/main.c: In function 'main':
../Core/Src/main.c:133:25: warning: pointer targets in passing argument 1 of 'sprintf' differ in signedness [-Wpointer-sign]
  133 |           len = sprintf(buffer, "%2.1f,%2.0f,%4.2f,%3.2f\n",temp,hum,press,alt);
      |                         ^~~~~~
      |                         |
      |                         uint8_t * {aka unsigned char *}
In file included from ../Core/Src/main.c:26:
/opt/st/stm32cubeide_1.13.2/plugins/com.st.stm32cube.ide.mcu.externaltools.gnu-tools-for-stm32.11.3.rel1.linux64_1.1.1.202309131626/tools/arm-none-eabi/include/stdio.h:254:18: note: expected 'char * restrict' but argument is of type 'uint8_t *' {aka 'unsigned char *'}
  254 | int     sprintf (char *__restrict, const char *__restrict, ...)
      |                  ^
arm-none-eabi-gcc -o "kokot.elf" @"objects.list"   -mcpu=cortex-m4 -T"/home/laptop/school/VRS/kokot/STM32F303K8TX_FLASH.ld" --specs=nosys.specs -Wl,-Map="kokot.map" -Wl,--gc-sections -static --specs=nano.specs -mfpu=fpv4-sp-d16 -mfloat-abi=hard -mthumb -u _printf_float -Wl,--start-group -lc -lm -Wl,--end-group
Finished building target: kokot.elf
 
arm-none-eabi-size   kokot.elf 
arm-none-eabi-objdump -h -S  kokot.elf  > "kokot.list"
   text	   data	    bss	    dec	    hex	filename
  29512	    488	   1944	  31944	   7cc8	kokot.elf
Finished building: default.size.stdout
 
Finished building: kokot.list
 
