16:08:30 **** Incremental Build of configuration Debug for project vrs_cvicenie_1 ****
make -j12 all 
arm-none-eabi-gcc "../Src/main.c" -mcpu=cortex-m4 -std=gnu11 -g3 -DSTM32F303x8 -DDEBUG -c -I../Inc -I../Drivers/CMSIS/Include -I../Drivers/STM32F3xx_HAL_Driver/Inc -I../Drivers/STM32F3xx_HAL_Driver/Inc/Legacy -I../Drivers/CMSIS/Device/ST/STM32F3xx/Include -O0 -ffunction-sections -fdata-sections -Wall -fstack-usage -fcyclomatic-complexity -MMD -MP -MF"Src/main.d" -MT"Src/main.o" --specs=nano.specs -mfpu=fpv4-sp-d16 -mfloat-abi=hard -mthumb -o "Src/main.o"
In file included from ../Src/main.c:23:
../Inc/assignment.h:49:1: error: unknown type name 'EDGE_TYPE'
   49 | EDGE_TYPE edgeDetect(uint8_t pin_state, uint8_t samples);
      | ^~~~~~~~~
../Src/main.c: In function 'main':
../Src/main.c:76:3: error: unknown type name 'EDGE_TYPE'; use 'enum' keyword to refer to the type
   76 |   EDGE_TYPE edge;
      |   ^~~~~~~~~
      |   enum 
../Src/main.c:81:24: warning: self-comparison always evaluates to false [-Wtautological-compare]
   81 |                   edge != edge;
      |                        ^~
../Src/main.c:81:19: warning: statement with no effect [-Wunused-value]
   81 |                   edge != edge;
      |                   ^~~~
../Src/main.c: At top level:
../Src/main.c:91:1: error: unknown type name 'EDGE_TYPE'; use 'enum' keyword to refer to the type
   91 | EDGE_TYPE edgeDetect(uint8_t pin_state, uint8_t samples){
      | ^~~~~~~~~
      | enum 
../Src/main.c: In function 'edgeDetect':
../Src/main.c:94:21: error: unknown type name 'size_t'
   94 |                 for(size_t i = 0; i < samples; i++){
      |                     ^~~~~~
../Src/main.c:25:1: note: 'size_t' is defined in header '<stddef.h>'; did you forget to '#include <stddef.h>'?
   24 | #include "stdbool.h"
  +++ |+#include <stddef.h>
   25 | 
../Src/main.c:104:21: error: unknown type name 'size_t'
  104 |                 for(size_t i = 0; i < samples; i++){
      |                     ^~~~~~
../Src/main.c:104:21: note: 'size_t' is defined in header '<stddef.h>'; did you forget to '#include <stddef.h>'?
../Src/main.c:114:1: warning: control reaches end of non-void function [-Wreturn-type]
  114 | }
      | ^
make: *** [Src/subdir.mk:31: Src/main.o] Error 1
"make -j12 all" terminated with exit code 2. Build might be incomplete.
16:09:03 **** Incremental Build of configuration Debug for project vrs_cvicenie_1 ****
make -j12 all 
arm-none-eabi-gcc "../Src/main.c" -mcpu=cortex-m4 -std=gnu11 -g3 -DSTM32F303x8 -DDEBUG -c -I../Inc -I../Drivers/CMSIS/Include -I../Drivers/STM32F3xx_HAL_Driver/Inc -I../Drivers/STM32F3xx_HAL_Driver/Inc/Legacy -I../Drivers/CMSIS/Device/ST/STM32F3xx/Include -O0 -ffunction-sections -fdata-sections -Wall -fstack-usage -fcyclomatic-complexity -MMD -MP -MF"Src/main.d" -MT"Src/main.o" --specs=nano.specs -mfpu=fpv4-sp-d16 -mfloat-abi=hard -mthumb -o "Src/main.o"
In file included from ../Src/main.c:23:
../Inc/assignment.h:49:1: error: unknown type name 'EDGE_TYPE'
   49 | EDGE_TYPE edgeDetect(uint8_t pin_state, uint8_t samples);
      | ^~~~~~~~~
../Src/main.c: In function 'main':
../Src/main.c:76:3: error: unknown type name 'EDGE_TYPE'; use 'enum' keyword to refer to the type
   76 |   EDGE_TYPE edge;
      |   ^~~~~~~~~
      |   enum 
../Src/main.c:81:24: warning: self-comparison always evaluates to false [-Wtautological-compare]
   81 |                   edge != edge;
      |                        ^~
../Src/main.c:81:19: warning: statement with no effect [-Wunused-value]
   81 |                   edge != edge;
      |                   ^~~~
../Src/main.c: At top level:
../Src/main.c:91:1: error: unknown type name 'EDGE_TYPE'; use 'enum' keyword to refer to the type
   91 | EDGE_TYPE edgeDetect(uint8_t pin_state, uint8_t samples){
      | ^~~~~~~~~
      | enum 
../Src/main.c: In function 'edgeDetect':
../Src/main.c:114:1: warning: control reaches end of non-void function [-Wreturn-type]
  114 | }
      | ^
make: *** [Src/subdir.mk:31: Src/main.o] Error 1
"make -j12 all" terminated with exit code 2. Build might be incomplete.
16:09:41 **** Incremental Build of configuration Debug for project vrs_cvicenie_1 ****
make -j12 all 
arm-none-eabi-gcc "../Src/main.c" -mcpu=cortex-m4 -std=gnu11 -g3 -DSTM32F303x8 -DDEBUG -c -I../Inc -I../Drivers/CMSIS/Include -I../Drivers/STM32F3xx_HAL_Driver/Inc -I../Drivers/STM32F3xx_HAL_Driver/Inc/Legacy -I../Drivers/CMSIS/Device/ST/STM32F3xx/Include -O0 -ffunction-sections -fdata-sections -Wall -fstack-usage -fcyclomatic-complexity -MMD -MP -MF"Src/main.d" -MT"Src/main.o" --specs=nano.specs -mfpu=fpv4-sp-d16 -mfloat-abi=hard -mthumb -o "Src/main.o"
../Src/main.c: In function 'main':
../Src/main.c:81:24: warning: self-comparison always evaluates to false [-Wtautological-compare]
   81 |                   edge != edge;
      |                        ^~
../Src/main.c:81:19: warning: statement with no effect [-Wunused-value]
   81 |                   edge != edge;
      |                   ^~~~
../Src/main.c: In function 'edgeDetect':
../Src/main.c:114:1: warning: control reaches end of non-void function [-Wreturn-type]
  114 | }
      | ^
arm-none-eabi-gcc -o "vrs_cvicenie_1.elf" @"objects.list"   -mcpu=cortex-m4 -T"/home/laptop/school/VRS/vrs_cvicenie_1/STM32F303K8TX_FLASH.ld" --specs=nosys.specs -Wl,-Map="vrs_cvicenie_1.map" -Wl,--gc-sections -static --specs=nano.specs -mfpu=fpv4-sp-d16 -mfloat-abi=hard -mthumb -Wl,--start-group -lc -lm -Wl,--end-group
Finished building target: vrs_cvicenie_1.elf
 
arm-none-eabi-size   vrs_cvicenie_1.elf 
arm-none-eabi-objdump -h -S  vrs_cvicenie_1.elf  > "vrs_cvicenie_1.list"
   text	   data	    bss	    dec	    hex	filename
   1256	      8	   1568	   2832	    b10	vrs_cvicenie_1.elf
Finished building: default.size.stdout
 
Finished building: vrs_cvicenie_1.list
 
16:10:13 **** Incremental Build of configuration Debug for project vrs_cvicenie_1 ****
make -j12 all 
arm-none-eabi-gcc "../Src/main.c" -mcpu=cortex-m4 -std=gnu11 -g3 -DSTM32F303x8 -DDEBUG -c -I../Inc -I../Drivers/CMSIS/Include -I../Drivers/STM32F3xx_HAL_Driver/Inc -I../Drivers/STM32F3xx_HAL_Driver/Inc/Legacy -I../Drivers/CMSIS/Device/ST/STM32F3xx/Include -O0 -ffunction-sections -fdata-sections -Wall -fstack-usage -fcyclomatic-complexity -MMD -MP -MF"Src/main.d" -MT"Src/main.o" --specs=nano.specs -mfpu=fpv4-sp-d16 -mfloat-abi=hard -mthumb -o "Src/main.o"
../Src/main.c: In function 'edgeDetect':
../Src/main.c:114:1: warning: control reaches end of non-void function [-Wreturn-type]
  114 | }
      | ^
arm-none-eabi-gcc -o "vrs_cvicenie_1.elf" @"objects.list"   -mcpu=cortex-m4 -T"/home/laptop/school/VRS/vrs_cvicenie_1/STM32F303K8TX_FLASH.ld" --specs=nosys.specs -Wl,-Map="vrs_cvicenie_1.map" -Wl,--gc-sections -static --specs=nano.specs -mfpu=fpv4-sp-d16 -mfloat-abi=hard -mthumb -Wl,--start-group -lc -lm -Wl,--end-group
Finished building target: vrs_cvicenie_1.elf
 
arm-none-eabi-size   vrs_cvicenie_1.elf 
arm-none-eabi-objdump -h -S  vrs_cvicenie_1.elf  > "vrs_cvicenie_1.list"
   text	   data	    bss	    dec	    hex	filename
   1276	      8	   1568	   2852	    b24	vrs_cvicenie_1.elf
Finished building: default.size.stdout
 
Finished building: vrs_cvicenie_1.list
 
16:10:38 **** Incremental Build of configuration Debug for project vrs_cvicenie_1 ****
make -j12 all 
arm-none-eabi-gcc "../Src/main.c" -mcpu=cortex-m4 -std=gnu11 -g3 -DSTM32F303x8 -DDEBUG -c -I../Inc -I../Drivers/CMSIS/Include -I../Drivers/STM32F3xx_HAL_Driver/Inc -I../Drivers/STM32F3xx_HAL_Driver/Inc/Legacy -I../Drivers/CMSIS/Device/ST/STM32F3xx/Include -O0 -ffunction-sections -fdata-sections -Wall -fstack-usage -fcyclomatic-complexity -MMD -MP -MF"Src/main.d" -MT"Src/main.o" --specs=nano.specs -mfpu=fpv4-sp-d16 -mfloat-abi=hard -mthumb -o "Src/main.o"
../Src/main.c: In function 'edgeDetect':
../Src/main.c:114:1: warning: control reaches end of non-void function [-Wreturn-type]
  114 | }
      | ^
arm-none-eabi-gcc -o "vrs_cvicenie_1.elf" @"objects.list"   -mcpu=cortex-m4 -T"/home/laptop/school/VRS/vrs_cvicenie_1/STM32F303K8TX_FLASH.ld" --specs=nosys.specs -Wl,-Map="vrs_cvicenie_1.map" -Wl,--gc-sections -static --specs=nano.specs -mfpu=fpv4-sp-d16 -mfloat-abi=hard -mthumb -Wl,--start-group -lc -lm -Wl,--end-group
Finished building target: vrs_cvicenie_1.elf
 
arm-none-eabi-size   vrs_cvicenie_1.elf 
arm-none-eabi-objdump -h -S  vrs_cvicenie_1.elf  > "vrs_cvicenie_1.list"
   text	   data	    bss	    dec	    hex	filename
   1288	      8	   1568	   2864	    b30	vrs_cvicenie_1.elf
Finished building: default.size.stdout
 
Finished building: vrs_cvicenie_1.list
 
16:10:52 **** Incremental Build of configuration Debug for project vrs_cvicenie_1 ****
make -j12 all 
arm-none-eabi-gcc "../Src/main.c" -mcpu=cortex-m4 -std=gnu11 -g3 -DSTM32F303x8 -DDEBUG -c -I../Inc -I../Drivers/CMSIS/Include -I../Drivers/STM32F3xx_HAL_Driver/Inc -I../Drivers/STM32F3xx_HAL_Driver/Inc/Legacy -I../Drivers/CMSIS/Device/ST/STM32F3xx/Include -O0 -ffunction-sections -fdata-sections -Wall -fstack-usage -fcyclomatic-complexity -MMD -MP -MF"Src/main.d" -MT"Src/main.o" --specs=nano.specs -mfpu=fpv4-sp-d16 -mfloat-abi=hard -mthumb -o "Src/main.o"
../Src/main.c: In function 'edgeDetect':
../Src/main.c:114:1: warning: control reaches end of non-void function [-Wreturn-type]
  114 | }
      | ^
arm-none-eabi-gcc -o "vrs_cvicenie_1.elf" @"objects.list"   -mcpu=cortex-m4 -T"/home/laptop/school/VRS/vrs_cvicenie_1/STM32F303K8TX_FLASH.ld" --specs=nosys.specs -Wl,-Map="vrs_cvicenie_1.map" -Wl,--gc-sections -static --specs=nano.specs -mfpu=fpv4-sp-d16 -mfloat-abi=hard -mthumb -Wl,--start-group -lc -lm -Wl,--end-group
Finished building target: vrs_cvicenie_1.elf
 
arm-none-eabi-size   vrs_cvicenie_1.elf 
arm-none-eabi-objdump -h -S  vrs_cvicenie_1.elf  > "vrs_cvicenie_1.list"
   text	   data	    bss	    dec	    hex	filename
   1288	      8	   1568	   2864	    b30	vrs_cvicenie_1.elf
Finished building: default.size.stdout
 
Finished building: vrs_cvicenie_1.list
 
16:11:20 **** Incremental Build of configuration Debug for project vrs_cvicenie_1 ****
make -j12 all 
arm-none-eabi-gcc "../Src/main.c" -mcpu=cortex-m4 -std=gnu11 -g3 -DSTM32F303x8 -DDEBUG -c -I../Inc -I../Drivers/CMSIS/Include -I../Drivers/STM32F3xx_HAL_Driver/Inc -I../Drivers/STM32F3xx_HAL_Driver/Inc/Legacy -I../Drivers/CMSIS/Device/ST/STM32F3xx/Include -O0 -ffunction-sections -fdata-sections -Wall -fstack-usage -fcyclomatic-complexity -MMD -MP -MF"Src/main.d" -MT"Src/main.o" --specs=nano.specs -mfpu=fpv4-sp-d16 -mfloat-abi=hard -mthumb -o "Src/main.o"
arm-none-eabi-gcc -o "vrs_cvicenie_1.elf" @"objects.list"   -mcpu=cortex-m4 -T"/home/laptop/school/VRS/vrs_cvicenie_1/STM32F303K8TX_FLASH.ld" --specs=nosys.specs -Wl,-Map="vrs_cvicenie_1.map" -Wl,--gc-sections -static --specs=nano.specs -mfpu=fpv4-sp-d16 -mfloat-abi=hard -mthumb -Wl,--start-group -lc -lm -Wl,--end-group
Finished building target: vrs_cvicenie_1.elf
 
arm-none-eabi-size   vrs_cvicenie_1.elf 
arm-none-eabi-objdump -h -S  vrs_cvicenie_1.elf  > "vrs_cvicenie_1.list"
   text	   data	    bss	    dec	    hex	filename
   1292	      8	   1568	   2868	    b34	vrs_cvicenie_1.elf
Finished building: default.size.stdout
 
Finished building: vrs_cvicenie_1.list
 
16:13:57 **** Incremental Build of configuration Debug for project vrs_cvicenie_1 ****
make -j12 all 
arm-none-eabi-gcc "../Src/main.c" -mcpu=cortex-m4 -std=gnu11 -g3 -DSTM32F303x8 -DDEBUG -c -I../Inc -I../Drivers/CMSIS/Include -I../Drivers/STM32F3xx_HAL_Driver/Inc -I../Drivers/STM32F3xx_HAL_Driver/Inc/Legacy -I../Drivers/CMSIS/Device/ST/STM32F3xx/Include -O0 -ffunction-sections -fdata-sections -Wall -fstack-usage -fcyclomatic-complexity -MMD -MP -MF"Src/main.d" -MT"Src/main.o" --specs=nano.specs -mfpu=fpv4-sp-d16 -mfloat-abi=hard -mthumb -o "Src/main.o"
../Src/main.c: In function 'main':
../Src/main.c:77:8: warning: variable 'prev_value' set but not used [-Wunused-but-set-variable]
   77 |   bool prev_value = 1;
      |        ^~~~~~~~~~
arm-none-eabi-gcc -o "vrs_cvicenie_1.elf" @"objects.list"   -mcpu=cortex-m4 -T"/home/laptop/school/VRS/vrs_cvicenie_1/STM32F303K8TX_FLASH.ld" --specs=nosys.specs -Wl,-Map="vrs_cvicenie_1.map" -Wl,--gc-sections -static --specs=nano.specs -mfpu=fpv4-sp-d16 -mfloat-abi=hard -mthumb -Wl,--start-group -lc -lm -Wl,--end-group
Finished building target: vrs_cvicenie_1.elf
 
arm-none-eabi-size   vrs_cvicenie_1.elf 
arm-none-eabi-objdump -h -S  vrs_cvicenie_1.elf  > "vrs_cvicenie_1.list"
   text	   data	    bss	    dec	    hex	filename
   1312	      8	   1568	   2888	    b48	vrs_cvicenie_1.elf
Finished building: default.size.stdout
 
Finished building: vrs_cvicenie_1.list
 
