19:10:13 **** Clean-only build of configuration Debug for project vrs_cvicenie_6 ****
make -j12 clean 
rm -rf ./Drivers/STM32F3xx_HAL_Driver/Src/stm32f3xx_hal.cyclo ./Drivers/STM32F3xx_HAL_Driver/Src/stm32f3xx_hal.d ./Drivers/STM32F3xx_HAL_Driver/Src/stm32f3xx_hal.o ./Drivers/STM32F3xx_HAL_Driver/Src/stm32f3xx_hal.su ./Drivers/STM32F3xx_HAL_Driver/Src/stm32f3xx_hal_cortex.cyclo ./Drivers/STM32F3xx_HAL_Driver/Src/stm32f3xx_hal_cortex.d ./Drivers/STM32F3xx_HAL_Driver/Src/stm32f3xx_hal_cortex.o ./Drivers/STM32F3xx_HAL_Driver/Src/stm32f3xx_hal_cortex.su ./Drivers/STM32F3xx_HAL_Driver/Src/stm32f3xx_hal_dma.cyclo ./Drivers/STM32F3xx_HAL_Driver/Src/stm32f3xx_hal_dma.d ./Drivers/STM32F3xx_HAL_Driver/Src/stm32f3xx_hal_dma.o ./Drivers/STM32F3xx_HAL_Driver/Src/stm32f3xx_hal_dma.su ./Drivers/STM32F3xx_HAL_Driver/Src/stm32f3xx_hal_exti.cyclo ./Drivers/STM32F3xx_HAL_Driver/Src/stm32f3xx_hal_exti.d ./Drivers/STM32F3xx_HAL_Driver/Src/stm32f3xx_hal_exti.o ./Drivers/STM32F3xx_HAL_Driver/Src/stm32f3xx_hal_exti.su ./Drivers/STM32F3xx_HAL_Driver/Src/stm32f3xx_hal_flash.cyclo ./Drivers/STM32F3xx_HAL_Driver/Src/stm32f3xx_hal_flash.d ./Drivers/STM32F3xx_HAL_Driver/Src/stm32f3xx_hal_flash.o ./Drivers/STM32F3xx_HAL_Driver/Src/stm32f3xx_hal_flash.su ./Drivers/STM32F3xx_HAL_Driver/Src/stm32f3xx_hal_flash_ex.cyclo ./Drivers/STM32F3xx_HAL_Driver/Src/stm32f3xx_hal_flash_ex.d ./Drivers/STM32F3xx_HAL_Driver/Src/stm32f3xx_hal_flash_ex.o ./Drivers/STM32F3xx_HAL_Driver/Src/stm32f3xx_hal_flash_ex.su ./Drivers/STM32F3xx_HAL_Driver/Src/stm32f3xx_hal_gpio.cyclo ./Drivers/STM32F3xx_HAL_Driver/Src/stm32f3xx_hal_gpio.d ./Drivers/STM32F3xx_HAL_Driver/Src/stm32f3xx_hal_gpio.o ./Drivers/STM32F3xx_HAL_Driver/Src/stm32f3xx_hal_gpio.su ./Drivers/STM32F3xx_HAL_Driver/Src/stm32f3xx_hal_i2c.cyclo ./Drivers/STM32F3xx_HAL_Driver/Src/stm32f3xx_hal_i2c.d ./Drivers/STM32F3xx_HAL_Driver/Src/stm32f3xx_hal_i2c.o ./Drivers/STM32F3xx_HAL_Driver/Src/stm32f3xx_hal_i2c.su ./Drivers/STM32F3xx_HAL_Driver/Src/stm32f3xx_hal_i2c_ex.cyclo ./Drivers/STM32F3xx_HAL_Driver/Src/stm32f3xx_hal_i2c_ex.d ./Drivers/STM32F3xx_HAL_Driver/Src/stm32f3xx_hal_i2c_ex.o ./Drivers/STM32F3xx_HAL_Driver/Src/stm32f3xx_hal_i2c_ex.su ./Drivers/STM32F3xx_HAL_Driver/Src/stm32f3xx_hal_pwr.cyclo ./Drivers/STM32F3xx_HAL_Driver/Src/stm32f3xx_hal_pwr.d ./Drivers/STM32F3xx_HAL_Driver/Src/stm32f3xx_hal_pwr.o ./Drivers/STM32F3xx_HAL_Driver/Src/stm32f3xx_hal_pwr.su ./Drivers/STM32F3xx_HAL_Driver/Src/stm32f3xx_hal_pwr_ex.cyclo ./Drivers/STM32F3xx_HAL_Driver/Src/stm32f3xx_hal_pwr_ex.d ./Drivers/STM32F3xx_HAL_Driver/Src/stm32f3xx_hal_pwr_ex.o ./Drivers/STM32F3xx_HAL_Driver/Src/stm32f3xx_hal_pwr_ex.su ./Drivers/STM32F3xx_HAL_Driver/Src/stm32f3xx_hal_rcc.cyclo ./Drivers/STM32F3xx_HAL_Driver/Src/stm32f3xx_hal_rcc.d ./Drivers/STM32F3xx_HAL_Driver/Src/stm32f3xx_hal_rcc.o ./Drivers/STM32F3xx_HAL_Driver/Src/stm32f3xx_hal_rcc.su ./Drivers/STM32F3xx_HAL_Driver/Src/stm32f3xx_hal_rcc_ex.cyclo ./Drivers/STM32F3xx_HAL_Driver/Src/stm32f3xx_hal_rcc_ex.d ./Drivers/STM32F3xx_HAL_Driver/Src/stm32f3xx_hal_rcc_ex.o ./Drivers/STM32F3xx_HAL_Driver/Src/stm32f3xx_hal_rcc_ex.su ./Drivers/STM32F3xx_HAL_Driver/Src/stm32f3xx_hal_tim.cyclo ./Drivers/STM32F3xx_HAL_Driver/Src/stm32f3xx_hal_tim.d ./Drivers/STM32F3xx_HAL_Driver/Src/stm32f3xx_hal_tim.o ./Drivers/STM32F3xx_HAL_Driver/Src/stm32f3xx_hal_tim.su ./Drivers/STM32F3xx_HAL_Driver/Src/stm32f3xx_hal_tim_ex.cyclo ./Drivers/STM32F3xx_HAL_Driver/Src/stm32f3xx_hal_tim_ex.d ./Drivers/STM32F3xx_HAL_Driver/Src/stm32f3xx_hal_tim_ex.o ./Drivers/STM32F3xx_HAL_Driver/Src/stm32f3xx_hal_tim_ex.su ./Drivers/STM32F3xx_HAL_Driver/Src/stm32f3xx_ll_dma.cyclo ./Drivers/STM32F3xx_HAL_Driver/Src/stm32f3xx_ll_dma.d ./Drivers/STM32F3xx_HAL_Driver/Src/stm32f3xx_ll_dma.o ./Drivers/STM32F3xx_HAL_Driver/Src/stm32f3xx_ll_dma.su ./Drivers/STM32F3xx_HAL_Driver/Src/stm32f3xx_ll_exti.cyclo ./Drivers/STM32F3xx_HAL_Driver/Src/stm32f3xx_ll_exti.d ./Drivers/STM32F3xx_HAL_Driver/Src/stm32f3xx_ll_exti.o ./Drivers/STM32F3xx_HAL_Driver/Src/stm32f3xx_ll_exti.su ./Drivers/STM32F3xx_HAL_Driver/Src/stm32f3xx_ll_gpio.cyclo ./Drivers/STM32F3xx_HAL_Driver/Src/stm32f3xx_ll_gpio.d ./Drivers/STM32F3xx_HAL_Driver/Src/stm32f3xx_ll_gpio.o ./Drivers/STM32F3xx_HAL_Driver/Src/stm32f3xx_ll_gpio.su ./Drivers/STM32F3xx_HAL_Driver/Src/stm32f3xx_ll_i2c.cyclo ./Drivers/STM32F3xx_HAL_Driver/Src/stm32f3xx_ll_i2c.d ./Drivers/STM32F3xx_HAL_Driver/Src/stm32f3xx_ll_i2c.o ./Drivers/STM32F3xx_HAL_Driver/Src/stm32f3xx_ll_i2c.su ./Drivers/STM32F3xx_HAL_Driver/Src/stm32f3xx_ll_rcc.cyclo ./Drivers/STM32F3xx_HAL_Driver/Src/stm32f3xx_ll_rcc.d ./Drivers/STM32F3xx_HAL_Driver/Src/stm32f3xx_ll_rcc.o ./Drivers/STM32F3xx_HAL_Driver/Src/stm32f3xx_ll_rcc.su ./Drivers/STM32F3xx_HAL_Driver/Src/stm32f3xx_ll_usart.cyclo ./Drivers/STM32F3xx_HAL_Driver/Src/stm32f3xx_ll_usart.d ./Drivers/STM32F3xx_HAL_Driver/Src/stm32f3xx_ll_usart.o ./Drivers/STM32F3xx_HAL_Driver/Src/stm32f3xx_ll_usart.su ./Drivers/STM32F3xx_HAL_Driver/Src/stm32f3xx_ll_utils.cyclo ./Drivers/STM32F3xx_HAL_Driver/Src/stm32f3xx_ll_utils.d ./Drivers/STM32F3xx_HAL_Driver/Src/stm32f3xx_ll_utils.o ./Drivers/STM32F3xx_HAL_Driver/Src/stm32f3xx_ll_utils.su
rm -rf ./Core/Startup/startup_stm32f303k8tx.d ./Core/Startup/startup_stm32f303k8tx.o
rm -rf ./Core/Src/dma.cyclo ./Core/Src/dma.d ./Core/Src/dma.o ./Core/Src/dma.su ./Core/Src/gpio.cyclo ./Core/Src/gpio.d ./Core/Src/gpio.o ./Core/Src/gpio.su ./Core/Src/i2c.cyclo ./Core/Src/i2c.d ./Core/Src/i2c.o ./Core/Src/i2c.su ./Core/Src/main.cyclo ./Core/Src/main.d ./Core/Src/main.o ./Core/Src/main.su ./Core/Src/stm32f3xx_hal_msp.cyclo ./Core/Src/stm32f3xx_hal_msp.d ./Core/Src/stm32f3xx_hal_msp.o ./Core/Src/stm32f3xx_hal_msp.su ./Core/Src/stm32f3xx_it.cyclo ./Core/Src/stm32f3xx_it.d ./Core/Src/stm32f3xx_it.o ./Core/Src/stm32f3xx_it.su ./Core/Src/syscalls.cyclo ./Core/Src/syscalls.d ./Core/Src/syscalls.o ./Core/Src/syscalls.su ./Core/Src/sysmem.cyclo ./Core/Src/sysmem.d ./Core/Src/sysmem.o ./Core/Src/sysmem.su ./Core/Src/system_stm32f3xx.cyclo ./Core/Src/system_stm32f3xx.d ./Core/Src/system_stm32f3xx.o ./Core/Src/system_stm32f3xx.su ./Core/Src/usart.cyclo ./Core/Src/usart.d ./Core/Src/usart.o ./Core/Src/usart.su
rm -rf ./Core/Drivers/LPS25HB/lps25hb.cyclo ./Core/Drivers/LPS25HB/lps25hb.d ./Core/Drivers/LPS25HB/lps25hb.o ./Core/Drivers/LPS25HB/lps25hb.su
rm -rf ./Core/Drivers/HTS221/hts221.cyclo ./Core/Drivers/HTS221/hts221.d ./Core/Drivers/HTS221/hts221.o ./Core/Drivers/HTS221/hts221.su
rm -rf default.size.stdout vrs_cvicenie_6.elf vrs_cvicenie_6.list vrs_cvicenie_6.map
 
19:22:41 **** Build of configuration Debug for project vrs_cvicenie_6 ****
make -j12 all 
arm-none-eabi-gcc "../Drivers/STM32F3xx_HAL_Driver/Src/stm32f3xx_hal.c" -mcpu=cortex-m4 -std=gnu11 -g3 -DDEBUG -DSTM32F303x8 -DUSE_FULL_LL_DRIVER -DUSE_HAL_DRIVER -c -I../Core/Inc -I../Drivers/STM32F3xx_HAL_Driver/Inc -I../Drivers/CMSIS/Device/ST/STM32F3xx/Include -I../Drivers/CMSIS/Include -I../Drivers/STM32F3xx_HAL_Driver/Inc/Legacy -O0 -ffunction-sections -fdata-sections -Wall -fstack-usage -fcyclomatic-complexity -MMD -MP -MF"Drivers/STM32F3xx_HAL_Driver/Src/stm32f3xx_hal.d" -MT"Drivers/STM32F3xx_HAL_Driver/Src/stm32f3xx_hal.o" --specs=nano.specs -mfpu=fpv4-sp-d16 -mfloat-abi=hard -mthumb -o "Drivers/STM32F3xx_HAL_Driver/Src/stm32f3xx_hal.o"
arm-none-eabi-gcc "../Drivers/STM32F3xx_HAL_Driver/Src/stm32f3xx_hal_cortex.c" -mcpu=cortex-m4 -std=gnu11 -g3 -DDEBUG -DSTM32F303x8 -DUSE_FULL_LL_DRIVER -DUSE_HAL_DRIVER -c -I../Core/Inc -I../Drivers/STM32F3xx_HAL_Driver/Inc -I../Drivers/CMSIS/Device/ST/STM32F3xx/Include -I../Drivers/CMSIS/Include -I../Drivers/STM32F3xx_HAL_Driver/Inc/Legacy -O0 -ffunction-sections -fdata-sections -Wall -fstack-usage -fcyclomatic-complexity -MMD -MP -MF"Drivers/STM32F3xx_HAL_Driver/Src/stm32f3xx_hal_cortex.d" -MT"Drivers/STM32F3xx_HAL_Driver/Src/stm32f3xx_hal_cortex.o" --specs=nano.specs -mfpu=fpv4-sp-d16 -mfloat-abi=hard -mthumb -o "Drivers/STM32F3xx_HAL_Driver/Src/stm32f3xx_hal_cortex.o"
arm-none-eabi-gcc "../Drivers/STM32F3xx_HAL_Driver/Src/stm32f3xx_hal_dma.c" -mcpu=cortex-m4 -std=gnu11 -g3 -DDEBUG -DSTM32F303x8 -DUSE_FULL_LL_DRIVER -DUSE_HAL_DRIVER -c -I../Core/Inc -I../Drivers/STM32F3xx_HAL_Driver/Inc -I../Drivers/CMSIS/Device/ST/STM32F3xx/Include -I../Drivers/CMSIS/Include -I../Drivers/STM32F3xx_HAL_Driver/Inc/Legacy -O0 -ffunction-sections -fdata-sections -Wall -fstack-usage -fcyclomatic-complexity -MMD -MP -MF"Drivers/STM32F3xx_HAL_Driver/Src/stm32f3xx_hal_dma.d" -MT"Drivers/STM32F3xx_HAL_Driver/Src/stm32f3xx_hal_dma.o" --specs=nano.specs -mfpu=fpv4-sp-d16 -mfloat-abi=hard -mthumb -o "Drivers/STM32F3xx_HAL_Driver/Src/stm32f3xx_hal_dma.o"
arm-none-eabi-gcc "../Drivers/STM32F3xx_HAL_Driver/Src/stm32f3xx_hal_exti.c" -mcpu=cortex-m4 -std=gnu11 -g3 -DDEBUG -DSTM32F303x8 -DUSE_FULL_LL_DRIVER -DUSE_HAL_DRIVER -c -I../Core/Inc -I../Drivers/STM32F3xx_HAL_Driver/Inc -I../Drivers/CMSIS/Device/ST/STM32F3xx/Include -I../Drivers/CMSIS/Include -I../Drivers/STM32F3xx_HAL_Driver/Inc/Legacy -O0 -ffunction-sections -fdata-sections -Wall -fstack-usage -fcyclomatic-complexity -MMD -MP -MF"Drivers/STM32F3xx_HAL_Driver/Src/stm32f3xx_hal_exti.d" -MT"Drivers/STM32F3xx_HAL_Driver/Src/stm32f3xx_hal_exti.o" --specs=nano.specs -mfpu=fpv4-sp-d16 -mfloat-abi=hard -mthumb -o "Drivers/STM32F3xx_HAL_Driver/Src/stm32f3xx_hal_exti.o"
arm-none-eabi-gcc "../Drivers/STM32F3xx_HAL_Driver/Src/stm32f3xx_hal_flash.c" -mcpu=cortex-m4 -std=gnu11 -g3 -DDEBUG -DSTM32F303x8 -DUSE_FULL_LL_DRIVER -DUSE_HAL_DRIVER -c -I../Core/Inc -I../Drivers/STM32F3xx_HAL_Driver/Inc -I../Drivers/CMSIS/Device/ST/STM32F3xx/Include -I../Drivers/CMSIS/Include -I../Drivers/STM32F3xx_HAL_Driver/Inc/Legacy -O0 -ffunction-sections -fdata-sections -Wall -fstack-usage -fcyclomatic-complexity -MMD -MP -MF"Drivers/STM32F3xx_HAL_Driver/Src/stm32f3xx_hal_flash.d" -MT"Drivers/STM32F3xx_HAL_Driver/Src/stm32f3xx_hal_flash.o" --specs=nano.specs -mfpu=fpv4-sp-d16 -mfloat-abi=hard -mthumb -o "Drivers/STM32F3xx_HAL_Driver/Src/stm32f3xx_hal_flash.o"
arm-none-eabi-gcc "../Drivers/STM32F3xx_HAL_Driver/Src/stm32f3xx_hal_flash_ex.c" -mcpu=cortex-m4 -std=gnu11 -g3 -DDEBUG -DSTM32F303x8 -DUSE_FULL_LL_DRIVER -DUSE_HAL_DRIVER -c -I../Core/Inc -I../Drivers/STM32F3xx_HAL_Driver/Inc -I../Drivers/CMSIS/Device/ST/STM32F3xx/Include -I../Drivers/CMSIS/Include -I../Drivers/STM32F3xx_HAL_Driver/Inc/Legacy -O0 -ffunction-sections -fdata-sections -Wall -fstack-usage -fcyclomatic-complexity -MMD -MP -MF"Drivers/STM32F3xx_HAL_Driver/Src/stm32f3xx_hal_flash_ex.d" -MT"Drivers/STM32F3xx_HAL_Driver/Src/stm32f3xx_hal_flash_ex.o" --specs=nano.specs -mfpu=fpv4-sp-d16 -mfloat-abi=hard -mthumb -o "Drivers/STM32F3xx_HAL_Driver/Src/stm32f3xx_hal_flash_ex.o"
arm-none-eabi-gcc "../Drivers/STM32F3xx_HAL_Driver/Src/stm32f3xx_hal_gpio.c" -mcpu=cortex-m4 -std=gnu11 -g3 -DDEBUG -DSTM32F303x8 -DUSE_FULL_LL_DRIVER -DUSE_HAL_DRIVER -c -I../Core/Inc -I../Drivers/STM32F3xx_HAL_Driver/Inc -I../Drivers/CMSIS/Device/ST/STM32F3xx/Include -I../Drivers/CMSIS/Include -I../Drivers/STM32F3xx_HAL_Driver/Inc/Legacy -O0 -ffunction-sections -fdata-sections -Wall -fstack-usage -fcyclomatic-complexity -MMD -MP -MF"Drivers/STM32F3xx_HAL_Driver/Src/stm32f3xx_hal_gpio.d" -MT"Drivers/STM32F3xx_HAL_Driver/Src/stm32f3xx_hal_gpio.o" --specs=nano.specs -mfpu=fpv4-sp-d16 -mfloat-abi=hard -mthumb -o "Drivers/STM32F3xx_HAL_Driver/Src/stm32f3xx_hal_gpio.o"
arm-none-eabi-gcc "../Drivers/STM32F3xx_HAL_Driver/Src/stm32f3xx_hal_i2c.c" -mcpu=cortex-m4 -std=gnu11 -g3 -DDEBUG -DSTM32F303x8 -DUSE_FULL_LL_DRIVER -DUSE_HAL_DRIVER -c -I../Core/Inc -I../Drivers/STM32F3xx_HAL_Driver/Inc -I../Drivers/CMSIS/Device/ST/STM32F3xx/Include -I../Drivers/CMSIS/Include -I../Drivers/STM32F3xx_HAL_Driver/Inc/Legacy -O0 -ffunction-sections -fdata-sections -Wall -fstack-usage -fcyclomatic-complexity -MMD -MP -MF"Drivers/STM32F3xx_HAL_Driver/Src/stm32f3xx_hal_i2c.d" -MT"Drivers/STM32F3xx_HAL_Driver/Src/stm32f3xx_hal_i2c.o" --specs=nano.specs -mfpu=fpv4-sp-d16 -mfloat-abi=hard -mthumb -o "Drivers/STM32F3xx_HAL_Driver/Src/stm32f3xx_hal_i2c.o"
arm-none-eabi-gcc "../Drivers/STM32F3xx_HAL_Driver/Src/stm32f3xx_hal_i2c_ex.c" -mcpu=cortex-m4 -std=gnu11 -g3 -DDEBUG -DSTM32F303x8 -DUSE_FULL_LL_DRIVER -DUSE_HAL_DRIVER -c -I../Core/Inc -I../Drivers/STM32F3xx_HAL_Driver/Inc -I../Drivers/CMSIS/Device/ST/STM32F3xx/Include -I../Drivers/CMSIS/Include -I../Drivers/STM32F3xx_HAL_Driver/Inc/Legacy -O0 -ffunction-sections -fdata-sections -Wall -fstack-usage -fcyclomatic-complexity -MMD -MP -MF"Drivers/STM32F3xx_HAL_Driver/Src/stm32f3xx_hal_i2c_ex.d" -MT"Drivers/STM32F3xx_HAL_Driver/Src/stm32f3xx_hal_i2c_ex.o" --specs=nano.specs -mfpu=fpv4-sp-d16 -mfloat-abi=hard -mthumb -o "Drivers/STM32F3xx_HAL_Driver/Src/stm32f3xx_hal_i2c_ex.o"
arm-none-eabi-gcc "../Drivers/STM32F3xx_HAL_Driver/Src/stm32f3xx_hal_pwr.c" -mcpu=cortex-m4 -std=gnu11 -g3 -DDEBUG -DSTM32F303x8 -DUSE_FULL_LL_DRIVER -DUSE_HAL_DRIVER -c -I../Core/Inc -I../Drivers/STM32F3xx_HAL_Driver/Inc -I../Drivers/CMSIS/Device/ST/STM32F3xx/Include -I../Drivers/CMSIS/Include -I../Drivers/STM32F3xx_HAL_Driver/Inc/Legacy -O0 -ffunction-sections -fdata-sections -Wall -fstack-usage -fcyclomatic-complexity -MMD -MP -MF"Drivers/STM32F3xx_HAL_Driver/Src/stm32f3xx_hal_pwr.d" -MT"Drivers/STM32F3xx_HAL_Driver/Src/stm32f3xx_hal_pwr.o" --specs=nano.specs -mfpu=fpv4-sp-d16 -mfloat-abi=hard -mthumb -o "Drivers/STM32F3xx_HAL_Driver/Src/stm32f3xx_hal_pwr.o"
arm-none-eabi-gcc "../Drivers/STM32F3xx_HAL_Driver/Src/stm32f3xx_hal_pwr_ex.c" -mcpu=cortex-m4 -std=gnu11 -g3 -DDEBUG -DSTM32F303x8 -DUSE_FULL_LL_DRIVER -DUSE_HAL_DRIVER -c -I../Core/Inc -I../Drivers/STM32F3xx_HAL_Driver/Inc -I../Drivers/CMSIS/Device/ST/STM32F3xx/Include -I../Drivers/CMSIS/Include -I../Drivers/STM32F3xx_HAL_Driver/Inc/Legacy -O0 -ffunction-sections -fdata-sections -Wall -fstack-usage -fcyclomatic-complexity -MMD -MP -MF"Drivers/STM32F3xx_HAL_Driver/Src/stm32f3xx_hal_pwr_ex.d" -MT"Drivers/STM32F3xx_HAL_Driver/Src/stm32f3xx_hal_pwr_ex.o" --specs=nano.specs -mfpu=fpv4-sp-d16 -mfloat-abi=hard -mthumb -o "Drivers/STM32F3xx_HAL_Driver/Src/stm32f3xx_hal_pwr_ex.o"
arm-none-eabi-gcc "../Drivers/STM32F3xx_HAL_Driver/Src/stm32f3xx_hal_rcc.c" -mcpu=cortex-m4 -std=gnu11 -g3 -DDEBUG -DSTM32F303x8 -DUSE_FULL_LL_DRIVER -DUSE_HAL_DRIVER -c -I../Core/Inc -I../Drivers/STM32F3xx_HAL_Driver/Inc -I../Drivers/CMSIS/Device/ST/STM32F3xx/Include -I../Drivers/CMSIS/Include -I../Drivers/STM32F3xx_HAL_Driver/Inc/Legacy -O0 -ffunction-sections -fdata-sections -Wall -fstack-usage -fcyclomatic-complexity -MMD -MP -MF"Drivers/STM32F3xx_HAL_Driver/Src/stm32f3xx_hal_rcc.d" -MT"Drivers/STM32F3xx_HAL_Driver/Src/stm32f3xx_hal_rcc.o" --specs=nano.specs -mfpu=fpv4-sp-d16 -mfloat-abi=hard -mthumb -o "Drivers/STM32F3xx_HAL_Driver/Src/stm32f3xx_hal_rcc.o"
arm-none-eabi-gcc "../Drivers/STM32F3xx_HAL_Driver/Src/stm32f3xx_hal_rcc_ex.c" -mcpu=cortex-m4 -std=gnu11 -g3 -DDEBUG -DSTM32F303x8 -DUSE_FULL_LL_DRIVER -DUSE_HAL_DRIVER -c -I../Core/Inc -I../Drivers/STM32F3xx_HAL_Driver/Inc -I../Drivers/CMSIS/Device/ST/STM32F3xx/Include -I../Drivers/CMSIS/Include -I../Drivers/STM32F3xx_HAL_Driver/Inc/Legacy -O0 -ffunction-sections -fdata-sections -Wall -fstack-usage -fcyclomatic-complexity -MMD -MP -MF"Drivers/STM32F3xx_HAL_Driver/Src/stm32f3xx_hal_rcc_ex.d" -MT"Drivers/STM32F3xx_HAL_Driver/Src/stm32f3xx_hal_rcc_ex.o" --specs=nano.specs -mfpu=fpv4-sp-d16 -mfloat-abi=hard -mthumb -o "Drivers/STM32F3xx_HAL_Driver/Src/stm32f3xx_hal_rcc_ex.o"
arm-none-eabi-gcc "../Drivers/STM32F3xx_HAL_Driver/Src/stm32f3xx_hal_tim.c" -mcpu=cortex-m4 -std=gnu11 -g3 -DDEBUG -DSTM32F303x8 -DUSE_FULL_LL_DRIVER -DUSE_HAL_DRIVER -c -I../Core/Inc -I../Drivers/STM32F3xx_HAL_Driver/Inc -I../Drivers/CMSIS/Device/ST/STM32F3xx/Include -I../Drivers/CMSIS/Include -I../Drivers/STM32F3xx_HAL_Driver/Inc/Legacy -O0 -ffunction-sections -fdata-sections -Wall -fstack-usage -fcyclomatic-complexity -MMD -MP -MF"Drivers/STM32F3xx_HAL_Driver/Src/stm32f3xx_hal_tim.d" -MT"Drivers/STM32F3xx_HAL_Driver/Src/stm32f3xx_hal_tim.o" --specs=nano.specs -mfpu=fpv4-sp-d16 -mfloat-abi=hard -mthumb -o "Drivers/STM32F3xx_HAL_Driver/Src/stm32f3xx_hal_tim.o"
arm-none-eabi-gcc "../Drivers/STM32F3xx_HAL_Driver/Src/stm32f3xx_hal_tim_ex.c" -mcpu=cortex-m4 -std=gnu11 -g3 -DDEBUG -DSTM32F303x8 -DUSE_FULL_LL_DRIVER -DUSE_HAL_DRIVER -c -I../Core/Inc -I../Drivers/STM32F3xx_HAL_Driver/Inc -I../Drivers/CMSIS/Device/ST/STM32F3xx/Include -I../Drivers/CMSIS/Include -I../Drivers/STM32F3xx_HAL_Driver/Inc/Legacy -O0 -ffunction-sections -fdata-sections -Wall -fstack-usage -fcyclomatic-complexity -MMD -MP -MF"Drivers/STM32F3xx_HAL_Driver/Src/stm32f3xx_hal_tim_ex.d" -MT"Drivers/STM32F3xx_HAL_Driver/Src/stm32f3xx_hal_tim_ex.o" --specs=nano.specs -mfpu=fpv4-sp-d16 -mfloat-abi=hard -mthumb -o "Drivers/STM32F3xx_HAL_Driver/Src/stm32f3xx_hal_tim_ex.o"
arm-none-eabi-gcc "../Drivers/STM32F3xx_HAL_Driver/Src/stm32f3xx_ll_dma.c" -mcpu=cortex-m4 -std=gnu11 -g3 -DDEBUG -DSTM32F303x8 -DUSE_FULL_LL_DRIVER -DUSE_HAL_DRIVER -c -I../Core/Inc -I../Drivers/STM32F3xx_HAL_Driver/Inc -I../Drivers/CMSIS/Device/ST/STM32F3xx/Include -I../Drivers/CMSIS/Include -I../Drivers/STM32F3xx_HAL_Driver/Inc/Legacy -O0 -ffunction-sections -fdata-sections -Wall -fstack-usage -fcyclomatic-complexity -MMD -MP -MF"Drivers/STM32F3xx_HAL_Driver/Src/stm32f3xx_ll_dma.d" -MT"Drivers/STM32F3xx_HAL_Driver/Src/stm32f3xx_ll_dma.o" --specs=nano.specs -mfpu=fpv4-sp-d16 -mfloat-abi=hard -mthumb -o "Drivers/STM32F3xx_HAL_Driver/Src/stm32f3xx_ll_dma.o"
arm-none-eabi-gcc "../Drivers/STM32F3xx_HAL_Driver/Src/stm32f3xx_ll_exti.c" -mcpu=cortex-m4 -std=gnu11 -g3 -DDEBUG -DSTM32F303x8 -DUSE_FULL_LL_DRIVER -DUSE_HAL_DRIVER -c -I../Core/Inc -I../Drivers/STM32F3xx_HAL_Driver/Inc -I../Drivers/CMSIS/Device/ST/STM32F3xx/Include -I../Drivers/CMSIS/Include -I../Drivers/STM32F3xx_HAL_Driver/Inc/Legacy -O0 -ffunction-sections -fdata-sections -Wall -fstack-usage -fcyclomatic-complexity -MMD -MP -MF"Drivers/STM32F3xx_HAL_Driver/Src/stm32f3xx_ll_exti.d" -MT"Drivers/STM32F3xx_HAL_Driver/Src/stm32f3xx_ll_exti.o" --specs=nano.specs -mfpu=fpv4-sp-d16 -mfloat-abi=hard -mthumb -o "Drivers/STM32F3xx_HAL_Driver/Src/stm32f3xx_ll_exti.o"
arm-none-eabi-gcc "../Drivers/STM32F3xx_HAL_Driver/Src/stm32f3xx_ll_gpio.c" -mcpu=cortex-m4 -std=gnu11 -g3 -DDEBUG -DSTM32F303x8 -DUSE_FULL_LL_DRIVER -DUSE_HAL_DRIVER -c -I../Core/Inc -I../Drivers/STM32F3xx_HAL_Driver/Inc -I../Drivers/CMSIS/Device/ST/STM32F3xx/Include -I../Drivers/CMSIS/Include -I../Drivers/STM32F3xx_HAL_Driver/Inc/Legacy -O0 -ffunction-sections -fdata-sections -Wall -fstack-usage -fcyclomatic-complexity -MMD -MP -MF"Drivers/STM32F3xx_HAL_Driver/Src/stm32f3xx_ll_gpio.d" -MT"Drivers/STM32F3xx_HAL_Driver/Src/stm32f3xx_ll_gpio.o" --specs=nano.specs -mfpu=fpv4-sp-d16 -mfloat-abi=hard -mthumb -o "Drivers/STM32F3xx_HAL_Driver/Src/stm32f3xx_ll_gpio.o"
arm-none-eabi-gcc "../Drivers/STM32F3xx_HAL_Driver/Src/stm32f3xx_ll_i2c.c" -mcpu=cortex-m4 -std=gnu11 -g3 -DDEBUG -DSTM32F303x8 -DUSE_FULL_LL_DRIVER -DUSE_HAL_DRIVER -c -I../Core/Inc -I../Drivers/STM32F3xx_HAL_Driver/Inc -I../Drivers/CMSIS/Device/ST/STM32F3xx/Include -I../Drivers/CMSIS/Include -I../Drivers/STM32F3xx_HAL_Driver/Inc/Legacy -O0 -ffunction-sections -fdata-sections -Wall -fstack-usage -fcyclomatic-complexity -MMD -MP -MF"Drivers/STM32F3xx_HAL_Driver/Src/stm32f3xx_ll_i2c.d" -MT"Drivers/STM32F3xx_HAL_Driver/Src/stm32f3xx_ll_i2c.o" --specs=nano.specs -mfpu=fpv4-sp-d16 -mfloat-abi=hard -mthumb -o "Drivers/STM32F3xx_HAL_Driver/Src/stm32f3xx_ll_i2c.o"
arm-none-eabi-gcc "../Drivers/STM32F3xx_HAL_Driver/Src/stm32f3xx_ll_rcc.c" -mcpu=cortex-m4 -std=gnu11 -g3 -DDEBUG -DSTM32F303x8 -DUSE_FULL_LL_DRIVER -DUSE_HAL_DRIVER -c -I../Core/Inc -I../Drivers/STM32F3xx_HAL_Driver/Inc -I../Drivers/CMSIS/Device/ST/STM32F3xx/Include -I../Drivers/CMSIS/Include -I../Drivers/STM32F3xx_HAL_Driver/Inc/Legacy -O0 -ffunction-sections -fdata-sections -Wall -fstack-usage -fcyclomatic-complexity -MMD -MP -MF"Drivers/STM32F3xx_HAL_Driver/Src/stm32f3xx_ll_rcc.d" -MT"Drivers/STM32F3xx_HAL_Driver/Src/stm32f3xx_ll_rcc.o" --specs=nano.specs -mfpu=fpv4-sp-d16 -mfloat-abi=hard -mthumb -o "Drivers/STM32F3xx_HAL_Driver/Src/stm32f3xx_ll_rcc.o"
arm-none-eabi-gcc "../Drivers/STM32F3xx_HAL_Driver/Src/stm32f3xx_ll_usart.c" -mcpu=cortex-m4 -std=gnu11 -g3 -DDEBUG -DSTM32F303x8 -DUSE_FULL_LL_DRIVER -DUSE_HAL_DRIVER -c -I../Core/Inc -I../Drivers/STM32F3xx_HAL_Driver/Inc -I../Drivers/CMSIS/Device/ST/STM32F3xx/Include -I../Drivers/CMSIS/Include -I../Drivers/STM32F3xx_HAL_Driver/Inc/Legacy -O0 -ffunction-sections -fdata-sections -Wall -fstack-usage -fcyclomatic-complexity -MMD -MP -MF"Drivers/STM32F3xx_HAL_Driver/Src/stm32f3xx_ll_usart.d" -MT"Drivers/STM32F3xx_HAL_Driver/Src/stm32f3xx_ll_usart.o" --specs=nano.specs -mfpu=fpv4-sp-d16 -mfloat-abi=hard -mthumb -o "Drivers/STM32F3xx_HAL_Driver/Src/stm32f3xx_ll_usart.o"
arm-none-eabi-gcc "../Drivers/STM32F3xx_HAL_Driver/Src/stm32f3xx_ll_utils.c" -mcpu=cortex-m4 -std=gnu11 -g3 -DDEBUG -DSTM32F303x8 -DUSE_FULL_LL_DRIVER -DUSE_HAL_DRIVER -c -I../Core/Inc -I../Drivers/STM32F3xx_HAL_Driver/Inc -I../Drivers/CMSIS/Device/ST/STM32F3xx/Include -I../Drivers/CMSIS/Include -I../Drivers/STM32F3xx_HAL_Driver/Inc/Legacy -O0 -ffunction-sections -fdata-sections -Wall -fstack-usage -fcyclomatic-complexity -MMD -MP -MF"Drivers/STM32F3xx_HAL_Driver/Src/stm32f3xx_ll_utils.d" -MT"Drivers/STM32F3xx_HAL_Driver/Src/stm32f3xx_ll_utils.o" --specs=nano.specs -mfpu=fpv4-sp-d16 -mfloat-abi=hard -mthumb -o "Drivers/STM32F3xx_HAL_Driver/Src/stm32f3xx_ll_utils.o"
arm-none-eabi-gcc -mcpu=cortex-m4 -g3 -DDEBUG -c -x assembler-with-cpp -MMD -MP -MF"Core/Startup/startup_stm32f303k8tx.d" -MT"Core/Startup/startup_stm32f303k8tx.o" --specs=nano.specs -mfpu=fpv4-sp-d16 -mfloat-abi=hard -mthumb -o "Core/Startup/startup_stm32f303k8tx.o" "../Core/Startup/startup_stm32f303k8tx.s"
arm-none-eabi-gcc "../Core/Src/dma.c" -mcpu=cortex-m4 -std=gnu11 -g3 -DDEBUG -DSTM32F303x8 -DUSE_FULL_LL_DRIVER -DUSE_HAL_DRIVER -c -I../Core/Inc -I../Drivers/STM32F3xx_HAL_Driver/Inc -I../Drivers/CMSIS/Device/ST/STM32F3xx/Include -I../Drivers/CMSIS/Include -I../Drivers/STM32F3xx_HAL_Driver/Inc/Legacy -O0 -ffunction-sections -fdata-sections -Wall -fstack-usage -fcyclomatic-complexity -MMD -MP -MF"Core/Src/dma.d" -MT"Core/Src/dma.o" --specs=nano.specs -mfpu=fpv4-sp-d16 -mfloat-abi=hard -mthumb -o "Core/Src/dma.o"
arm-none-eabi-gcc "../Core/Src/gpio.c" -mcpu=cortex-m4 -std=gnu11 -g3 -DDEBUG -DSTM32F303x8 -DUSE_FULL_LL_DRIVER -DUSE_HAL_DRIVER -c -I../Core/Inc -I../Drivers/STM32F3xx_HAL_Driver/Inc -I../Drivers/CMSIS/Device/ST/STM32F3xx/Include -I../Drivers/CMSIS/Include -I../Drivers/STM32F3xx_HAL_Driver/Inc/Legacy -O0 -ffunction-sections -fdata-sections -Wall -fstack-usage -fcyclomatic-complexity -MMD -MP -MF"Core/Src/gpio.d" -MT"Core/Src/gpio.o" --specs=nano.specs -mfpu=fpv4-sp-d16 -mfloat-abi=hard -mthumb -o "Core/Src/gpio.o"
arm-none-eabi-gcc "../Core/Src/i2c.c" -mcpu=cortex-m4 -std=gnu11 -g3 -DDEBUG -DSTM32F303x8 -DUSE_FULL_LL_DRIVER -DUSE_HAL_DRIVER -c -I../Core/Inc -I../Drivers/STM32F3xx_HAL_Driver/Inc -I../Drivers/CMSIS/Device/ST/STM32F3xx/Include -I../Drivers/CMSIS/Include -I../Drivers/STM32F3xx_HAL_Driver/Inc/Legacy -O0 -ffunction-sections -fdata-sections -Wall -fstack-usage -fcyclomatic-complexity -MMD -MP -MF"Core/Src/i2c.d" -MT"Core/Src/i2c.o" --specs=nano.specs -mfpu=fpv4-sp-d16 -mfloat-abi=hard -mthumb -o "Core/Src/i2c.o"
arm-none-eabi-gcc "../Core/Src/main.c" -mcpu=cortex-m4 -std=gnu11 -g3 -DDEBUG -DSTM32F303x8 -DUSE_FULL_LL_DRIVER -DUSE_HAL_DRIVER -c -I../Core/Inc -I../Drivers/STM32F3xx_HAL_Driver/Inc -I../Drivers/CMSIS/Device/ST/STM32F3xx/Include -I../Drivers/CMSIS/Include -I../Drivers/STM32F3xx_HAL_Driver/Inc/Legacy -O0 -ffunction-sections -fdata-sections -Wall -fstack-usage -fcyclomatic-complexity -MMD -MP -MF"Core/Src/main.d" -MT"Core/Src/main.o" --specs=nano.specs -mfpu=fpv4-sp-d16 -mfloat-abi=hard -mthumb -o "Core/Src/main.o"
arm-none-eabi-gcc "../Core/Src/stm32f3xx_hal_msp.c" -mcpu=cortex-m4 -std=gnu11 -g3 -DDEBUG -DSTM32F303x8 -DUSE_FULL_LL_DRIVER -DUSE_HAL_DRIVER -c -I../Core/Inc -I../Drivers/STM32F3xx_HAL_Driver/Inc -I../Drivers/CMSIS/Device/ST/STM32F3xx/Include -I../Drivers/CMSIS/Include -I../Drivers/STM32F3xx_HAL_Driver/Inc/Legacy -O0 -ffunction-sections -fdata-sections -Wall -fstack-usage -fcyclomatic-complexity -MMD -MP -MF"Core/Src/stm32f3xx_hal_msp.d" -MT"Core/Src/stm32f3xx_hal_msp.o" --specs=nano.specs -mfpu=fpv4-sp-d16 -mfloat-abi=hard -mthumb -o "Core/Src/stm32f3xx_hal_msp.o"
arm-none-eabi-gcc "../Core/Src/stm32f3xx_it.c" -mcpu=cortex-m4 -std=gnu11 -g3 -DDEBUG -DSTM32F303x8 -DUSE_FULL_LL_DRIVER -DUSE_HAL_DRIVER -c -I../Core/Inc -I../Drivers/STM32F3xx_HAL_Driver/Inc -I../Drivers/CMSIS/Device/ST/STM32F3xx/Include -I../Drivers/CMSIS/Include -I../Drivers/STM32F3xx_HAL_Driver/Inc/Legacy -O0 -ffunction-sections -fdata-sections -Wall -fstack-usage -fcyclomatic-complexity -MMD -MP -MF"Core/Src/stm32f3xx_it.d" -MT"Core/Src/stm32f3xx_it.o" --specs=nano.specs -mfpu=fpv4-sp-d16 -mfloat-abi=hard -mthumb -o "Core/Src/stm32f3xx_it.o"
arm-none-eabi-gcc "../Core/Src/syscalls.c" -mcpu=cortex-m4 -std=gnu11 -g3 -DDEBUG -DSTM32F303x8 -DUSE_FULL_LL_DRIVER -DUSE_HAL_DRIVER -c -I../Core/Inc -I../Drivers/STM32F3xx_HAL_Driver/Inc -I../Drivers/CMSIS/Device/ST/STM32F3xx/Include -I../Drivers/CMSIS/Include -I../Drivers/STM32F3xx_HAL_Driver/Inc/Legacy -O0 -ffunction-sections -fdata-sections -Wall -fstack-usage -fcyclomatic-complexity -MMD -MP -MF"Core/Src/syscalls.d" -MT"Core/Src/syscalls.o" --specs=nano.specs -mfpu=fpv4-sp-d16 -mfloat-abi=hard -mthumb -o "Core/Src/syscalls.o"
arm-none-eabi-gcc "../Core/Src/sysmem.c" -mcpu=cortex-m4 -std=gnu11 -g3 -DDEBUG -DSTM32F303x8 -DUSE_FULL_LL_DRIVER -DUSE_HAL_DRIVER -c -I../Core/Inc -I../Drivers/STM32F3xx_HAL_Driver/Inc -I../Drivers/CMSIS/Device/ST/STM32F3xx/Include -I../Drivers/CMSIS/Include -I../Drivers/STM32F3xx_HAL_Driver/Inc/Legacy -O0 -ffunction-sections -fdata-sections -Wall -fstack-usage -fcyclomatic-complexity -MMD -MP -MF"Core/Src/sysmem.d" -MT"Core/Src/sysmem.o" --specs=nano.specs -mfpu=fpv4-sp-d16 -mfloat-abi=hard -mthumb -o "Core/Src/sysmem.o"
arm-none-eabi-gcc "../Core/Src/system_stm32f3xx.c" -mcpu=cortex-m4 -std=gnu11 -g3 -DDEBUG -DSTM32F303x8 -DUSE_FULL_LL_DRIVER -DUSE_HAL_DRIVER -c -I../Core/Inc -I../Drivers/STM32F3xx_HAL_Driver/Inc -I../Drivers/CMSIS/Device/ST/STM32F3xx/Include -I../Drivers/CMSIS/Include -I../Drivers/STM32F3xx_HAL_Driver/Inc/Legacy -O0 -ffunction-sections -fdata-sections -Wall -fstack-usage -fcyclomatic-complexity -MMD -MP -MF"Core/Src/system_stm32f3xx.d" -MT"Core/Src/system_stm32f3xx.o" --specs=nano.specs -mfpu=fpv4-sp-d16 -mfloat-abi=hard -mthumb -o "Core/Src/system_stm32f3xx.o"
arm-none-eabi-gcc "../Core/Src/usart.c" -mcpu=cortex-m4 -std=gnu11 -g3 -DDEBUG -DSTM32F303x8 -DUSE_FULL_LL_DRIVER -DUSE_HAL_DRIVER -c -I../Core/Inc -I../Drivers/STM32F3xx_HAL_Driver/Inc -I../Drivers/CMSIS/Device/ST/STM32F3xx/Include -I../Drivers/CMSIS/Include -I../Drivers/STM32F3xx_HAL_Driver/Inc/Legacy -O0 -ffunction-sections -fdata-sections -Wall -fstack-usage -fcyclomatic-complexity -MMD -MP -MF"Core/Src/usart.d" -MT"Core/Src/usart.o" --specs=nano.specs -mfpu=fpv4-sp-d16 -mfloat-abi=hard -mthumb -o "Core/Src/usart.o"
arm-none-eabi-gcc "../Core/Drivers/LPS25HB/lps25hb.c" -mcpu=cortex-m4 -std=gnu11 -g3 -DDEBUG -DSTM32F303x8 -DUSE_FULL_LL_DRIVER -DUSE_HAL_DRIVER -c -I../Core/Inc -I../Drivers/STM32F3xx_HAL_Driver/Inc -I../Drivers/CMSIS/Device/ST/STM32F3xx/Include -I../Drivers/CMSIS/Include -I../Drivers/STM32F3xx_HAL_Driver/Inc/Legacy -O0 -ffunction-sections -fdata-sections -Wall -fstack-usage -fcyclomatic-complexity -MMD -MP -MF"Core/Drivers/LPS25HB/lps25hb.d" -MT"Core/Drivers/LPS25HB/lps25hb.o" --specs=nano.specs -mfpu=fpv4-sp-d16 -mfloat-abi=hard -mthumb -o "Core/Drivers/LPS25HB/lps25hb.o"
arm-none-eabi-gcc "../Core/Drivers/HTS221/hts221.c" -mcpu=cortex-m4 -std=gnu11 -g3 -DDEBUG -DSTM32F303x8 -DUSE_FULL_LL_DRIVER -DUSE_HAL_DRIVER -c -I../Core/Inc -I../Drivers/STM32F3xx_HAL_Driver/Inc -I../Drivers/CMSIS/Device/ST/STM32F3xx/Include -I../Drivers/CMSIS/Include -I../Drivers/STM32F3xx_HAL_Driver/Inc/Legacy -O0 -ffunction-sections -fdata-sections -Wall -fstack-usage -fcyclomatic-complexity -MMD -MP -MF"Core/Drivers/HTS221/hts221.d" -MT"Core/Drivers/HTS221/hts221.o" --specs=nano.specs -mfpu=fpv4-sp-d16 -mfloat-abi=hard -mthumb -o "Core/Drivers/HTS221/hts221.o"
../Core/Src/main.c: In function 'main':
../Core/Src/main.c:115:9: warning: implicit declaration of function 'malloc' [-Wimplicit-function-declaration]
  115 |   str = malloc(32*sizeof(uint8_t));
      |         ^~~~~~
../Core/Src/main.c:33:1: note: include '<stdlib.h>' or provide a declaration of 'malloc'
   32 | #include "../Drivers/HTS221/hts221.h"
  +++ |+#include <stdlib.h>
   33 | /* Private includes ----------------------------------------------------------*/
../Core/Src/main.c:115:9: warning: incompatible implicit declaration of built-in function 'malloc' [-Wbuiltin-declaration-mismatch]
  115 |   str = malloc(32*sizeof(uint8_t));
      |         ^~~~~~
../Core/Src/main.c:115:9: note: include '<stdlib.h>' or provide a declaration of 'malloc'
../Core/Src/main.c:136:23: warning: pointer targets in passing argument 1 of 'sprintf' differ in signedness [-Wpointer-sign]
  136 |         len = sprintf(str, "%2.1f,%2.0f,%4.2f,%3.2f\n", temp,hum,press,alt);
      |                       ^~~
      |                       |
      |                       uint8_t * {aka unsigned char *}
In file included from ../Core/Src/main.c:28:
/opt/st/stm32cubeide_1.13.2/plugins/com.st.stm32cube.ide.mcu.externaltools.gnu-tools-for-stm32.11.3.rel1.linux64_1.1.1.202309131626/tools/arm-none-eabi/include/stdio.h:254:18: note: expected 'char * restrict' but argument is of type 'uint8_t *' {aka 'unsigned char *'}
  254 | int     sprintf (char *__restrict, const char *__restrict, ...)
      |                  ^
../Core/Src/stm32f3xx_it.c: In function 'I2C1_EV_IRQHandler':
../Core/Src/stm32f3xx_it.c:249:9: warning: implicit declaration of function 'I2C1_IRQHandler'; did you mean 'ADC1_IRQHandler'? [-Wimplicit-function-declaration]
  249 |         I2C1_IRQHandler();
      |         ^~~~~~~~~~~~~~~
      |         ADC1_IRQHandler
../Core/Drivers/LPS25HB/lps25hb.c: In function 'lps25hb_get_pressure':
../Core/Drivers/LPS25HB/lps25hb.c:49:28: warning: passing argument 1 of 'lps25hb_read_bytes' from incompatible pointer type [-Wincompatible-pointer-types]
   49 |         lps25hb_read_bytes(&press_data,LPS25HB_REG_PRESS_OUT_XL,3);
      |                            ^~~~~~~~~~~
      |                            |
      |                            uint8_t (*)[3] {aka unsigned char (*)[3]}
../Core/Drivers/LPS25HB/lps25hb.c:18:34: note: expected 'uint8_t *' {aka 'unsigned char *'} but argument is of type 'uint8_t (*)[3]' {aka 'unsigned char (*)[3]'}
   18 | void lps25hb_read_bytes(uint8_t *data, uint8_t reg_address,uint8_t len)
      |                         ~~~~~~~~~^~~~
arm-none-eabi-gcc -o "vrs_cvicenie_6.elf" @"objects.list"   -mcpu=cortex-m4 -T"/home/laptop/school/VRS/vrs_cvicenie_6/STM32F303K8TX_FLASH.ld" --specs=nosys.specs -Wl,-Map="vrs_cvicenie_6.map" -Wl,--gc-sections -static --specs=nano.specs -mfpu=fpv4-sp-d16 -mfloat-abi=hard -mthumb -u _printf_float -Wl,--start-group -lc -lm -Wl,--end-group
Finished building target: vrs_cvicenie_6.elf
 
arm-none-eabi-size   vrs_cvicenie_6.elf 
arm-none-eabi-objdump -h -S  vrs_cvicenie_6.elf  > "vrs_cvicenie_6.list"
   text	   data	    bss	    dec	    hex	filename
  30640	    496	   2080	  33216	   81c0	vrs_cvicenie_6.elf
Finished building: default.size.stdout
 
Finished building: vrs_cvicenie_6.list
 
20:13:57 **** Incremental Build of configuration Debug for project vrs_cvicenie_6 ****
make -j12 all 
arm-none-eabi-gcc "../Core/Src/i2c.c" -mcpu=cortex-m4 -std=gnu11 -g3 -DDEBUG -DSTM32F303x8 -DUSE_FULL_LL_DRIVER -DUSE_HAL_DRIVER -c -I../Core/Inc -I../Drivers/STM32F3xx_HAL_Driver/Inc -I../Drivers/CMSIS/Device/ST/STM32F3xx/Include -I../Drivers/CMSIS/Include -I../Drivers/STM32F3xx_HAL_Driver/Inc/Legacy -O0 -ffunction-sections -fdata-sections -Wall -fstack-usage -fcyclomatic-complexity -MMD -MP -MF"Core/Src/i2c.d" -MT"Core/Src/i2c.o" --specs=nano.specs -mfpu=fpv4-sp-d16 -mfloat-abi=hard -mthumb -o "Core/Src/i2c.o"
arm-none-eabi-gcc "../Core/Drivers/LPS25HB/lps25hb.c" -mcpu=cortex-m4 -std=gnu11 -g3 -DDEBUG -DSTM32F303x8 -DUSE_FULL_LL_DRIVER -DUSE_HAL_DRIVER -c -I../Core/Inc -I../Drivers/STM32F3xx_HAL_Driver/Inc -I../Drivers/CMSIS/Device/ST/STM32F3xx/Include -I../Drivers/CMSIS/Include -I../Drivers/STM32F3xx_HAL_Driver/Inc/Legacy -O0 -ffunction-sections -fdata-sections -Wall -fstack-usage -fcyclomatic-complexity -MMD -MP -MF"Core/Drivers/LPS25HB/lps25hb.d" -MT"Core/Drivers/LPS25HB/lps25hb.o" --specs=nano.specs -mfpu=fpv4-sp-d16 -mfloat-abi=hard -mthumb -o "Core/Drivers/LPS25HB/lps25hb.o"
../Core/Drivers/LPS25HB/lps25hb.c: In function 'lps25hb_get_pressure':
../Core/Drivers/LPS25HB/lps25hb.c:49:28: warning: passing argument 1 of 'lps25hb_read_bytes' from incompatible pointer type [-Wincompatible-pointer-types]
   49 |         lps25hb_read_bytes(&press_data,LPS25HB_REG_PRESS_OUT_XL,3);
      |                            ^~~~~~~~~~~
      |                            |
      |                            uint8_t (*)[3] {aka unsigned char (*)[3]}
../Core/Drivers/LPS25HB/lps25hb.c:18:34: note: expected 'uint8_t *' {aka 'unsigned char *'} but argument is of type 'uint8_t (*)[3]' {aka 'unsigned char (*)[3]'}
   18 | void lps25hb_read_bytes(uint8_t *data, uint8_t reg_address,uint8_t len)
      |                         ~~~~~~~~~^~~~
arm-none-eabi-gcc -o "vrs_cvicenie_6.elf" @"objects.list"   -mcpu=cortex-m4 -T"/home/laptop/school/VRS/vrs_cvicenie_6/STM32F303K8TX_FLASH.ld" --specs=nosys.specs -Wl,-Map="vrs_cvicenie_6.map" -Wl,--gc-sections -static --specs=nano.specs -mfpu=fpv4-sp-d16 -mfloat-abi=hard -mthumb -u _printf_float -Wl,--start-group -lc -lm -Wl,--end-group
Finished building target: vrs_cvicenie_6.elf
 
arm-none-eabi-size   vrs_cvicenie_6.elf 
arm-none-eabi-objdump -h -S  vrs_cvicenie_6.elf  > "vrs_cvicenie_6.list"
   text	   data	    bss	    dec	    hex	filename
  30624	    496	   2080	  33200	   81b0	vrs_cvicenie_6.elf
Finished building: default.size.stdout
 
Finished building: vrs_cvicenie_6.list
 
20:26:32 **** Incremental Build of configuration Debug for project vrs_cvicenie_6 ****
make -j12 all 
arm-none-eabi-size   vrs_cvicenie_6.elf 
   text	   data	    bss	    dec	    hex	filename
  30624	    496	   2080	  33200	   81b0	vrs_cvicenie_6.elf
Finished building: default.size.stdout
 
08:11:09 **** Incremental Build of configuration Debug for project vrs_cvicenie_6 ****
make -j12 all 
arm-none-eabi-size   vrs_cvicenie_6.elf 
   text	   data	    bss	    dec	    hex	filename
  30624	    496	   2080	  33200	   81b0	vrs_cvicenie_6.elf
Finished building: default.size.stdout
 
15:46:27 **** Incremental Build of configuration Debug for project vrs_cvicenie_6 ****
make -j12 all 
arm-none-eabi-size   vrs_cvicenie_6.elf 
   text	   data	    bss	    dec	    hex	filename
  30624	    496	   2080	  33200	   81b0	vrs_cvicenie_6.elf
Finished building: default.size.stdout
 
15:46:59 **** Incremental Build of configuration Debug for project vrs_cvicenie_6 ****
make -j12 all 
arm-none-eabi-size   vrs_cvicenie_6.elf 
   text	   data	    bss	    dec	    hex	filename
  30624	    496	   2080	  33200	   81b0	vrs_cvicenie_6.elf
Finished building: default.size.stdout
 
15:47:39 **** Incremental Build of configuration Debug for project vrs_cvicenie_6 ****
make -j12 all 
arm-none-eabi-size   vrs_cvicenie_6.elf 
   text	   data	    bss	    dec	    hex	filename
  30624	    496	   2080	  33200	   81b0	vrs_cvicenie_6.elf
Finished building: default.size.stdout
 
