13:48:55 **** Incremental Build of configuration Debug for project kokot ****
make -j12 all 
arm-none-eabi-gcc "../Core/Src/i2c.c" -mcpu=cortex-m4 -std=gnu11 -g3 -DDEBUG -DSTM32F303x8 -DUSE_FULL_LL_DRIVER -DHSE_VALUE=8000000 -DHSE_STARTUP_TIMEOUT=100 -DLSE_STARTUP_TIMEOUT=5000 -DLSE_VALUE=32768 -DEXTERNAL_CLOCK_VALUE=8000000 -DHSI_VALUE=8000000 -DLSI_VALUE=40000 -DVDD_VALUE=3300 -DPREFETCH_ENABLE=1 -c -I../Core/Inc -I../Drivers/STM32F3xx_HAL_Driver/Inc -I../Drivers/CMSIS/Device/ST/STM32F3xx/Include -I../Drivers/CMSIS/Include -O0 -ffunction-sections -fdata-sections -Wall -fstack-usage -fcyclomatic-complexity -MMD -MP -MF"Core/Src/i2c.d" -MT"Core/Src/i2c.o" --specs=nano.specs -mfpu=fpv4-sp-d16 -mfloat-abi=hard -mthumb -o "Core/Src/i2c.o"
arm-none-eabi-gcc -o "kokot.elf" @"objects.list"   -mcpu=cortex-m4 -T"/home/laptop/school/VRS/kokot/STM32F303K8TX_FLASH.ld" --specs=nosys.specs -Wl,-Map="kokot.map" -Wl,--gc-sections -static --specs=nano.specs -mfpu=fpv4-sp-d16 -mfloat-abi=hard -mthumb -u _printf_float -Wl,--start-group -lc -lm -Wl,--end-group
Finished building target: kokot.elf
 
arm-none-eabi-size   kokot.elf 
arm-none-eabi-objdump -h -S  kokot.elf  > "kokot.list"
   text	   data	    bss	    dec	    hex	filename
  26108	    472	   2080	  28660	   6ff4	kokot.elf
Finished building: default.size.stdout
 
Finished building: kokot.list
 

13:48:55 Build Finished. 0 errors, 0 warnings. (took 445ms)

