11:13:57 **** Incremental Build of configuration Debug for project vrs_cvicenie_6 ****
make -j12 all 
arm-none-eabi-gcc "../Core/Src/main.c" -mcpu=cortex-m4 -std=gnu11 -g3 -DDEBUG -DSTM32F303x8 -DUSE_FULL_LL_DRIVER -DUSE_HAL_DRIVER -c -I../Core/Inc -I../Drivers/STM32F3xx_HAL_Driver/Inc -I../Drivers/CMSIS/Device/ST/STM32F3xx/Include -I../Drivers/CMSIS/Include -I../Drivers/STM32F3xx_HAL_Driver/Inc/Legacy -O0 -ffunction-sections -fdata-sections -Wall -fstack-usage -fcyclomatic-complexity -MMD -MP -MF"Core/Src/main.d" -MT"Core/Src/main.o" --specs=nano.specs -mfpu=fpv4-sp-d16 -mfloat-abi=hard -mthumb -o "Core/Src/main.o"
../Core/Src/main.c: In function 'main':
../Core/Src/main.c:115:9: warning: implicit declaration of function 'malloc' [-Wimplicit-function-declaration]
  115 |   str = malloc(32*sizeof(uint8_t));
      |         ^~~~~~
../Core/Src/main.c:33:1: note: include '<stdlib.h>' or provide a declaration of 'malloc'
   32 | #include "../Drivers/HTS221/hts221.h"
  +++ |+#include <stdlib.h>
   33 | /* Private includes ----------------------------------------------------------*/
../Core/Src/main.c:115:9: warning: incompatible implicit declaration of built-in function 'malloc' [-Wbuiltin-declaration-mismatch]
  115 |   str = malloc(32*sizeof(uint8_t));
      |         ^~~~~~
../Core/Src/main.c:115:9: note: include '<stdlib.h>' or provide a declaration of 'malloc'
../Core/Src/main.c:136:23: warning: pointer targets in passing argument 1 of 'sprintf' differ in signedness [-Wpointer-sign]
  136 |         len = sprintf(str, "%2.1f,%2.0f,%4.2f,%3.2f\n", temp,hum,press,alt);
      |                       ^~~
      |                       |
      |                       uint8_t * {aka unsigned char *}
In file included from ../Core/Src/main.c:28:
/opt/st/stm32cubeide_1.13.2/plugins/com.st.stm32cube.ide.mcu.externaltools.gnu-tools-for-stm32.11.3.rel1.linux64_1.1.1.202309131626/tools/arm-none-eabi/include/stdio.h:254:18: note: expected 'char * restrict' but argument is of type 'uint8_t *' {aka 'unsigned char *'}
  254 | int     sprintf (char *__restrict, const char *__restrict, ...)
      |                  ^
arm-none-eabi-gcc -o "vrs_cvicenie_6.elf" @"objects.list"   -mcpu=cortex-m4 -T"/home/laptop/school/VRS/vrs_cvicenie_6/STM32F303K8TX_FLASH.ld" --specs=nosys.specs -Wl,-Map="vrs_cvicenie_6.map" -Wl,--gc-sections -static --specs=nano.specs -mfpu=fpv4-sp-d16 -mfloat-abi=hard -mthumb -u _printf_float -Wl,--start-group -lc -lm -Wl,--end-group
Finished building target: vrs_cvicenie_6.elf
 
arm-none-eabi-size   vrs_cvicenie_6.elf 
arm-none-eabi-objdump -h -S  vrs_cvicenie_6.elf  > "vrs_cvicenie_6.list"
   text	   data	    bss	    dec	    hex	filename
  30624	    496	   2080	  33200	   81b0	vrs_cvicenie_6.elf
Finished building: default.size.stdout
 
Finished building: vrs_cvicenie_6.list
 

11:13:57 Build Finished. 0 errors, 3 warnings. (took 381ms)

