20:18:47 **** Incremental Build of configuration Debug for project vrs_cvicenie_4 ****
make -j12 all 
arm-none-eabi-gcc "../Src/sysmem.c" -mcpu=cortex-m4 -std=gnu11 -g3 -DEXTERNAL_CLOCK_VALUE=8000000 -DHSE_VALUE=8000000 -DHSE_STARTUP_TIMEOUT=100 -DDEBUG -DLSE_STARTUP_TIMEOUT=5000 -DLSE_VALUE=32768 -DVDD_VALUE=3300 -DLSI_VALUE=40000 -DHSI_VALUE=8000000 -DSTM32F303x8 -DUSE_FULL_LL_DRIVER -DPREFETCH_ENABLE=1 -DPOLLING=1 -c -I../Inc -I../Drivers/CMSIS/Include -I../Drivers/STM32F3xx_HAL_Driver/Inc -I../Drivers/CMSIS/Device/ST/STM32F3xx/Include -O0 -ffunction-sections -fdata-sections -Wall -fstack-usage -fcyclomatic-complexity -MMD -MP -MF"Src/sysmem.d" -MT"Src/sysmem.o" --specs=nano.specs -mfpu=fpv4-sp-d16 -mfloat-abi=hard -mthumb -o "Src/sysmem.o"
arm-none-eabi-gcc "../Drivers/STM32F3xx_HAL_Driver/Src/stm32f3xx_ll_usart.c" -mcpu=cortex-m4 -std=gnu11 -g3 -DEXTERNAL_CLOCK_VALUE=8000000 -DHSE_VALUE=8000000 -DHSE_STARTUP_TIMEOUT=100 -DDEBUG -DLSE_STARTUP_TIMEOUT=5000 -DLSE_VALUE=32768 -DVDD_VALUE=3300 -DLSI_VALUE=40000 -DHSI_VALUE=8000000 -DSTM32F303x8 -DUSE_FULL_LL_DRIVER -DPREFETCH_ENABLE=1 -DPOLLING=1 -c -I../Inc -I../Drivers/CMSIS/Include -I../Drivers/STM32F3xx_HAL_Driver/Inc -I../Drivers/CMSIS/Device/ST/STM32F3xx/Include -O0 -ffunction-sections -fdata-sections -Wall -fstack-usage -fcyclomatic-complexity -MMD -MP -MF"Drivers/STM32F3xx_HAL_Driver/Src/stm32f3xx_ll_usart.d" -MT"Drivers/STM32F3xx_HAL_Driver/Src/stm32f3xx_ll_usart.o" --specs=nano.specs -mfpu=fpv4-sp-d16 -mfloat-abi=hard -mthumb -o "Drivers/STM32F3xx_HAL_Driver/Src/stm32f3xx_ll_usart.o"
arm-none-eabi-gcc "../Drivers/STM32F3xx_HAL_Driver/Src/stm32f3xx_ll_utils.c" -mcpu=cortex-m4 -std=gnu11 -g3 -DEXTERNAL_CLOCK_VALUE=8000000 -DHSE_VALUE=8000000 -DHSE_STARTUP_TIMEOUT=100 -DDEBUG -DLSE_STARTUP_TIMEOUT=5000 -DLSE_VALUE=32768 -DVDD_VALUE=3300 -DLSI_VALUE=40000 -DHSI_VALUE=8000000 -DSTM32F303x8 -DUSE_FULL_LL_DRIVER -DPREFETCH_ENABLE=1 -DPOLLING=1 -c -I../Inc -I../Drivers/CMSIS/Include -I../Drivers/STM32F3xx_HAL_Driver/Inc -I../Drivers/CMSIS/Device/ST/STM32F3xx/Include -O0 -ffunction-sections -fdata-sections -Wall -fstack-usage -fcyclomatic-complexity -MMD -MP -MF"Drivers/STM32F3xx_HAL_Driver/Src/stm32f3xx_ll_utils.d" -MT"Drivers/STM32F3xx_HAL_Driver/Src/stm32f3xx_ll_utils.o" --specs=nano.specs -mfpu=fpv4-sp-d16 -mfloat-abi=hard -mthumb -o "Drivers/STM32F3xx_HAL_Driver/Src/stm32f3xx_ll_utils.o"
arm-none-eabi-gcc -o "vrs_cvicenie_4.elf" @"objects.list"   -mcpu=cortex-m4 -T"/home/laptop/school/VRS/vrs_cvicenie_4/STM32F303K8TX_FLASH.ld" --specs=nosys.specs -Wl,-Map="vrs_cvicenie_4.map" -Wl,--gc-sections -static --specs=nano.specs -mfpu=fpv4-sp-d16 -mfloat-abi=hard -mthumb -Wl,--start-group -lc -lm -Wl,--end-group
Finished building target: vrs_cvicenie_4.elf
 
arm-none-eabi-size   vrs_cvicenie_4.elf 
arm-none-eabi-objdump -h -S  vrs_cvicenie_4.elf  > "vrs_cvicenie_4.list"
   text	   data	    bss	    dec	    hex	filename
   6504	     12	   1820	   8336	   2090	vrs_cvicenie_4.elf
Finished building: default.size.stdout
 
Finished building: vrs_cvicenie_4.list
 

20:18:48 Build Finished. 0 errors, 0 warnings. (took 309ms)

