17:50:55 **** Build of configuration Debug for project vrs_cvicenie_1 ****
make -j12 all 
arm-none-eabi-gcc -o "vrs_cvicenie_1.elf" @"objects.list"   -mcpu=cortex-m4 -T"/home/laptop/school/VRS/vrs_cvicenie_1/STM32F303K8TX_FLASH.ld" --specs=nosys.specs -Wl,-Map="vrs_cvicenie_1.map" -Wl,--gc-sections -static --specs=nano.specs -mfpu=fpv4-sp-d16 -mfloat-abi=hard -mthumb -Wl,--start-group -lc -lm -Wl,--end-group
Finished building target: vrs_cvicenie_1.elf
 
arm-none-eabi-size   vrs_cvicenie_1.elf 
arm-none-eabi-objdump -h -S  vrs_cvicenie_1.elf  > "vrs_cvicenie_1.list"
   text	   data	    bss	    dec	    hex	filename
   1520	     12	   1564	   3096	    c18	vrs_cvicenie_1.elf
Finished building: default.size.stdout
 
Finished building: vrs_cvicenie_1.list
 

17:50:55 Build Finished. 0 errors, 0 warnings. (took 175ms)

